../Core/Src/sensors.c:9:6:writeToRegister	16	static
../Core/Src/sensors.c:16:8:sensor_init	240	static
../Core/Src/sensors.c:55:6:sensor_power_off	8	static
../Core/Src/sensors.c:60:6:sensor_power_on	8	static
../Core/Src/sensors.c:64:6:deactivateSCLR	8	static
../Core/Src/sensors.c:73:9:calc_crc	40	static
../Core/Src/sensors.c:99:6:registers_adr_config	16	static
../Core/Src/sensors.c:120:10:read_register	24	static
../Core/Src/sensors.c:181:10:registersAreSet	16	static
../Core/Src/sensors.c:190:6:read_test_reg	24	static
../Core/Src/sensors.c:203:6:device_config	24	static
../Core/Src/sensors.c:216:6:sensor_config	24	static
../Core/Src/sensors.c:232:6:system_config	24	static
../Core/Src/sensors.c:244:6:select_sensor	24	static
../Core/Src/sensors.c:252:6:deselect_sensor	16	static
../Core/Src/sensors.c:260:6:set_sh_reg_OE	16	static
../Core/Src/sensors.c:267:6:measuringLED	8	static
../Core/Src/sensors.c:272:6:errorLED	8	static
../Core/Src/sensors.c:278:6:statusLED	8	static
