18:13:48 **** Incremental Build of configuration Debug for project FW ****
make -j12 all 
arm-none-eabi-gcc "../Core/Src/main.c" -mcpu=cortex-m3 -std=gnu11 -g3 -DDEBUG -DUSE_HAL_DRIVER -DSTM32F103xE -c -I../Core/Inc -I../Drivers/STM32F1xx_HAL_Driver/Inc -I../Drivers/STM32F1xx_HAL_Driver/Inc/Legacy -I../Drivers/CMSIS/Device/ST/STM32F1xx/Include -I../Drivers/CMSIS/Include -O0 -ffunction-sections -fdata-sections -Wall -fstack-usage -fcyclomatic-complexity -MMD -MP -MF"Core/Src/main.d" -MT"Core/Src/main.o" --specs=nano.specs -mfloat-abi=soft -mthumb -o "Core/Src/main.o"
../Core/Src/main.c: In function 'main':
../Core/Src/main.c:73:18: warning: unused variable 'stat' [-Wunused-variable]
   73 |         uint16_t stat;
      |                  ^~~~
arm-none-eabi-gcc -o "FW.elf" @"objects.list"   -mcpu=cortex-m3 -T"C:\Users\sykojo\Documents\_electronics\hall_probe\FW\STM32F103RETX_FLASH.ld" --specs=nosys.specs -Wl,-Map="FW.map" -Wl,--gc-sections -static --specs=nano.specs -mfloat-abi=soft -mthumb -Wl,--start-group -lc -lm -Wl,--end-group
Finished building target: FW.elf
 
arm-none-eabi-size  FW.elf 
arm-none-eabi-objdump -h -S FW.elf  > "FW.list"
   text	   data	    bss	    dec	    hex	filename
  11508	     20	   2044	  13572	   3504	FW.elf
Finished building: default.size.stdout
 
Finished building: FW.list
 

18:13:48 Build Finished. 0 errors, 1 warnings. (took 714ms)

