17:57:23 **** Incremental Build of configuration Debug for project FW ****
make -j12 all 
arm-none-eabi-size  FW.elf 
   text	   data	    bss	    dec	    hex	filename
  15236	     20	   2132	  17388	   43ec	FW.elf
Finished building: default.size.stdout
 
17:57:26 **** Incremental Build of configuration Debug for project FW ****
make -j12 all 
arm-none-eabi-size  FW.elf 
   text	   data	    bss	    dec	    hex	filename
  15236	     20	   2132	  17388	   43ec	FW.elf
Finished building: default.size.stdout
 
17:58:26 **** Incremental Build of configuration Debug for project FW ****
make -j12 all 
arm-none-eabi-size  FW.elf 
   text	   data	    bss	    dec	    hex	filename
  15236	     20	   2132	  17388	   43ec	FW.elf
Finished building: default.size.stdout
 
17:59:04 **** Incremental Build of configuration Debug for project FW ****
make -j12 all 
arm-none-eabi-size  FW.elf 
   text	   data	    bss	    dec	    hex	filename
  15236	     20	   2132	  17388	   43ec	FW.elf
Finished building: default.size.stdout
 
18:04:10 **** Incremental Build of configuration Debug for project FW ****
make -j12 all 
arm-none-eabi-gcc "../Core/Src/main.c" -mcpu=cortex-m3 -std=gnu11 -g3 -DDEBUG -DUSE_HAL_DRIVER -DSTM32F103xE -c -I../Core/Inc -I../Drivers/STM32F1xx_HAL_Driver/Inc -I../Drivers/STM32F1xx_HAL_Driver/Inc/Legacy -I../Drivers/CMSIS/Device/ST/STM32F1xx/Include -I../Drivers/CMSIS/Include -O0 -ffunction-sections -fdata-sections -Wall -fstack-usage -fcyclomatic-complexity -MMD -MP -MF"Core/Src/main.d" -MT"Core/Src/main.o" --specs=nano.specs -mfloat-abi=soft -mthumb -o "Core/Src/main.o"
../Core/Src/main.c: In function 'main':
../Core/Src/main.c:150:39: warning: unused variable 'x_B_int' [-Wunused-variable]
  150 |                                   int x_B_int=(int)x_B;
      |                                       ^~~~~~~
arm-none-eabi-gcc -o "FW.elf" @"objects.list"   -mcpu=cortex-m3 -T"C:\Users\sykojo\Documents\_electronics\hall_probe\FW\STM32F103RETX_FLASH.ld" --specs=nosys.specs -Wl,-Map="FW.map" -Wl,--gc-sections -static --specs=nano.specs -mfloat-abi=soft -mthumb -Wl,--start-group -lc -lm -Wl,--end-group
Finished building target: FW.elf
 
arm-none-eabi-size  FW.elf 
arm-none-eabi-objdump -h -S FW.elf  > "FW.list"
   text	   data	    bss	    dec	    hex	filename
  15740	     20	   2132	  17892	   45e4	FW.elf
Finished building: default.size.stdout
 
Finished building: FW.list
 
18:16:56 **** Incremental Build of configuration Debug for project FW ****
make -j12 all 
arm-none-eabi-gcc "../Core/Src/main.c" -mcpu=cortex-m3 -std=gnu11 -g3 -DDEBUG -DUSE_HAL_DRIVER -DSTM32F103xE -c -I../Core/Inc -I../Drivers/STM32F1xx_HAL_Driver/Inc -I../Drivers/STM32F1xx_HAL_Driver/Inc/Legacy -I../Drivers/CMSIS/Device/ST/STM32F1xx/Include -I../Drivers/CMSIS/Include -O0 -ffunction-sections -fdata-sections -Wall -fstack-usage -fcyclomatic-complexity -MMD -MP -MF"Core/Src/main.d" -MT"Core/Src/main.o" --specs=nano.specs -mfloat-abi=soft -mthumb -o "Core/Src/main.o"
../Core/Src/main.c: In function 'main':
../Core/Src/main.c:150:39: warning: unused variable 'x_B_int' [-Wunused-variable]
  150 |                                   int x_B_int=(int)x_B;
      |                                       ^~~~~~~
arm-none-eabi-gcc -o "FW.elf" @"objects.list"   -mcpu=cortex-m3 -T"C:\Users\sykojo\Documents\_electronics\hall_probe\FW\STM32F103RETX_FLASH.ld" --specs=nosys.specs -Wl,-Map="FW.map" -Wl,--gc-sections -static --specs=nano.specs -mfloat-abi=soft -mthumb -Wl,--start-group -lc -lm -Wl,--end-group
Finished building target: FW.elf
 
arm-none-eabi-size  FW.elf 
arm-none-eabi-objdump -h -S FW.elf  > "FW.list"
   text	   data	    bss	    dec	    hex	filename
  15740	     20	   2132	  17892	   45e4	FW.elf
Finished building: default.size.stdout
 
Finished building: FW.list
 
18:23:26 **** Incremental Build of configuration Debug for project FW ****
make -j12 all 
arm-none-eabi-gcc "../Core/Src/main.c" -mcpu=cortex-m3 -std=gnu11 -g3 -DDEBUG -DUSE_HAL_DRIVER -DSTM32F103xE -c -I../Core/Inc -I../Drivers/STM32F1xx_HAL_Driver/Inc -I../Drivers/STM32F1xx_HAL_Driver/Inc/Legacy -I../Drivers/CMSIS/Device/ST/STM32F1xx/Include -I../Drivers/CMSIS/Include -O0 -ffunction-sections -fdata-sections -Wall -fstack-usage -fcyclomatic-complexity -MMD -MP -MF"Core/Src/main.d" -MT"Core/Src/main.o" --specs=nano.specs -mfloat-abi=soft -mthumb -o "Core/Src/main.o"
../Core/Src/main.c: In function 'main':
../Core/Src/main.c:150:39: warning: unused variable 'x_B_int' [-Wunused-variable]
  150 |                                   int x_B_int=(int)x_B;
      |                                       ^~~~~~~
arm-none-eabi-gcc -o "FW.elf" @"objects.list"   -mcpu=cortex-m3 -T"C:\Users\sykojo\Documents\_electronics\hall_probe\FW\STM32F103RETX_FLASH.ld" --specs=nosys.specs -Wl,-Map="FW.map" -Wl,--gc-sections -static --specs=nano.specs -mfloat-abi=soft -mthumb -Wl,--start-group -lc -lm -Wl,--end-group
Finished building target: FW.elf
 
arm-none-eabi-size  FW.elf 
arm-none-eabi-objdump -h -S FW.elf  > "FW.list"
   text	   data	    bss	    dec	    hex	filename
  15744	     20	   2132	  17896	   45e8	FW.elf
Finished building: default.size.stdout
 
Finished building: FW.list
 
18:26:42 **** Incremental Build of configuration Debug for project FW ****
make -j12 all 
arm-none-eabi-gcc "../Core/Src/main.c" -mcpu=cortex-m3 -std=gnu11 -g3 -DDEBUG -DUSE_HAL_DRIVER -DSTM32F103xE -c -I../Core/Inc -I../Drivers/STM32F1xx_HAL_Driver/Inc -I../Drivers/STM32F1xx_HAL_Driver/Inc/Legacy -I../Drivers/CMSIS/Device/ST/STM32F1xx/Include -I../Drivers/CMSIS/Include -O0 -ffunction-sections -fdata-sections -Wall -fstack-usage -fcyclomatic-complexity -MMD -MP -MF"Core/Src/main.d" -MT"Core/Src/main.o" --specs=nano.specs -mfloat-abi=soft -mthumb -o "Core/Src/main.o"
../Core/Src/main.c: In function 'main':
../Core/Src/main.c:150:39: warning: unused variable 'x_B_int' [-Wunused-variable]
  150 |                                   int x_B_int=(int)x_B;
      |                                       ^~~~~~~
arm-none-eabi-gcc -o "FW.elf" @"objects.list"   -mcpu=cortex-m3 -T"C:\Users\sykojo\Documents\_electronics\hall_probe\FW\STM32F103RETX_FLASH.ld" --specs=nosys.specs -Wl,-Map="FW.map" -Wl,--gc-sections -static --specs=nano.specs -mfloat-abi=soft -mthumb -Wl,--start-group -lc -lm -Wl,--end-group
Finished building target: FW.elf
 
arm-none-eabi-size  FW.elf 
arm-none-eabi-objdump -h -S FW.elf  > "FW.list"
   text	   data	    bss	    dec	    hex	filename
  15744	     20	   2132	  17896	   45e8	FW.elf
Finished building: default.size.stdout
 
Finished building: FW.list
 
18:27:29 **** Incremental Build of configuration Debug for project FW ****
make -j12 all 
arm-none-eabi-size  FW.elf 
   text	   data	    bss	    dec	    hex	filename
  15744	     20	   2132	  17896	   45e8	FW.elf
Finished building: default.size.stdout
 
18:31:02 **** Incremental Build of configuration Debug for project FW ****
make -j12 all 
arm-none-eabi-size  FW.elf 
   text	   data	    bss	    dec	    hex	filename
  15744	     20	   2132	  17896	   45e8	FW.elf
Finished building: default.size.stdout
 
