21:38:48 **** Incremental Build of configuration Debug for project FW ****
make -j12 all 
arm-none-eabi-size  FW.elf 
   text	   data	    bss	    dec	    hex	filename
  11604	     20	   2044	  13668	   3564	FW.elf
Finished building: default.size.stdout
 
21:38:52 **** Incremental Build of configuration Debug for project FW ****
make -j12 all 
arm-none-eabi-size  FW.elf 
   text	   data	    bss	    dec	    hex	filename
  11604	     20	   2044	  13668	   3564	FW.elf
Finished building: default.size.stdout
 
21:40:45 **** Incremental Build of configuration Debug for project FW ****
make -j12 all 
arm-none-eabi-gcc "../Core/Src/main.c" -mcpu=cortex-m3 -std=gnu11 -g3 -DDEBUG -DUSE_HAL_DRIVER -DSTM32F103xE -c -I../Core/Inc -I../Drivers/STM32F1xx_HAL_Driver/Inc -I../Drivers/STM32F1xx_HAL_Driver/Inc/Legacy -I../Drivers/CMSIS/Device/ST/STM32F1xx/Include -I../Drivers/CMSIS/Include -O0 -ffunction-sections -fdata-sections -Wall -fstack-usage -fcyclomatic-complexity -MMD -MP -MF"Core/Src/main.d" -MT"Core/Src/main.o" --specs=nano.specs -mfloat-abi=soft -mthumb -o "Core/Src/main.o"
../Core/Src/main.c: In function 'main':
../Core/Src/main.c:120:40: warning: passing argument 2 of 'calc_crc' from incompatible pointer type [-Wincompatible-pointer-types]
  120 |   crc_disable[3] = calc_crc(adress[0], &crc_disable[2]);
      |                                        ^~~~~~~~~~~~~~~
      |                                        |
      |                                        uint8_t * {aka unsigned char *}
In file included from ../Core/Inc/spi_handler.h:6,
                 from ../Core/Src/main.c:29:
../Core/Inc/sensors.h:101:45: note: expected 'uint16_t *' {aka 'short unsigned int *'} but argument is of type 'uint8_t *' {aka 'unsigned char *'}
  101 | uint8_t calc_crc(REGISTER_ADR adr,uint16_t* data);
      |                                   ~~~~~~~~~~^~~~
../Core/Src/main.c:118:12: warning: unused variable 'result' [-Wunused-variable]
  118 |   uint16_t result = reg_data[1] + reg_data[2];
      |            ^~~~~~
../Core/Src/main.c:73:18: warning: unused variable 'stat' [-Wunused-variable]
   73 |         uint16_t stat;
      |                  ^~~~
arm-none-eabi-gcc -o "FW.elf" @"objects.list"   -mcpu=cortex-m3 -T"C:\Users\sykojo\Documents\_electronics\hall_probe\FW\STM32F103RETX_FLASH.ld" --specs=nosys.specs -Wl,-Map="FW.map" -Wl,--gc-sections -static --specs=nano.specs -mfloat-abi=soft -mthumb -Wl,--start-group -lc -lm -Wl,--end-group
Finished building target: FW.elf
 
arm-none-eabi-size  FW.elf 
arm-none-eabi-objdump -h -S FW.elf  > "FW.list"
   text	   data	    bss	    dec	    hex	filename
  11604	     20	   2044	  13668	   3564	FW.elf
Finished building: default.size.stdout
 
Finished building: FW.list
 
21:43:18 **** Incremental Build of configuration Debug for project FW ****
make -j12 all 
arm-none-eabi-gcc "../Core/Src/main.c" -mcpu=cortex-m3 -std=gnu11 -g3 -DDEBUG -DUSE_HAL_DRIVER -DSTM32F103xE -c -I../Core/Inc -I../Drivers/STM32F1xx_HAL_Driver/Inc -I../Drivers/STM32F1xx_HAL_Driver/Inc/Legacy -I../Drivers/CMSIS/Device/ST/STM32F1xx/Include -I../Drivers/CMSIS/Include -O0 -ffunction-sections -fdata-sections -Wall -fstack-usage -fcyclomatic-complexity -MMD -MP -MF"Core/Src/main.d" -MT"Core/Src/main.o" --specs=nano.specs -mfloat-abi=soft -mthumb -o "Core/Src/main.o"
../Core/Src/main.c: In function 'main':
../Core/Src/main.c:120:40: warning: passing argument 2 of 'calc_crc' from incompatible pointer type [-Wincompatible-pointer-types]
  120 |   crc_disable[3] = calc_crc(adress[0], &crc_disable[2]);
      |                                        ^~~~~~~~~~~~~~~
      |                                        |
      |                                        uint8_t * {aka unsigned char *}
In file included from ../Core/Inc/spi_handler.h:6,
                 from ../Core/Src/main.c:29:
../Core/Inc/sensors.h:101:45: note: expected 'uint16_t *' {aka 'short unsigned int *'} but argument is of type 'uint8_t *' {aka 'unsigned char *'}
  101 | uint8_t calc_crc(REGISTER_ADR adr,uint16_t* data);
      |                                   ~~~~~~~~~~^~~~
../Core/Src/main.c:124:12: error: redefinition of 'result'
  124 |   uint16_t result = reg_data[1] + reg_data[2];
      |            ^~~~~~
../Core/Src/main.c:118:12: note: previous definition of 'result' with type 'uint16_t' {aka 'short unsigned int'}
  118 |   uint16_t result = reg_data[1] + reg_data[2];
      |            ^~~~~~
../Core/Src/main.c:124:12: warning: unused variable 'result' [-Wunused-variable]
  124 |   uint16_t result = reg_data[1] + reg_data[2];
      |            ^~~~~~
../Core/Src/main.c:73:18: warning: unused variable 'stat' [-Wunused-variable]
   73 |         uint16_t stat;
      |                  ^~~~
make: *** [Core/Src/subdir.mk:55: Core/Src/main.o] Error 1
"make -j12 all" terminated with exit code 2. Build might be incomplete.
21:43:36 **** Incremental Build of configuration Debug for project FW ****
make -j12 all 
arm-none-eabi-gcc "../Core/Src/main.c" -mcpu=cortex-m3 -std=gnu11 -g3 -DDEBUG -DUSE_HAL_DRIVER -DSTM32F103xE -c -I../Core/Inc -I../Drivers/STM32F1xx_HAL_Driver/Inc -I../Drivers/STM32F1xx_HAL_Driver/Inc/Legacy -I../Drivers/CMSIS/Device/ST/STM32F1xx/Include -I../Drivers/CMSIS/Include -O0 -ffunction-sections -fdata-sections -Wall -fstack-usage -fcyclomatic-complexity -MMD -MP -MF"Core/Src/main.d" -MT"Core/Src/main.o" --specs=nano.specs -mfloat-abi=soft -mthumb -o "Core/Src/main.o"
../Core/Src/main.c: In function 'main':
../Core/Src/main.c:120:40: warning: passing argument 2 of 'calc_crc' from incompatible pointer type [-Wincompatible-pointer-types]
  120 |   crc_disable[3] = calc_crc(adress[0], &crc_disable[2]);
      |                                        ^~~~~~~~~~~~~~~
      |                                        |
      |                                        uint8_t * {aka unsigned char *}
In file included from ../Core/Inc/spi_handler.h:6,
                 from ../Core/Src/main.c:29:
../Core/Inc/sensors.h:101:45: note: expected 'uint16_t *' {aka 'short unsigned int *'} but argument is of type 'uint8_t *' {aka 'unsigned char *'}
  101 | uint8_t calc_crc(REGISTER_ADR adr,uint16_t* data);
      |                                   ~~~~~~~~~~^~~~
../Core/Src/main.c:118:12: warning: variable 'result' set but not used [-Wunused-but-set-variable]
  118 |   uint16_t result = reg_data[1] + reg_data[2];
      |            ^~~~~~
../Core/Src/main.c:73:18: warning: unused variable 'stat' [-Wunused-variable]
   73 |         uint16_t stat;
      |                  ^~~~
arm-none-eabi-gcc -o "FW.elf" @"objects.list"   -mcpu=cortex-m3 -T"C:\Users\sykojo\Documents\_electronics\hall_probe\FW\STM32F103RETX_FLASH.ld" --specs=nosys.specs -Wl,-Map="FW.map" -Wl,--gc-sections -static --specs=nano.specs -mfloat-abi=soft -mthumb -Wl,--start-group -lc -lm -Wl,--end-group
Finished building target: FW.elf
 
arm-none-eabi-size  FW.elf 
arm-none-eabi-objdump -h -S FW.elf  > "FW.list"
   text	   data	    bss	    dec	    hex	filename
  11640	     20	   2044	  13704	   3588	FW.elf
Finished building: default.size.stdout
 
Finished building: FW.list
 
21:44:40 **** Incremental Build of configuration Debug for project FW ****
make -j12 all 
arm-none-eabi-gcc "../Core/Src/main.c" -mcpu=cortex-m3 -std=gnu11 -g3 -DDEBUG -DUSE_HAL_DRIVER -DSTM32F103xE -c -I../Core/Inc -I../Drivers/STM32F1xx_HAL_Driver/Inc -I../Drivers/STM32F1xx_HAL_Driver/Inc/Legacy -I../Drivers/CMSIS/Device/ST/STM32F1xx/Include -I../Drivers/CMSIS/Include -O0 -ffunction-sections -fdata-sections -Wall -fstack-usage -fcyclomatic-complexity -MMD -MP -MF"Core/Src/main.d" -MT"Core/Src/main.o" --specs=nano.specs -mfloat-abi=soft -mthumb -o "Core/Src/main.o"
../Core/Src/main.c: In function 'main':
../Core/Src/main.c:120:40: warning: passing argument 2 of 'calc_crc' from incompatible pointer type [-Wincompatible-pointer-types]
  120 |   crc_disable[3] = calc_crc(adress[0], &crc_disable[2]);
      |                                        ^~~~~~~~~~~~~~~
      |                                        |
      |                                        uint8_t * {aka unsigned char *}
In file included from ../Core/Inc/spi_handler.h:6,
                 from ../Core/Src/main.c:29:
../Core/Inc/sensors.h:101:45: note: expected 'uint16_t *' {aka 'short unsigned int *'} but argument is of type 'uint8_t *' {aka 'unsigned char *'}
  101 | uint8_t calc_crc(REGISTER_ADR adr,uint16_t* data);
      |                                   ~~~~~~~~~~^~~~
../Core/Src/main.c:118:12: warning: variable 'result' set but not used [-Wunused-but-set-variable]
  118 |   uint16_t result = reg_data[1] + reg_data[2];
      |            ^~~~~~
../Core/Src/main.c:73:18: warning: unused variable 'stat' [-Wunused-variable]
   73 |         uint16_t stat;
      |                  ^~~~
arm-none-eabi-gcc -o "FW.elf" @"objects.list"   -mcpu=cortex-m3 -T"C:\Users\sykojo\Documents\_electronics\hall_probe\FW\STM32F103RETX_FLASH.ld" --specs=nosys.specs -Wl,-Map="FW.map" -Wl,--gc-sections -static --specs=nano.specs -mfloat-abi=soft -mthumb -Wl,--start-group -lc -lm -Wl,--end-group
Finished building target: FW.elf
 
arm-none-eabi-size  FW.elf 
arm-none-eabi-objdump -h -S FW.elf  > "FW.list"
   text	   data	    bss	    dec	    hex	filename
  11640	     20	   2044	  13704	   3588	FW.elf
Finished building: default.size.stdout
 
Finished building: FW.list
 
16:32:11 **** Build of configuration Debug for project FW ****
make -j12 all 
arm-none-eabi-gcc "../Core/Src/main.c" -mcpu=cortex-m3 -std=gnu11 -g3 -DDEBUG -DUSE_HAL_DRIVER -DSTM32F103xE -c -I../Core/Inc -I../Drivers/STM32F1xx_HAL_Driver/Inc -I../Drivers/STM32F1xx_HAL_Driver/Inc/Legacy -I../Drivers/CMSIS/Device/ST/STM32F1xx/Include -I../Drivers/CMSIS/Include -O0 -ffunction-sections -fdata-sections -Wall -fstack-usage -fcyclomatic-complexity -MMD -MP -MF"Core/Src/main.d" -MT"Core/Src/main.o" --specs=nano.specs -mfloat-abi=soft -mthumb -o "Core/Src/main.o"
arm-none-eabi-gcc "../Core/Src/sensors.c" -mcpu=cortex-m3 -std=gnu11 -g3 -DDEBUG -DUSE_HAL_DRIVER -DSTM32F103xE -c -I../Core/Inc -I../Drivers/STM32F1xx_HAL_Driver/Inc -I../Drivers/STM32F1xx_HAL_Driver/Inc/Legacy -I../Drivers/CMSIS/Device/ST/STM32F1xx/Include -I../Drivers/CMSIS/Include -O0 -ffunction-sections -fdata-sections -Wall -fstack-usage -fcyclomatic-complexity -MMD -MP -MF"Core/Src/sensors.d" -MT"Core/Src/sensors.o" --specs=nano.specs -mfloat-abi=soft -mthumb -o "Core/Src/sensors.o"
arm-none-eabi-gcc "../Core/Src/spi.c" -mcpu=cortex-m3 -std=gnu11 -g3 -DDEBUG -DUSE_HAL_DRIVER -DSTM32F103xE -c -I../Core/Inc -I../Drivers/STM32F1xx_HAL_Driver/Inc -I../Drivers/STM32F1xx_HAL_Driver/Inc/Legacy -I../Drivers/CMSIS/Device/ST/STM32F1xx/Include -I../Drivers/CMSIS/Include -O0 -ffunction-sections -fdata-sections -Wall -fstack-usage -fcyclomatic-complexity -MMD -MP -MF"Core/Src/spi.d" -MT"Core/Src/spi.o" --specs=nano.specs -mfloat-abi=soft -mthumb -o "Core/Src/spi.o"
../Core/Src/main.c: In function 'main':
../Core/Src/main.c:120:40: warning: passing argument 2 of 'calc_crc' from incompatible pointer type [-Wincompatible-pointer-types]
  120 |   crc_disable[3] = calc_crc(adress[0], &crc_disable[2]);
      |                                        ^~~~~~~~~~~~~~~
      |                                        |
      |                                        uint8_t * {aka unsigned char *}
In file included from ../Core/Inc/spi_handler.h:6,
                 from ../Core/Src/main.c:29:
../Core/Inc/sensors.h:101:45: note: expected 'uint16_t *' {aka 'short unsigned int *'} but argument is of type 'uint8_t *' {aka 'unsigned char *'}
  101 | uint8_t calc_crc(REGISTER_ADR adr,uint16_t* data);
      |                                   ~~~~~~~~~~^~~~
../Core/Src/main.c:118:12: warning: variable 'result' set but not used [-Wunused-but-set-variable]
  118 |   uint16_t result = reg_data[1] + reg_data[2];
      |            ^~~~~~
../Core/Src/main.c:73:18: warning: unused variable 'stat' [-Wunused-variable]
   73 |         uint16_t stat;
      |                  ^~~~
arm-none-eabi-gcc -o "FW.elf" @"objects.list"   -mcpu=cortex-m3 -T"C:\Users\sykojo\Documents\_electronics\hall_probe\FW\STM32F103RETX_FLASH.ld" --specs=nosys.specs -Wl,-Map="FW.map" -Wl,--gc-sections -static --specs=nano.specs -mfloat-abi=soft -mthumb -Wl,--start-group -lc -lm -Wl,--end-group
Finished building target: FW.elf
 
arm-none-eabi-size  FW.elf 
arm-none-eabi-objdump -h -S FW.elf  > "FW.list"
   text	   data	    bss	    dec	    hex	filename
  11604	     20	   2044	  13668	   3564	FW.elf
Finished building: default.size.stdout
 
Finished building: FW.list
 
16:33:59 **** Clean-only build of configuration Debug for project FW ****
make -j12 clean 
rm -rf ./Drivers/STM32F1xx_HAL_Driver/Src/stm32f1xx_hal.cyclo ./Drivers/STM32F1xx_HAL_Driver/Src/stm32f1xx_hal.d ./Drivers/STM32F1xx_HAL_Driver/Src/stm32f1xx_hal.o ./Drivers/STM32F1xx_HAL_Driver/Src/stm32f1xx_hal.su ./Drivers/STM32F1xx_HAL_Driver/Src/stm32f1xx_hal_cortex.cyclo ./Drivers/STM32F1xx_HAL_Driver/Src/stm32f1xx_hal_cortex.d ./Drivers/STM32F1xx_HAL_Driver/Src/stm32f1xx_hal_cortex.o ./Drivers/STM32F1xx_HAL_Driver/Src/stm32f1xx_hal_cortex.su ./Drivers/STM32F1xx_HAL_Driver/Src/stm32f1xx_hal_dma.cyclo ./Drivers/STM32F1xx_HAL_Driver/Src/stm32f1xx_hal_dma.d ./Drivers/STM32F1xx_HAL_Driver/Src/stm32f1xx_hal_dma.o ./Drivers/STM32F1xx_HAL_Driver/Src/stm32f1xx_hal_dma.su ./Drivers/STM32F1xx_HAL_Driver/Src/stm32f1xx_hal_exti.cyclo ./Drivers/STM32F1xx_HAL_Driver/Src/stm32f1xx_hal_exti.d ./Drivers/STM32F1xx_HAL_Driver/Src/stm32f1xx_hal_exti.o ./Drivers/STM32F1xx_HAL_Driver/Src/stm32f1xx_hal_exti.su ./Drivers/STM32F1xx_HAL_Driver/Src/stm32f1xx_hal_flash.cyclo ./Drivers/STM32F1xx_HAL_Driver/Src/stm32f1xx_hal_flash.d ./Drivers/STM32F1xx_HAL_Driver/Src/stm32f1xx_hal_flash.o ./Drivers/STM32F1xx_HAL_Driver/Src/stm32f1xx_hal_flash.su ./Drivers/STM32F1xx_HAL_Driver/Src/stm32f1xx_hal_flash_ex.cyclo ./Drivers/STM32F1xx_HAL_Driver/Src/stm32f1xx_hal_flash_ex.d ./Drivers/STM32F1xx_HAL_Driver/Src/stm32f1xx_hal_flash_ex.o ./Drivers/STM32F1xx_HAL_Driver/Src/stm32f1xx_hal_flash_ex.su ./Drivers/STM32F1xx_HAL_Driver/Src/stm32f1xx_hal_gpio.cyclo ./Drivers/STM32F1xx_HAL_Driver/Src/stm32f1xx_hal_gpio.d ./Drivers/STM32F1xx_HAL_Driver/Src/stm32f1xx_hal_gpio.o ./Drivers/STM32F1xx_HAL_Driver/Src/stm32f1xx_hal_gpio.su ./Drivers/STM32F1xx_HAL_Driver/Src/stm32f1xx_hal_gpio_ex.cyclo ./Drivers/STM32F1xx_HAL_Driver/Src/stm32f1xx_hal_gpio_ex.d ./Drivers/STM32F1xx_HAL_Driver/Src/stm32f1xx_hal_gpio_ex.o ./Drivers/STM32F1xx_HAL_Driver/Src/stm32f1xx_hal_gpio_ex.su ./Drivers/STM32F1xx_HAL_Driver/Src/stm32f1xx_hal_i2c.cyclo ./Drivers/STM32F1xx_HAL_Driver/Src/stm32f1xx_hal_i2c.d ./Drivers/STM32F1xx_HAL_Driver/Src/stm32f1xx_hal_i2c.o ./Drivers/STM32F1xx_HAL_Driver/Src/stm32f1xx_hal_i2c.su ./Drivers/STM32F1xx_HAL_Driver/Src/stm32f1xx_hal_pwr.cyclo ./Drivers/STM32F1xx_HAL_Driver/Src/stm32f1xx_hal_pwr.d ./Drivers/STM32F1xx_HAL_Driver/Src/stm32f1xx_hal_pwr.o ./Drivers/STM32F1xx_HAL_Driver/Src/stm32f1xx_hal_pwr.su ./Drivers/STM32F1xx_HAL_Driver/Src/stm32f1xx_hal_rcc.cyclo ./Drivers/STM32F1xx_HAL_Driver/Src/stm32f1xx_hal_rcc.d ./Drivers/STM32F1xx_HAL_Driver/Src/stm32f1xx_hal_rcc.o ./Drivers/STM32F1xx_HAL_Driver/Src/stm32f1xx_hal_rcc.su ./Drivers/STM32F1xx_HAL_Driver/Src/stm32f1xx_hal_rcc_ex.cyclo ./Drivers/STM32F1xx_HAL_Driver/Src/stm32f1xx_hal_rcc_ex.d ./Drivers/STM32F1xx_HAL_Driver/Src/stm32f1xx_hal_rcc_ex.o ./Drivers/STM32F1xx_HAL_Driver/Src/stm32f1xx_hal_rcc_ex.su ./Drivers/STM32F1xx_HAL_Driver/Src/stm32f1xx_hal_spi.cyclo ./Drivers/STM32F1xx_HAL_Driver/Src/stm32f1xx_hal_spi.d ./Drivers/STM32F1xx_HAL_Driver/Src/stm32f1xx_hal_spi.o ./Drivers/STM32F1xx_HAL_Driver/Src/stm32f1xx_hal_spi.su ./Drivers/STM32F1xx_HAL_Driver/Src/stm32f1xx_hal_tim.cyclo ./Drivers/STM32F1xx_HAL_Driver/Src/stm32f1xx_hal_tim.d ./Drivers/STM32F1xx_HAL_Driver/Src/stm32f1xx_hal_tim.o ./Drivers/STM32F1xx_HAL_Driver/Src/stm32f1xx_hal_tim.su ./Drivers/STM32F1xx_HAL_Driver/Src/stm32f1xx_hal_tim_ex.cyclo ./Drivers/STM32F1xx_HAL_Driver/Src/stm32f1xx_hal_tim_ex.d ./Drivers/STM32F1xx_HAL_Driver/Src/stm32f1xx_hal_tim_ex.o ./Drivers/STM32F1xx_HAL_Driver/Src/stm32f1xx_hal_tim_ex.su ./Drivers/STM32F1xx_HAL_Driver/Src/stm32f1xx_hal_uart.cyclo ./Drivers/STM32F1xx_HAL_Driver/Src/stm32f1xx_hal_uart.d ./Drivers/STM32F1xx_HAL_Driver/Src/stm32f1xx_hal_uart.o ./Drivers/STM32F1xx_HAL_Driver/Src/stm32f1xx_hal_uart.su
rm -rf ./Core/Startup/startup_stm32f103retx.d ./Core/Startup/startup_stm32f103retx.o
rm -rf ./Core/Src/dma.cyclo ./Core/Src/dma.d ./Core/Src/dma.o ./Core/Src/dma.su ./Core/Src/gpio.cyclo ./Core/Src/gpio.d ./Core/Src/gpio.o ./Core/Src/gpio.su ./Core/Src/i2c.cyclo ./Core/Src/i2c.d ./Core/Src/i2c.o ./Core/Src/i2c.su ./Core/Src/main.cyclo ./Core/Src/main.d ./Core/Src/main.o ./Core/Src/main.su ./Core/Src/sensors.cyclo ./Core/Src/sensors.d ./Core/Src/sensors.o ./Core/Src/sensors.su ./Core/Src/spi.cyclo ./Core/Src/spi.d ./Core/Src/spi.o ./Core/Src/spi.su ./Core/Src/spi_handler.cyclo ./Core/Src/spi_handler.d ./Core/Src/spi_handler.o ./Core/Src/spi_handler.su ./Core/Src/stm32f1xx_hal_msp.cyclo ./Core/Src/stm32f1xx_hal_msp.d ./Core/Src/stm32f1xx_hal_msp.o ./Core/Src/stm32f1xx_hal_msp.su ./Core/Src/stm32f1xx_it.cyclo ./Core/Src/stm32f1xx_it.d ./Core/Src/stm32f1xx_it.o ./Core/Src/stm32f1xx_it.su ./Core/Src/syscalls.cyclo ./Core/Src/syscalls.d ./Core/Src/syscalls.o ./Core/Src/syscalls.su ./Core/Src/sysmem.cyclo ./Core/Src/sysmem.d ./Core/Src/sysmem.o ./Core/Src/sysmem.su ./Core/Src/system_stm32f1xx.cyclo ./Core/Src/system_stm32f1xx.d ./Core/Src/system_stm32f1xx.o ./Core/Src/system_stm32f1xx.su ./Core/Src/usart.cyclo ./Core/Src/usart.d ./Core/Src/usart.o ./Core/Src/usart.su
rm -rf FW.elf FW.list FW.map default.size.stdout
rm: can't remove 'FW.elf': Permission denied
make: [makefile:80: clean] Error 1 (ignored)
 
16:33:59 **** Build of configuration Debug for project FW ****
make -j12 all 
arm-none-eabi-gcc "../Drivers/STM32F1xx_HAL_Driver/Src/stm32f1xx_hal.c" -mcpu=cortex-m3 -std=gnu11 -g3 -DDEBUG -DUSE_HAL_DRIVER -DSTM32F103xE -c -I../Core/Inc -I../Drivers/STM32F1xx_HAL_Driver/Inc -I../Drivers/STM32F1xx_HAL_Driver/Inc/Legacy -I../Drivers/CMSIS/Device/ST/STM32F1xx/Include -I../Drivers/CMSIS/Include -O0 -ffunction-sections -fdata-sections -Wall -fstack-usage -fcyclomatic-complexity -MMD -MP -MF"Drivers/STM32F1xx_HAL_Driver/Src/stm32f1xx_hal.d" -MT"Drivers/STM32F1xx_HAL_Driver/Src/stm32f1xx_hal.o" --specs=nano.specs -mfloat-abi=soft -mthumb -o "Drivers/STM32F1xx_HAL_Driver/Src/stm32f1xx_hal.o"
arm-none-eabi-gcc "../Drivers/STM32F1xx_HAL_Driver/Src/stm32f1xx_hal_cortex.c" -mcpu=cortex-m3 -std=gnu11 -g3 -DDEBUG -DUSE_HAL_DRIVER -DSTM32F103xE -c -I../Core/Inc -I../Drivers/STM32F1xx_HAL_Driver/Inc -I../Drivers/STM32F1xx_HAL_Driver/Inc/Legacy -I../Drivers/CMSIS/Device/ST/STM32F1xx/Include -I../Drivers/CMSIS/Include -O0 -ffunction-sections -fdata-sections -Wall -fstack-usage -fcyclomatic-complexity -MMD -MP -MF"Drivers/STM32F1xx_HAL_Driver/Src/stm32f1xx_hal_cortex.d" -MT"Drivers/STM32F1xx_HAL_Driver/Src/stm32f1xx_hal_cortex.o" --specs=nano.specs -mfloat-abi=soft -mthumb -o "Drivers/STM32F1xx_HAL_Driver/Src/stm32f1xx_hal_cortex.o"
arm-none-eabi-gcc "../Drivers/STM32F1xx_HAL_Driver/Src/stm32f1xx_hal_dma.c" -mcpu=cortex-m3 -std=gnu11 -g3 -DDEBUG -DUSE_HAL_DRIVER -DSTM32F103xE -c -I../Core/Inc -I../Drivers/STM32F1xx_HAL_Driver/Inc -I../Drivers/STM32F1xx_HAL_Driver/Inc/Legacy -I../Drivers/CMSIS/Device/ST/STM32F1xx/Include -I../Drivers/CMSIS/Include -O0 -ffunction-sections -fdata-sections -Wall -fstack-usage -fcyclomatic-complexity -MMD -MP -MF"Drivers/STM32F1xx_HAL_Driver/Src/stm32f1xx_hal_dma.d" -MT"Drivers/STM32F1xx_HAL_Driver/Src/stm32f1xx_hal_dma.o" --specs=nano.specs -mfloat-abi=soft -mthumb -o "Drivers/STM32F1xx_HAL_Driver/Src/stm32f1xx_hal_dma.o"
arm-none-eabi-gcc "../Drivers/STM32F1xx_HAL_Driver/Src/stm32f1xx_hal_exti.c" -mcpu=cortex-m3 -std=gnu11 -g3 -DDEBUG -DUSE_HAL_DRIVER -DSTM32F103xE -c -I../Core/Inc -I../Drivers/STM32F1xx_HAL_Driver/Inc -I../Drivers/STM32F1xx_HAL_Driver/Inc/Legacy -I../Drivers/CMSIS/Device/ST/STM32F1xx/Include -I../Drivers/CMSIS/Include -O0 -ffunction-sections -fdata-sections -Wall -fstack-usage -fcyclomatic-complexity -MMD -MP -MF"Drivers/STM32F1xx_HAL_Driver/Src/stm32f1xx_hal_exti.d" -MT"Drivers/STM32F1xx_HAL_Driver/Src/stm32f1xx_hal_exti.o" --specs=nano.specs -mfloat-abi=soft -mthumb -o "Drivers/STM32F1xx_HAL_Driver/Src/stm32f1xx_hal_exti.o"
arm-none-eabi-gcc "../Drivers/STM32F1xx_HAL_Driver/Src/stm32f1xx_hal_flash.c" -mcpu=cortex-m3 -std=gnu11 -g3 -DDEBUG -DUSE_HAL_DRIVER -DSTM32F103xE -c -I../Core/Inc -I../Drivers/STM32F1xx_HAL_Driver/Inc -I../Drivers/STM32F1xx_HAL_Driver/Inc/Legacy -I../Drivers/CMSIS/Device/ST/STM32F1xx/Include -I../Drivers/CMSIS/Include -O0 -ffunction-sections -fdata-sections -Wall -fstack-usage -fcyclomatic-complexity -MMD -MP -MF"Drivers/STM32F1xx_HAL_Driver/Src/stm32f1xx_hal_flash.d" -MT"Drivers/STM32F1xx_HAL_Driver/Src/stm32f1xx_hal_flash.o" --specs=nano.specs -mfloat-abi=soft -mthumb -o "Drivers/STM32F1xx_HAL_Driver/Src/stm32f1xx_hal_flash.o"
arm-none-eabi-gcc "../Drivers/STM32F1xx_HAL_Driver/Src/stm32f1xx_hal_flash_ex.c" -mcpu=cortex-m3 -std=gnu11 -g3 -DDEBUG -DUSE_HAL_DRIVER -DSTM32F103xE -c -I../Core/Inc -I../Drivers/STM32F1xx_HAL_Driver/Inc -I../Drivers/STM32F1xx_HAL_Driver/Inc/Legacy -I../Drivers/CMSIS/Device/ST/STM32F1xx/Include -I../Drivers/CMSIS/Include -O0 -ffunction-sections -fdata-sections -Wall -fstack-usage -fcyclomatic-complexity -MMD -MP -MF"Drivers/STM32F1xx_HAL_Driver/Src/stm32f1xx_hal_flash_ex.d" -MT"Drivers/STM32F1xx_HAL_Driver/Src/stm32f1xx_hal_flash_ex.o" --specs=nano.specs -mfloat-abi=soft -mthumb -o "Drivers/STM32F1xx_HAL_Driver/Src/stm32f1xx_hal_flash_ex.o"
arm-none-eabi-gcc "../Drivers/STM32F1xx_HAL_Driver/Src/stm32f1xx_hal_gpio.c" -mcpu=cortex-m3 -std=gnu11 -g3 -DDEBUG -DUSE_HAL_DRIVER -DSTM32F103xE -c -I../Core/Inc -I../Drivers/STM32F1xx_HAL_Driver/Inc -I../Drivers/STM32F1xx_HAL_Driver/Inc/Legacy -I../Drivers/CMSIS/Device/ST/STM32F1xx/Include -I../Drivers/CMSIS/Include -O0 -ffunction-sections -fdata-sections -Wall -fstack-usage -fcyclomatic-complexity -MMD -MP -MF"Drivers/STM32F1xx_HAL_Driver/Src/stm32f1xx_hal_gpio.d" -MT"Drivers/STM32F1xx_HAL_Driver/Src/stm32f1xx_hal_gpio.o" --specs=nano.specs -mfloat-abi=soft -mthumb -o "Drivers/STM32F1xx_HAL_Driver/Src/stm32f1xx_hal_gpio.o"
arm-none-eabi-gcc "../Drivers/STM32F1xx_HAL_Driver/Src/stm32f1xx_hal_gpio_ex.c" -mcpu=cortex-m3 -std=gnu11 -g3 -DDEBUG -DUSE_HAL_DRIVER -DSTM32F103xE -c -I../Core/Inc -I../Drivers/STM32F1xx_HAL_Driver/Inc -I../Drivers/STM32F1xx_HAL_Driver/Inc/Legacy -I../Drivers/CMSIS/Device/ST/STM32F1xx/Include -I../Drivers/CMSIS/Include -O0 -ffunction-sections -fdata-sections -Wall -fstack-usage -fcyclomatic-complexity -MMD -MP -MF"Drivers/STM32F1xx_HAL_Driver/Src/stm32f1xx_hal_gpio_ex.d" -MT"Drivers/STM32F1xx_HAL_Driver/Src/stm32f1xx_hal_gpio_ex.o" --specs=nano.specs -mfloat-abi=soft -mthumb -o "Drivers/STM32F1xx_HAL_Driver/Src/stm32f1xx_hal_gpio_ex.o"
arm-none-eabi-gcc "../Drivers/STM32F1xx_HAL_Driver/Src/stm32f1xx_hal_i2c.c" -mcpu=cortex-m3 -std=gnu11 -g3 -DDEBUG -DUSE_HAL_DRIVER -DSTM32F103xE -c -I../Core/Inc -I../Drivers/STM32F1xx_HAL_Driver/Inc -I../Drivers/STM32F1xx_HAL_Driver/Inc/Legacy -I../Drivers/CMSIS/Device/ST/STM32F1xx/Include -I../Drivers/CMSIS/Include -O0 -ffunction-sections -fdata-sections -Wall -fstack-usage -fcyclomatic-complexity -MMD -MP -MF"Drivers/STM32F1xx_HAL_Driver/Src/stm32f1xx_hal_i2c.d" -MT"Drivers/STM32F1xx_HAL_Driver/Src/stm32f1xx_hal_i2c.o" --specs=nano.specs -mfloat-abi=soft -mthumb -o "Drivers/STM32F1xx_HAL_Driver/Src/stm32f1xx_hal_i2c.o"
arm-none-eabi-gcc "../Drivers/STM32F1xx_HAL_Driver/Src/stm32f1xx_hal_pwr.c" -mcpu=cortex-m3 -std=gnu11 -g3 -DDEBUG -DUSE_HAL_DRIVER -DSTM32F103xE -c -I../Core/Inc -I../Drivers/STM32F1xx_HAL_Driver/Inc -I../Drivers/STM32F1xx_HAL_Driver/Inc/Legacy -I../Drivers/CMSIS/Device/ST/STM32F1xx/Include -I../Drivers/CMSIS/Include -O0 -ffunction-sections -fdata-sections -Wall -fstack-usage -fcyclomatic-complexity -MMD -MP -MF"Drivers/STM32F1xx_HAL_Driver/Src/stm32f1xx_hal_pwr.d" -MT"Drivers/STM32F1xx_HAL_Driver/Src/stm32f1xx_hal_pwr.o" --specs=nano.specs -mfloat-abi=soft -mthumb -o "Drivers/STM32F1xx_HAL_Driver/Src/stm32f1xx_hal_pwr.o"
arm-none-eabi-gcc "../Drivers/STM32F1xx_HAL_Driver/Src/stm32f1xx_hal_rcc.c" -mcpu=cortex-m3 -std=gnu11 -g3 -DDEBUG -DUSE_HAL_DRIVER -DSTM32F103xE -c -I../Core/Inc -I../Drivers/STM32F1xx_HAL_Driver/Inc -I../Drivers/STM32F1xx_HAL_Driver/Inc/Legacy -I../Drivers/CMSIS/Device/ST/STM32F1xx/Include -I../Drivers/CMSIS/Include -O0 -ffunction-sections -fdata-sections -Wall -fstack-usage -fcyclomatic-complexity -MMD -MP -MF"Drivers/STM32F1xx_HAL_Driver/Src/stm32f1xx_hal_rcc.d" -MT"Drivers/STM32F1xx_HAL_Driver/Src/stm32f1xx_hal_rcc.o" --specs=nano.specs -mfloat-abi=soft -mthumb -o "Drivers/STM32F1xx_HAL_Driver/Src/stm32f1xx_hal_rcc.o"
arm-none-eabi-gcc "../Drivers/STM32F1xx_HAL_Driver/Src/stm32f1xx_hal_rcc_ex.c" -mcpu=cortex-m3 -std=gnu11 -g3 -DDEBUG -DUSE_HAL_DRIVER -DSTM32F103xE -c -I../Core/Inc -I../Drivers/STM32F1xx_HAL_Driver/Inc -I../Drivers/STM32F1xx_HAL_Driver/Inc/Legacy -I../Drivers/CMSIS/Device/ST/STM32F1xx/Include -I../Drivers/CMSIS/Include -O0 -ffunction-sections -fdata-sections -Wall -fstack-usage -fcyclomatic-complexity -MMD -MP -MF"Drivers/STM32F1xx_HAL_Driver/Src/stm32f1xx_hal_rcc_ex.d" -MT"Drivers/STM32F1xx_HAL_Driver/Src/stm32f1xx_hal_rcc_ex.o" --specs=nano.specs -mfloat-abi=soft -mthumb -o "Drivers/STM32F1xx_HAL_Driver/Src/stm32f1xx_hal_rcc_ex.o"
arm-none-eabi-gcc "../Drivers/STM32F1xx_HAL_Driver/Src/stm32f1xx_hal_spi.c" -mcpu=cortex-m3 -std=gnu11 -g3 -DDEBUG -DUSE_HAL_DRIVER -DSTM32F103xE -c -I../Core/Inc -I../Drivers/STM32F1xx_HAL_Driver/Inc -I../Drivers/STM32F1xx_HAL_Driver/Inc/Legacy -I../Drivers/CMSIS/Device/ST/STM32F1xx/Include -I../Drivers/CMSIS/Include -O0 -ffunction-sections -fdata-sections -Wall -fstack-usage -fcyclomatic-complexity -MMD -MP -MF"Drivers/STM32F1xx_HAL_Driver/Src/stm32f1xx_hal_spi.d" -MT"Drivers/STM32F1xx_HAL_Driver/Src/stm32f1xx_hal_spi.o" --specs=nano.specs -mfloat-abi=soft -mthumb -o "Drivers/STM32F1xx_HAL_Driver/Src/stm32f1xx_hal_spi.o"
arm-none-eabi-gcc "../Drivers/STM32F1xx_HAL_Driver/Src/stm32f1xx_hal_tim.c" -mcpu=cortex-m3 -std=gnu11 -g3 -DDEBUG -DUSE_HAL_DRIVER -DSTM32F103xE -c -I../Core/Inc -I../Drivers/STM32F1xx_HAL_Driver/Inc -I../Drivers/STM32F1xx_HAL_Driver/Inc/Legacy -I../Drivers/CMSIS/Device/ST/STM32F1xx/Include -I../Drivers/CMSIS/Include -O0 -ffunction-sections -fdata-sections -Wall -fstack-usage -fcyclomatic-complexity -MMD -MP -MF"Drivers/STM32F1xx_HAL_Driver/Src/stm32f1xx_hal_tim.d" -MT"Drivers/STM32F1xx_HAL_Driver/Src/stm32f1xx_hal_tim.o" --specs=nano.specs -mfloat-abi=soft -mthumb -o "Drivers/STM32F1xx_HAL_Driver/Src/stm32f1xx_hal_tim.o"
arm-none-eabi-gcc "../Drivers/STM32F1xx_HAL_Driver/Src/stm32f1xx_hal_tim_ex.c" -mcpu=cortex-m3 -std=gnu11 -g3 -DDEBUG -DUSE_HAL_DRIVER -DSTM32F103xE -c -I../Core/Inc -I../Drivers/STM32F1xx_HAL_Driver/Inc -I../Drivers/STM32F1xx_HAL_Driver/Inc/Legacy -I../Drivers/CMSIS/Device/ST/STM32F1xx/Include -I../Drivers/CMSIS/Include -O0 -ffunction-sections -fdata-sections -Wall -fstack-usage -fcyclomatic-complexity -MMD -MP -MF"Drivers/STM32F1xx_HAL_Driver/Src/stm32f1xx_hal_tim_ex.d" -MT"Drivers/STM32F1xx_HAL_Driver/Src/stm32f1xx_hal_tim_ex.o" --specs=nano.specs -mfloat-abi=soft -mthumb -o "Drivers/STM32F1xx_HAL_Driver/Src/stm32f1xx_hal_tim_ex.o"
arm-none-eabi-gcc "../Drivers/STM32F1xx_HAL_Driver/Src/stm32f1xx_hal_uart.c" -mcpu=cortex-m3 -std=gnu11 -g3 -DDEBUG -DUSE_HAL_DRIVER -DSTM32F103xE -c -I../Core/Inc -I../Drivers/STM32F1xx_HAL_Driver/Inc -I../Drivers/STM32F1xx_HAL_Driver/Inc/Legacy -I../Drivers/CMSIS/Device/ST/STM32F1xx/Include -I../Drivers/CMSIS/Include -O0 -ffunction-sections -fdata-sections -Wall -fstack-usage -fcyclomatic-complexity -MMD -MP -MF"Drivers/STM32F1xx_HAL_Driver/Src/stm32f1xx_hal_uart.d" -MT"Drivers/STM32F1xx_HAL_Driver/Src/stm32f1xx_hal_uart.o" --specs=nano.specs -mfloat-abi=soft -mthumb -o "Drivers/STM32F1xx_HAL_Driver/Src/stm32f1xx_hal_uart.o"
arm-none-eabi-gcc -mcpu=cortex-m3 -g3 -DDEBUG -c -x assembler-with-cpp -MMD -MP -MF"Core/Startup/startup_stm32f103retx.d" -MT"Core/Startup/startup_stm32f103retx.o" --specs=nano.specs -mfloat-abi=soft -mthumb -o "Core/Startup/startup_stm32f103retx.o" "../Core/Startup/startup_stm32f103retx.s"
arm-none-eabi-gcc "../Core/Src/dma.c" -mcpu=cortex-m3 -std=gnu11 -g3 -DDEBUG -DUSE_HAL_DRIVER -DSTM32F103xE -c -I../Core/Inc -I../Drivers/STM32F1xx_HAL_Driver/Inc -I../Drivers/STM32F1xx_HAL_Driver/Inc/Legacy -I../Drivers/CMSIS/Device/ST/STM32F1xx/Include -I../Drivers/CMSIS/Include -O0 -ffunction-sections -fdata-sections -Wall -fstack-usage -fcyclomatic-complexity -MMD -MP -MF"Core/Src/dma.d" -MT"Core/Src/dma.o" --specs=nano.specs -mfloat-abi=soft -mthumb -o "Core/Src/dma.o"
arm-none-eabi-gcc "../Core/Src/gpio.c" -mcpu=cortex-m3 -std=gnu11 -g3 -DDEBUG -DUSE_HAL_DRIVER -DSTM32F103xE -c -I../Core/Inc -I../Drivers/STM32F1xx_HAL_Driver/Inc -I../Drivers/STM32F1xx_HAL_Driver/Inc/Legacy -I../Drivers/CMSIS/Device/ST/STM32F1xx/Include -I../Drivers/CMSIS/Include -O0 -ffunction-sections -fdata-sections -Wall -fstack-usage -fcyclomatic-complexity -MMD -MP -MF"Core/Src/gpio.d" -MT"Core/Src/gpio.o" --specs=nano.specs -mfloat-abi=soft -mthumb -o "Core/Src/gpio.o"
arm-none-eabi-gcc "../Core/Src/i2c.c" -mcpu=cortex-m3 -std=gnu11 -g3 -DDEBUG -DUSE_HAL_DRIVER -DSTM32F103xE -c -I../Core/Inc -I../Drivers/STM32F1xx_HAL_Driver/Inc -I../Drivers/STM32F1xx_HAL_Driver/Inc/Legacy -I../Drivers/CMSIS/Device/ST/STM32F1xx/Include -I../Drivers/CMSIS/Include -O0 -ffunction-sections -fdata-sections -Wall -fstack-usage -fcyclomatic-complexity -MMD -MP -MF"Core/Src/i2c.d" -MT"Core/Src/i2c.o" --specs=nano.specs -mfloat-abi=soft -mthumb -o "Core/Src/i2c.o"
arm-none-eabi-gcc "../Core/Src/main.c" -mcpu=cortex-m3 -std=gnu11 -g3 -DDEBUG -DUSE_HAL_DRIVER -DSTM32F103xE -c -I../Core/Inc -I../Drivers/STM32F1xx_HAL_Driver/Inc -I../Drivers/STM32F1xx_HAL_Driver/Inc/Legacy -I../Drivers/CMSIS/Device/ST/STM32F1xx/Include -I../Drivers/CMSIS/Include -O0 -ffunction-sections -fdata-sections -Wall -fstack-usage -fcyclomatic-complexity -MMD -MP -MF"Core/Src/main.d" -MT"Core/Src/main.o" --specs=nano.specs -mfloat-abi=soft -mthumb -o "Core/Src/main.o"
arm-none-eabi-gcc "../Core/Src/sensors.c" -mcpu=cortex-m3 -std=gnu11 -g3 -DDEBUG -DUSE_HAL_DRIVER -DSTM32F103xE -c -I../Core/Inc -I../Drivers/STM32F1xx_HAL_Driver/Inc -I../Drivers/STM32F1xx_HAL_Driver/Inc/Legacy -I../Drivers/CMSIS/Device/ST/STM32F1xx/Include -I../Drivers/CMSIS/Include -O0 -ffunction-sections -fdata-sections -Wall -fstack-usage -fcyclomatic-complexity -MMD -MP -MF"Core/Src/sensors.d" -MT"Core/Src/sensors.o" --specs=nano.specs -mfloat-abi=soft -mthumb -o "Core/Src/sensors.o"
arm-none-eabi-gcc "../Core/Src/spi.c" -mcpu=cortex-m3 -std=gnu11 -g3 -DDEBUG -DUSE_HAL_DRIVER -DSTM32F103xE -c -I../Core/Inc -I../Drivers/STM32F1xx_HAL_Driver/Inc -I../Drivers/STM32F1xx_HAL_Driver/Inc/Legacy -I../Drivers/CMSIS/Device/ST/STM32F1xx/Include -I../Drivers/CMSIS/Include -O0 -ffunction-sections -fdata-sections -Wall -fstack-usage -fcyclomatic-complexity -MMD -MP -MF"Core/Src/spi.d" -MT"Core/Src/spi.o" --specs=nano.specs -mfloat-abi=soft -mthumb -o "Core/Src/spi.o"
arm-none-eabi-gcc "../Core/Src/spi_handler.c" -mcpu=cortex-m3 -std=gnu11 -g3 -DDEBUG -DUSE_HAL_DRIVER -DSTM32F103xE -c -I../Core/Inc -I../Drivers/STM32F1xx_HAL_Driver/Inc -I../Drivers/STM32F1xx_HAL_Driver/Inc/Legacy -I../Drivers/CMSIS/Device/ST/STM32F1xx/Include -I../Drivers/CMSIS/Include -O0 -ffunction-sections -fdata-sections -Wall -fstack-usage -fcyclomatic-complexity -MMD -MP -MF"Core/Src/spi_handler.d" -MT"Core/Src/spi_handler.o" --specs=nano.specs -mfloat-abi=soft -mthumb -o "Core/Src/spi_handler.o"
../Core/Src/main.c: In function 'main':
../Core/Src/main.c:120:40: warning: passing argument 2 of 'calc_crc' from incompatible pointer type [-Wincompatible-pointer-types]
  120 |   crc_disable[3] = calc_crc(adress[0], &crc_disable[2]);
      |                                        ^~~~~~~~~~~~~~~
      |                                        |
      |                                        uint8_t * {aka unsigned char *}
In file included from ../Core/Inc/spi_handler.h:6,
                 from ../Core/Src/main.c:29:
../Core/Inc/sensors.h:101:45: note: expected 'uint16_t *' {aka 'short unsigned int *'} but argument is of type 'uint8_t *' {aka 'unsigned char *'}
  101 | uint8_t calc_crc(REGISTER_ADR adr,uint16_t* data);
      |                                   ~~~~~~~~~~^~~~
../Core/Src/main.c:118:12: warning: variable 'result' set but not used [-Wunused-but-set-variable]
  118 |   uint16_t result = reg_data[1] + reg_data[2];
      |            ^~~~~~
../Core/Src/main.c:73:18: warning: unused variable 'stat' [-Wunused-variable]
   73 |         uint16_t stat;
      |                  ^~~~
arm-none-eabi-gcc "../Core/Src/stm32f1xx_hal_msp.c" -mcpu=cortex-m3 -std=gnu11 -g3 -DDEBUG -DUSE_HAL_DRIVER -DSTM32F103xE -c -I../Core/Inc -I../Drivers/STM32F1xx_HAL_Driver/Inc -I../Drivers/STM32F1xx_HAL_Driver/Inc/Legacy -I../Drivers/CMSIS/Device/ST/STM32F1xx/Include -I../Drivers/CMSIS/Include -O0 -ffunction-sections -fdata-sections -Wall -fstack-usage -fcyclomatic-complexity -MMD -MP -MF"Core/Src/stm32f1xx_hal_msp.d" -MT"Core/Src/stm32f1xx_hal_msp.o" --specs=nano.specs -mfloat-abi=soft -mthumb -o "Core/Src/stm32f1xx_hal_msp.o"
arm-none-eabi-gcc "../Core/Src/stm32f1xx_it.c" -mcpu=cortex-m3 -std=gnu11 -g3 -DDEBUG -DUSE_HAL_DRIVER -DSTM32F103xE -c -I../Core/Inc -I../Drivers/STM32F1xx_HAL_Driver/Inc -I../Drivers/STM32F1xx_HAL_Driver/Inc/Legacy -I../Drivers/CMSIS/Device/ST/STM32F1xx/Include -I../Drivers/CMSIS/Include -O0 -ffunction-sections -fdata-sections -Wall -fstack-usage -fcyclomatic-complexity -MMD -MP -MF"Core/Src/stm32f1xx_it.d" -MT"Core/Src/stm32f1xx_it.o" --specs=nano.specs -mfloat-abi=soft -mthumb -o "Core/Src/stm32f1xx_it.o"
../Core/Src/spi_handler.c: In function 'spi_read_reg':
../Core/Src/spi_handler.c:14:27: warning: variable 'status' set but not used [-Wunused-but-set-variable]
   14 |         HAL_StatusTypeDef status;
      |                           ^~~~~~
../Core/Src/spi_handler.c: In function 'spi_write_reg':
../Core/Src/spi_handler.c:26:27: warning: variable 'status' set but not used [-Wunused-but-set-variable]
   26 |         HAL_StatusTypeDef status;
      |                           ^~~~~~
arm-none-eabi-gcc "../Core/Src/syscalls.c" -mcpu=cortex-m3 -std=gnu11 -g3 -DDEBUG -DUSE_HAL_DRIVER -DSTM32F103xE -c -I../Core/Inc -I../Drivers/STM32F1xx_HAL_Driver/Inc -I../Drivers/STM32F1xx_HAL_Driver/Inc/Legacy -I../Drivers/CMSIS/Device/ST/STM32F1xx/Include -I../Drivers/CMSIS/Include -O0 -ffunction-sections -fdata-sections -Wall -fstack-usage -fcyclomatic-complexity -MMD -MP -MF"Core/Src/syscalls.d" -MT"Core/Src/syscalls.o" --specs=nano.specs -mfloat-abi=soft -mthumb -o "Core/Src/syscalls.o"
arm-none-eabi-gcc "../Core/Src/sysmem.c" -mcpu=cortex-m3 -std=gnu11 -g3 -DDEBUG -DUSE_HAL_DRIVER -DSTM32F103xE -c -I../Core/Inc -I../Drivers/STM32F1xx_HAL_Driver/Inc -I../Drivers/STM32F1xx_HAL_Driver/Inc/Legacy -I../Drivers/CMSIS/Device/ST/STM32F1xx/Include -I../Drivers/CMSIS/Include -O0 -ffunction-sections -fdata-sections -Wall -fstack-usage -fcyclomatic-complexity -MMD -MP -MF"Core/Src/sysmem.d" -MT"Core/Src/sysmem.o" --specs=nano.specs -mfloat-abi=soft -mthumb -o "Core/Src/sysmem.o"
arm-none-eabi-gcc "../Core/Src/system_stm32f1xx.c" -mcpu=cortex-m3 -std=gnu11 -g3 -DDEBUG -DUSE_HAL_DRIVER -DSTM32F103xE -c -I../Core/Inc -I../Drivers/STM32F1xx_HAL_Driver/Inc -I../Drivers/STM32F1xx_HAL_Driver/Inc/Legacy -I../Drivers/CMSIS/Device/ST/STM32F1xx/Include -I../Drivers/CMSIS/Include -O0 -ffunction-sections -fdata-sections -Wall -fstack-usage -fcyclomatic-complexity -MMD -MP -MF"Core/Src/system_stm32f1xx.d" -MT"Core/Src/system_stm32f1xx.o" --specs=nano.specs -mfloat-abi=soft -mthumb -o "Core/Src/system_stm32f1xx.o"
arm-none-eabi-gcc "../Core/Src/usart.c" -mcpu=cortex-m3 -std=gnu11 -g3 -DDEBUG -DUSE_HAL_DRIVER -DSTM32F103xE -c -I../Core/Inc -I../Drivers/STM32F1xx_HAL_Driver/Inc -I../Drivers/STM32F1xx_HAL_Driver/Inc/Legacy -I../Drivers/CMSIS/Device/ST/STM32F1xx/Include -I../Drivers/CMSIS/Include -O0 -ffunction-sections -fdata-sections -Wall -fstack-usage -fcyclomatic-complexity -MMD -MP -MF"Core/Src/usart.d" -MT"Core/Src/usart.o" --specs=nano.specs -mfloat-abi=soft -mthumb -o "Core/Src/usart.o"
arm-none-eabi-gcc -o "FW.elf" @"objects.list"   -mcpu=cortex-m3 -T"C:\Users\sykojo\Documents\_electronics\hall_probe\FW\STM32F103RETX_FLASH.ld" --specs=nosys.specs -Wl,-Map="FW.map" -Wl,--gc-sections -static --specs=nano.specs -mfloat-abi=soft -mthumb -Wl,--start-group -lc -lm -Wl,--end-group
Finished building target: FW.elf
 
arm-none-eabi-size  FW.elf 
arm-none-eabi-objdump -h -S FW.elf  > "FW.list"
   text	   data	    bss	    dec	    hex	filename
  11604	     20	   2044	  13668	   3564	FW.elf
Finished building: default.size.stdout
 
Finished building: FW.list
 
16:45:14 **** Incremental Build of configuration Debug for project FW ****
make -j12 all 
arm-none-eabi-gcc "../Core/Src/main.c" -mcpu=cortex-m3 -std=gnu11 -g3 -DDEBUG -DUSE_HAL_DRIVER -DSTM32F103xE -c -I../Core/Inc -I../Drivers/STM32F1xx_HAL_Driver/Inc -I../Drivers/STM32F1xx_HAL_Driver/Inc/Legacy -I../Drivers/CMSIS/Device/ST/STM32F1xx/Include -I../Drivers/CMSIS/Include -O0 -ffunction-sections -fdata-sections -Wall -fstack-usage -fcyclomatic-complexity -MMD -MP -MF"Core/Src/main.d" -MT"Core/Src/main.o" --specs=nano.specs -mfloat-abi=soft -mthumb -o "Core/Src/main.o"
../Core/Src/main.c: In function 'main':
../Core/Src/main.c:120:40: warning: passing argument 2 of 'calc_crc' from incompatible pointer type [-Wincompatible-pointer-types]
  120 |   crc_disable[3] = calc_crc(adress[0], &crc_disable[2]);
      |                                        ^~~~~~~~~~~~~~~
      |                                        |
      |                                        uint8_t * {aka unsigned char *}
In file included from ../Core/Inc/spi_handler.h:6,
                 from ../Core/Src/main.c:29:
../Core/Inc/sensors.h:101:45: note: expected 'uint16_t *' {aka 'short unsigned int *'} but argument is of type 'uint8_t *' {aka 'unsigned char *'}
  101 | uint8_t calc_crc(REGISTER_ADR adr,uint16_t* data);
      |                                   ~~~~~~~~~~^~~~
../Core/Src/main.c:118:12: warning: variable 'result' set but not used [-Wunused-but-set-variable]
  118 |   uint16_t result = reg_data[1] + reg_data[2];
      |            ^~~~~~
../Core/Src/main.c:73:18: warning: unused variable 'stat' [-Wunused-variable]
   73 |         uint16_t stat;
      |                  ^~~~
arm-none-eabi-gcc -o "FW.elf" @"objects.list"   -mcpu=cortex-m3 -T"C:\Users\sykojo\Documents\_electronics\hall_probe\FW\STM32F103RETX_FLASH.ld" --specs=nosys.specs -Wl,-Map="FW.map" -Wl,--gc-sections -static --specs=nano.specs -mfloat-abi=soft -mthumb -Wl,--start-group -lc -lm -Wl,--end-group
Finished building target: FW.elf
 
arm-none-eabi-size  FW.elf 
arm-none-eabi-objdump -h -S FW.elf  > "FW.list"
   text	   data	    bss	    dec	    hex	filename
  11604	     20	   2044	  13668	   3564	FW.elf
Finished building: default.size.stdout
 
Finished building: FW.list
 
16:48:02 **** Incremental Build of configuration Debug for project FW ****
make -j12 all 
arm-none-eabi-gcc "../Core/Src/sensors.c" -mcpu=cortex-m3 -std=gnu11 -g3 -DDEBUG -DUSE_HAL_DRIVER -DSTM32F103xE -c -I../Core/Inc -I../Drivers/STM32F1xx_HAL_Driver/Inc -I../Drivers/STM32F1xx_HAL_Driver/Inc/Legacy -I../Drivers/CMSIS/Device/ST/STM32F1xx/Include -I../Drivers/CMSIS/Include -O0 -ffunction-sections -fdata-sections -Wall -fstack-usage -fcyclomatic-complexity -MMD -MP -MF"Core/Src/sensors.d" -MT"Core/Src/sensors.o" --specs=nano.specs -mfloat-abi=soft -mthumb -o "Core/Src/sensors.o"
arm-none-eabi-gcc -o "FW.elf" @"objects.list"   -mcpu=cortex-m3 -T"C:\Users\sykojo\Documents\_electronics\hall_probe\FW\STM32F103RETX_FLASH.ld" --specs=nosys.specs -Wl,-Map="FW.map" -Wl,--gc-sections -static --specs=nano.specs -mfloat-abi=soft -mthumb -Wl,--start-group -lc -lm -Wl,--end-group
Finished building target: FW.elf
 
arm-none-eabi-size  FW.elf 
arm-none-eabi-objdump -h -S FW.elf  > "FW.list"
   text	   data	    bss	    dec	    hex	filename
  11600	     20	   2044	  13664	   3560	FW.elf
Finished building: default.size.stdout
 
Finished building: FW.list
 
16:54:36 **** Incremental Build of configuration Debug for project FW ****
make -j12 all 
arm-none-eabi-gcc "../Core/Src/main.c" -mcpu=cortex-m3 -std=gnu11 -g3 -DDEBUG -DUSE_HAL_DRIVER -DSTM32F103xE -c -I../Core/Inc -I../Drivers/STM32F1xx_HAL_Driver/Inc -I../Drivers/STM32F1xx_HAL_Driver/Inc/Legacy -I../Drivers/CMSIS/Device/ST/STM32F1xx/Include -I../Drivers/CMSIS/Include -O0 -ffunction-sections -fdata-sections -Wall -fstack-usage -fcyclomatic-complexity -MMD -MP -MF"Core/Src/main.d" -MT"Core/Src/main.o" --specs=nano.specs -mfloat-abi=soft -mthumb -o "Core/Src/main.o"
arm-none-eabi-gcc "../Core/Src/sensors.c" -mcpu=cortex-m3 -std=gnu11 -g3 -DDEBUG -DUSE_HAL_DRIVER -DSTM32F103xE -c -I../Core/Inc -I../Drivers/STM32F1xx_HAL_Driver/Inc -I../Drivers/STM32F1xx_HAL_Driver/Inc/Legacy -I../Drivers/CMSIS/Device/ST/STM32F1xx/Include -I../Drivers/CMSIS/Include -O0 -ffunction-sections -fdata-sections -Wall -fstack-usage -fcyclomatic-complexity -MMD -MP -MF"Core/Src/sensors.d" -MT"Core/Src/sensors.o" --specs=nano.specs -mfloat-abi=soft -mthumb -o "Core/Src/sensors.o"
arm-none-eabi-gcc "../Core/Src/spi.c" -mcpu=cortex-m3 -std=gnu11 -g3 -DDEBUG -DUSE_HAL_DRIVER -DSTM32F103xE -c -I../Core/Inc -I../Drivers/STM32F1xx_HAL_Driver/Inc -I../Drivers/STM32F1xx_HAL_Driver/Inc/Legacy -I../Drivers/CMSIS/Device/ST/STM32F1xx/Include -I../Drivers/CMSIS/Include -O0 -ffunction-sections -fdata-sections -Wall -fstack-usage -fcyclomatic-complexity -MMD -MP -MF"Core/Src/spi.d" -MT"Core/Src/spi.o" --specs=nano.specs -mfloat-abi=soft -mthumb -o "Core/Src/spi.o"
../Core/Src/main.c: In function 'main':
../Core/Src/main.c:120:40: warning: passing argument 2 of 'calc_crc' from incompatible pointer type [-Wincompatible-pointer-types]
  120 |   crc_disable[3] = calc_crc(adress[0], &crc_disable[2]);
      |                                        ^~~~~~~~~~~~~~~
      |                                        |
      |                                        uint8_t * {aka unsigned char *}
In file included from ../Core/Inc/spi_handler.h:6,
                 from ../Core/Src/main.c:29:
../Core/Inc/sensors.h:101:45: note: expected 'uint16_t *' {aka 'short unsigned int *'} but argument is of type 'uint8_t *' {aka 'unsigned char *'}
  101 | uint8_t calc_crc(REGISTER_ADR adr,uint16_t* data);
      |                                   ~~~~~~~~~~^~~~
../Core/Src/main.c:118:12: warning: variable 'result' set but not used [-Wunused-but-set-variable]
  118 |   uint16_t result = reg_data[1] + reg_data[2];
      |            ^~~~~~
../Core/Src/main.c:73:18: warning: unused variable 'stat' [-Wunused-variable]
   73 |         uint16_t stat;
      |                  ^~~~
arm-none-eabi-gcc -o "FW.elf" @"objects.list"   -mcpu=cortex-m3 -T"C:\Users\sykojo\Documents\_electronics\hall_probe\FW\STM32F103RETX_FLASH.ld" --specs=nosys.specs -Wl,-Map="FW.map" -Wl,--gc-sections -static --specs=nano.specs -mfloat-abi=soft -mthumb -Wl,--start-group -lc -lm -Wl,--end-group
Finished building target: FW.elf
 
arm-none-eabi-size  FW.elf 
arm-none-eabi-objdump -h -S FW.elf  > "FW.list"
   text	   data	    bss	    dec	    hex	filename
  11640	     20	   2044	  13704	   3588	FW.elf
Finished building: default.size.stdout
 
Finished building: FW.list
 
17:06:45 **** Incremental Build of configuration Debug for project FW ****
make -j12 all 
arm-none-eabi-gcc "../Core/Src/sensors.c" -mcpu=cortex-m3 -std=gnu11 -g3 -DDEBUG -DUSE_HAL_DRIVER -DSTM32F103xE -c -I../Core/Inc -I../Drivers/STM32F1xx_HAL_Driver/Inc -I../Drivers/STM32F1xx_HAL_Driver/Inc/Legacy -I../Drivers/CMSIS/Device/ST/STM32F1xx/Include -I../Drivers/CMSIS/Include -O0 -ffunction-sections -fdata-sections -Wall -fstack-usage -fcyclomatic-complexity -MMD -MP -MF"Core/Src/sensors.d" -MT"Core/Src/sensors.o" --specs=nano.specs -mfloat-abi=soft -mthumb -o "Core/Src/sensors.o"
arm-none-eabi-gcc "../Core/Src/spi.c" -mcpu=cortex-m3 -std=gnu11 -g3 -DDEBUG -DUSE_HAL_DRIVER -DSTM32F103xE -c -I../Core/Inc -I../Drivers/STM32F1xx_HAL_Driver/Inc -I../Drivers/STM32F1xx_HAL_Driver/Inc/Legacy -I../Drivers/CMSIS/Device/ST/STM32F1xx/Include -I../Drivers/CMSIS/Include -O0 -ffunction-sections -fdata-sections -Wall -fstack-usage -fcyclomatic-complexity -MMD -MP -MF"Core/Src/spi.d" -MT"Core/Src/spi.o" --specs=nano.specs -mfloat-abi=soft -mthumb -o "Core/Src/spi.o"
arm-none-eabi-gcc -o "FW.elf" @"objects.list"   -mcpu=cortex-m3 -T"C:\Users\sykojo\Documents\_electronics\hall_probe\FW\STM32F103RETX_FLASH.ld" --specs=nosys.specs -Wl,-Map="FW.map" -Wl,--gc-sections -static --specs=nano.specs -mfloat-abi=soft -mthumb -Wl,--start-group -lc -lm -Wl,--end-group
Finished building target: FW.elf
 
arm-none-eabi-size  FW.elf 
arm-none-eabi-objdump -h -S FW.elf  > "FW.list"
   text	   data	    bss	    dec	    hex	filename
  11648	     20	   2044	  13712	   3590	FW.elf
Finished building: default.size.stdout
 
Finished building: FW.list
 
17:09:26 **** Incremental Build of configuration Debug for project FW ****
make -j12 all 
arm-none-eabi-gcc "../Core/Src/main.c" -mcpu=cortex-m3 -std=gnu11 -g3 -DDEBUG -DUSE_HAL_DRIVER -DSTM32F103xE -c -I../Core/Inc -I../Drivers/STM32F1xx_HAL_Driver/Inc -I../Drivers/STM32F1xx_HAL_Driver/Inc/Legacy -I../Drivers/CMSIS/Device/ST/STM32F1xx/Include -I../Drivers/CMSIS/Include -O0 -ffunction-sections -fdata-sections -Wall -fstack-usage -fcyclomatic-complexity -MMD -MP -MF"Core/Src/main.d" -MT"Core/Src/main.o" --specs=nano.specs -mfloat-abi=soft -mthumb -o "Core/Src/main.o"
arm-none-eabi-gcc "../Core/Src/sensors.c" -mcpu=cortex-m3 -std=gnu11 -g3 -DDEBUG -DUSE_HAL_DRIVER -DSTM32F103xE -c -I../Core/Inc -I../Drivers/STM32F1xx_HAL_Driver/Inc -I../Drivers/STM32F1xx_HAL_Driver/Inc/Legacy -I../Drivers/CMSIS/Device/ST/STM32F1xx/Include -I../Drivers/CMSIS/Include -O0 -ffunction-sections -fdata-sections -Wall -fstack-usage -fcyclomatic-complexity -MMD -MP -MF"Core/Src/sensors.d" -MT"Core/Src/sensors.o" --specs=nano.specs -mfloat-abi=soft -mthumb -o "Core/Src/sensors.o"
arm-none-eabi-gcc "../Core/Src/spi.c" -mcpu=cortex-m3 -std=gnu11 -g3 -DDEBUG -DUSE_HAL_DRIVER -DSTM32F103xE -c -I../Core/Inc -I../Drivers/STM32F1xx_HAL_Driver/Inc -I../Drivers/STM32F1xx_HAL_Driver/Inc/Legacy -I../Drivers/CMSIS/Device/ST/STM32F1xx/Include -I../Drivers/CMSIS/Include -O0 -ffunction-sections -fdata-sections -Wall -fstack-usage -fcyclomatic-complexity -MMD -MP -MF"Core/Src/spi.d" -MT"Core/Src/spi.o" --specs=nano.specs -mfloat-abi=soft -mthumb -o "Core/Src/spi.o"
../Core/Src/main.c: In function 'main':
../Core/Src/main.c:120:40: warning: passing argument 2 of 'calc_crc' from incompatible pointer type [-Wincompatible-pointer-types]
  120 |   crc_disable[3] = calc_crc(adress[0], &crc_disable[2]);
      |                                        ^~~~~~~~~~~~~~~
      |                                        |
      |                                        uint8_t * {aka unsigned char *}
In file included from ../Core/Inc/spi_handler.h:6,
                 from ../Core/Src/main.c:29:
../Core/Inc/sensors.h:101:45: note: expected 'uint16_t *' {aka 'short unsigned int *'} but argument is of type 'uint8_t *' {aka 'unsigned char *'}
  101 | uint8_t calc_crc(REGISTER_ADR adr,uint16_t* data);
      |                                   ~~~~~~~~~~^~~~
../Core/Src/main.c:118:12: warning: variable 'result' set but not used [-Wunused-but-set-variable]
  118 |   uint16_t result = reg_data[1] + reg_data[2];
      |            ^~~~~~
../Core/Src/main.c:73:18: warning: unused variable 'stat' [-Wunused-variable]
   73 |         uint16_t stat;
      |                  ^~~~
arm-none-eabi-gcc -o "FW.elf" @"objects.list"   -mcpu=cortex-m3 -T"C:\Users\sykojo\Documents\_electronics\hall_probe\FW\STM32F103RETX_FLASH.ld" --specs=nosys.specs -Wl,-Map="FW.map" -Wl,--gc-sections -static --specs=nano.specs -mfloat-abi=soft -mthumb -Wl,--start-group -lc -lm -Wl,--end-group
Finished building target: FW.elf
 
arm-none-eabi-size  FW.elf 
arm-none-eabi-objdump -h -S FW.elf  > "FW.list"
   text	   data	    bss	    dec	    hex	filename
  11644	     20	   2044	  13708	   358c	FW.elf
Finished building: default.size.stdout
 
Finished building: FW.list
 
17:12:04 **** Incremental Build of configuration Debug for project FW ****
make -j12 all 
arm-none-eabi-gcc "../Core/Src/sensors.c" -mcpu=cortex-m3 -std=gnu11 -g3 -DDEBUG -DUSE_HAL_DRIVER -DSTM32F103xE -c -I../Core/Inc -I../Drivers/STM32F1xx_HAL_Driver/Inc -I../Drivers/STM32F1xx_HAL_Driver/Inc/Legacy -I../Drivers/CMSIS/Device/ST/STM32F1xx/Include -I../Drivers/CMSIS/Include -O0 -ffunction-sections -fdata-sections -Wall -fstack-usage -fcyclomatic-complexity -MMD -MP -MF"Core/Src/sensors.d" -MT"Core/Src/sensors.o" --specs=nano.specs -mfloat-abi=soft -mthumb -o "Core/Src/sensors.o"
arm-none-eabi-gcc -o "FW.elf" @"objects.list"   -mcpu=cortex-m3 -T"C:\Users\sykojo\Documents\_electronics\hall_probe\FW\STM32F103RETX_FLASH.ld" --specs=nosys.specs -Wl,-Map="FW.map" -Wl,--gc-sections -static --specs=nano.specs -mfloat-abi=soft -mthumb -Wl,--start-group -lc -lm -Wl,--end-group
Finished building target: FW.elf
 
arm-none-eabi-size  FW.elf 
arm-none-eabi-objdump -h -S FW.elf  > "FW.list"
   text	   data	    bss	    dec	    hex	filename
  11644	     20	   2044	  13708	   358c	FW.elf
Finished building: default.size.stdout
 
Finished building: FW.list
 
17:15:30 **** Incremental Build of configuration Debug for project FW ****
make -j12 all 
arm-none-eabi-gcc "../Core/Src/main.c" -mcpu=cortex-m3 -std=gnu11 -g3 -DDEBUG -DUSE_HAL_DRIVER -DSTM32F103xE -c -I../Core/Inc -I../Drivers/STM32F1xx_HAL_Driver/Inc -I../Drivers/STM32F1xx_HAL_Driver/Inc/Legacy -I../Drivers/CMSIS/Device/ST/STM32F1xx/Include -I../Drivers/CMSIS/Include -O0 -ffunction-sections -fdata-sections -Wall -fstack-usage -fcyclomatic-complexity -MMD -MP -MF"Core/Src/main.d" -MT"Core/Src/main.o" --specs=nano.specs -mfloat-abi=soft -mthumb -o "Core/Src/main.o"
../Core/Src/main.c: In function 'main':
../Core/Src/main.c:120:40: warning: passing argument 2 of 'calc_crc' from incompatible pointer type [-Wincompatible-pointer-types]
  120 |   crc_disable[3] = calc_crc(adress[0], &crc_disable[2]);
      |                                        ^~~~~~~~~~~~~~~
      |                                        |
      |                                        uint8_t * {aka unsigned char *}
In file included from ../Core/Inc/spi_handler.h:6,
                 from ../Core/Src/main.c:29:
../Core/Inc/sensors.h:101:45: note: expected 'uint16_t *' {aka 'short unsigned int *'} but argument is of type 'uint8_t *' {aka 'unsigned char *'}
  101 | uint8_t calc_crc(REGISTER_ADR adr,uint16_t* data);
      |                                   ~~~~~~~~~~^~~~
../Core/Src/main.c:118:12: warning: variable 'result' set but not used [-Wunused-but-set-variable]
  118 |   uint16_t result = reg_data[1] + reg_data[2];
      |            ^~~~~~
../Core/Src/main.c:73:18: warning: unused variable 'stat' [-Wunused-variable]
   73 |         uint16_t stat;
      |                  ^~~~
arm-none-eabi-gcc -o "FW.elf" @"objects.list"   -mcpu=cortex-m3 -T"C:\Users\sykojo\Documents\_electronics\hall_probe\FW\STM32F103RETX_FLASH.ld" --specs=nosys.specs -Wl,-Map="FW.map" -Wl,--gc-sections -static --specs=nano.specs -mfloat-abi=soft -mthumb -Wl,--start-group -lc -lm -Wl,--end-group
Finished building target: FW.elf
 
arm-none-eabi-size  FW.elf 
arm-none-eabi-objdump -h -S FW.elf  > "FW.list"
   text	   data	    bss	    dec	    hex	filename
  11644	     20	   2044	  13708	   358c	FW.elf
Finished building: default.size.stdout
 
Finished building: FW.list
 
17:16:07 **** Incremental Build of configuration Debug for project FW ****
make -j12 all 
arm-none-eabi-size  FW.elf 
   text	   data	    bss	    dec	    hex	filename
  11644	     20	   2044	  13708	   358c	FW.elf
Finished building: default.size.stdout
 
17:16:53 **** Incremental Build of configuration Debug for project FW ****
make -j12 all 
arm-none-eabi-gcc "../Core/Src/sensors.c" -mcpu=cortex-m3 -std=gnu11 -g3 -DDEBUG -DUSE_HAL_DRIVER -DSTM32F103xE -c -I../Core/Inc -I../Drivers/STM32F1xx_HAL_Driver/Inc -I../Drivers/STM32F1xx_HAL_Driver/Inc/Legacy -I../Drivers/CMSIS/Device/ST/STM32F1xx/Include -I../Drivers/CMSIS/Include -O0 -ffunction-sections -fdata-sections -Wall -fstack-usage -fcyclomatic-complexity -MMD -MP -MF"Core/Src/sensors.d" -MT"Core/Src/sensors.o" --specs=nano.specs -mfloat-abi=soft -mthumb -o "Core/Src/sensors.o"
arm-none-eabi-gcc -o "FW.elf" @"objects.list"   -mcpu=cortex-m3 -T"C:\Users\sykojo\Documents\_electronics\hall_probe\FW\STM32F103RETX_FLASH.ld" --specs=nosys.specs -Wl,-Map="FW.map" -Wl,--gc-sections -static --specs=nano.specs -mfloat-abi=soft -mthumb -Wl,--start-group -lc -lm -Wl,--end-group
Finished building target: FW.elf
 
arm-none-eabi-size  FW.elf 
arm-none-eabi-objdump -h -S FW.elf  > "FW.list"
   text	   data	    bss	    dec	    hex	filename
  11644	     20	   2044	  13708	   358c	FW.elf
Finished building: default.size.stdout
 
Finished building: FW.list
 
17:19:02 **** Incremental Build of configuration Debug for project FW ****
make -j12 all 
arm-none-eabi-size  FW.elf 
   text	   data	    bss	    dec	    hex	filename
  11644	     20	   2044	  13708	   358c	FW.elf
Finished building: default.size.stdout
 
17:26:19 **** Incremental Build of configuration Debug for project FW ****
make -j12 all 
arm-none-eabi-gcc "../Core/Src/main.c" -mcpu=cortex-m3 -std=gnu11 -g3 -DDEBUG -DUSE_HAL_DRIVER -DSTM32F103xE -c -I../Core/Inc -I../Drivers/STM32F1xx_HAL_Driver/Inc -I../Drivers/STM32F1xx_HAL_Driver/Inc/Legacy -I../Drivers/CMSIS/Device/ST/STM32F1xx/Include -I../Drivers/CMSIS/Include -O0 -ffunction-sections -fdata-sections -Wall -fstack-usage -fcyclomatic-complexity -MMD -MP -MF"Core/Src/main.d" -MT"Core/Src/main.o" --specs=nano.specs -mfloat-abi=soft -mthumb -o "Core/Src/main.o"
arm-none-eabi-gcc "../Core/Src/sensors.c" -mcpu=cortex-m3 -std=gnu11 -g3 -DDEBUG -DUSE_HAL_DRIVER -DSTM32F103xE -c -I../Core/Inc -I../Drivers/STM32F1xx_HAL_Driver/Inc -I../Drivers/STM32F1xx_HAL_Driver/Inc/Legacy -I../Drivers/CMSIS/Device/ST/STM32F1xx/Include -I../Drivers/CMSIS/Include -O0 -ffunction-sections -fdata-sections -Wall -fstack-usage -fcyclomatic-complexity -MMD -MP -MF"Core/Src/sensors.d" -MT"Core/Src/sensors.o" --specs=nano.specs -mfloat-abi=soft -mthumb -o "Core/Src/sensors.o"
arm-none-eabi-gcc "../Core/Src/spi.c" -mcpu=cortex-m3 -std=gnu11 -g3 -DDEBUG -DUSE_HAL_DRIVER -DSTM32F103xE -c -I../Core/Inc -I../Drivers/STM32F1xx_HAL_Driver/Inc -I../Drivers/STM32F1xx_HAL_Driver/Inc/Legacy -I../Drivers/CMSIS/Device/ST/STM32F1xx/Include -I../Drivers/CMSIS/Include -O0 -ffunction-sections -fdata-sections -Wall -fstack-usage -fcyclomatic-complexity -MMD -MP -MF"Core/Src/spi.d" -MT"Core/Src/spi.o" --specs=nano.specs -mfloat-abi=soft -mthumb -o "Core/Src/spi.o"
../Core/Src/main.c: In function 'main':
../Core/Src/main.c:121:40: warning: passing argument 2 of 'calc_crc' from incompatible pointer type [-Wincompatible-pointer-types]
  121 |   crc_disable[3] = calc_crc(adress[0], &crc_disable[2]);
      |                                        ^~~~~~~~~~~~~~~
      |                                        |
      |                                        uint8_t * {aka unsigned char *}
In file included from ../Core/Inc/spi_handler.h:6,
                 from ../Core/Src/main.c:29:
../Core/Inc/sensors.h:101:45: note: expected 'uint16_t *' {aka 'short unsigned int *'} but argument is of type 'uint8_t *' {aka 'unsigned char *'}
  101 | uint8_t calc_crc(REGISTER_ADR adr,uint16_t* data);
      |                                   ~~~~~~~~~~^~~~
../Core/Src/main.c:119:12: warning: variable 'result' set but not used [-Wunused-but-set-variable]
  119 |   uint16_t result = reg_data[1] + reg_data[2];
      |            ^~~~~~
../Core/Src/main.c:73:18: warning: unused variable 'stat' [-Wunused-variable]
   73 |         uint16_t stat;
      |                  ^~~~
arm-none-eabi-gcc -o "FW.elf" @"objects.list"   -mcpu=cortex-m3 -T"C:\Users\sykojo\Documents\_electronics\hall_probe\FW\STM32F103RETX_FLASH.ld" --specs=nosys.specs -Wl,-Map="FW.map" -Wl,--gc-sections -static --specs=nano.specs -mfloat-abi=soft -mthumb -Wl,--start-group -lc -lm -Wl,--end-group
Finished building target: FW.elf
 
arm-none-eabi-size  FW.elf 
arm-none-eabi-objdump -h -S FW.elf  > "FW.list"
   text	   data	    bss	    dec	    hex	filename
  11648	     20	   2044	  13712	   3590	FW.elf
Finished building: default.size.stdout
 
Finished building: FW.list
 
17:27:49 **** Incremental Build of configuration Debug for project FW ****
make -j12 all 
arm-none-eabi-gcc "../Core/Src/sensors.c" -mcpu=cortex-m3 -std=gnu11 -g3 -DDEBUG -DUSE_HAL_DRIVER -DSTM32F103xE -c -I../Core/Inc -I../Drivers/STM32F1xx_HAL_Driver/Inc -I../Drivers/STM32F1xx_HAL_Driver/Inc/Legacy -I../Drivers/CMSIS/Device/ST/STM32F1xx/Include -I../Drivers/CMSIS/Include -O0 -ffunction-sections -fdata-sections -Wall -fstack-usage -fcyclomatic-complexity -MMD -MP -MF"Core/Src/sensors.d" -MT"Core/Src/sensors.o" --specs=nano.specs -mfloat-abi=soft -mthumb -o "Core/Src/sensors.o"
arm-none-eabi-gcc -o "FW.elf" @"objects.list"   -mcpu=cortex-m3 -T"C:\Users\sykojo\Documents\_electronics\hall_probe\FW\STM32F103RETX_FLASH.ld" --specs=nosys.specs -Wl,-Map="FW.map" -Wl,--gc-sections -static --specs=nano.specs -mfloat-abi=soft -mthumb -Wl,--start-group -lc -lm -Wl,--end-group
Finished building target: FW.elf
 
arm-none-eabi-size  FW.elf 
arm-none-eabi-objdump -h -S FW.elf  > "FW.list"
   text	   data	    bss	    dec	    hex	filename
  11648	     20	   2044	  13712	   3590	FW.elf
Finished building: default.size.stdout
 
Finished building: FW.list
 
17:28:27 **** Incremental Build of configuration Debug for project FW ****
make -j12 all 
arm-none-eabi-gcc "../Core/Src/main.c" -mcpu=cortex-m3 -std=gnu11 -g3 -DDEBUG -DUSE_HAL_DRIVER -DSTM32F103xE -c -I../Core/Inc -I../Drivers/STM32F1xx_HAL_Driver/Inc -I../Drivers/STM32F1xx_HAL_Driver/Inc/Legacy -I../Drivers/CMSIS/Device/ST/STM32F1xx/Include -I../Drivers/CMSIS/Include -O0 -ffunction-sections -fdata-sections -Wall -fstack-usage -fcyclomatic-complexity -MMD -MP -MF"Core/Src/main.d" -MT"Core/Src/main.o" --specs=nano.specs -mfloat-abi=soft -mthumb -o "Core/Src/main.o"
../Core/Src/main.c: In function 'main':
../Core/Src/main.c:121:40: warning: passing argument 2 of 'calc_crc' from incompatible pointer type [-Wincompatible-pointer-types]
  121 |   crc_disable[3] = calc_crc(adress[0], &crc_disable[2]);
      |                                        ^~~~~~~~~~~~~~~
      |                                        |
      |                                        uint8_t * {aka unsigned char *}
In file included from ../Core/Inc/spi_handler.h:6,
                 from ../Core/Src/main.c:29:
../Core/Inc/sensors.h:101:45: note: expected 'uint16_t *' {aka 'short unsigned int *'} but argument is of type 'uint8_t *' {aka 'unsigned char *'}
  101 | uint8_t calc_crc(REGISTER_ADR adr,uint16_t* data);
      |                                   ~~~~~~~~~~^~~~
../Core/Src/main.c:119:12: warning: variable 'result' set but not used [-Wunused-but-set-variable]
  119 |   uint16_t result = reg_data[1] + reg_data[2];
      |            ^~~~~~
../Core/Src/main.c:73:18: warning: unused variable 'stat' [-Wunused-variable]
   73 |         uint16_t stat;
      |                  ^~~~
arm-none-eabi-gcc -o "FW.elf" @"objects.list"   -mcpu=cortex-m3 -T"C:\Users\sykojo\Documents\_electronics\hall_probe\FW\STM32F103RETX_FLASH.ld" --specs=nosys.specs -Wl,-Map="FW.map" -Wl,--gc-sections -static --specs=nano.specs -mfloat-abi=soft -mthumb -Wl,--start-group -lc -lm -Wl,--end-group
Finished building target: FW.elf
 
arm-none-eabi-size  FW.elf 
arm-none-eabi-objdump -h -S FW.elf  > "FW.list"
   text	   data	    bss	    dec	    hex	filename
  11648	     20	   2044	  13712	   3590	FW.elf
Finished building: default.size.stdout
 
Finished building: FW.list
 
17:29:08 **** Incremental Build of configuration Debug for project FW ****
make -j12 all 
arm-none-eabi-gcc "../Core/Src/main.c" -mcpu=cortex-m3 -std=gnu11 -g3 -DDEBUG -DUSE_HAL_DRIVER -DSTM32F103xE -c -I../Core/Inc -I../Drivers/STM32F1xx_HAL_Driver/Inc -I../Drivers/STM32F1xx_HAL_Driver/Inc/Legacy -I../Drivers/CMSIS/Device/ST/STM32F1xx/Include -I../Drivers/CMSIS/Include -O0 -ffunction-sections -fdata-sections -Wall -fstack-usage -fcyclomatic-complexity -MMD -MP -MF"Core/Src/main.d" -MT"Core/Src/main.o" --specs=nano.specs -mfloat-abi=soft -mthumb -o "Core/Src/main.o"
../Core/Src/main.c: In function 'main':
../Core/Src/main.c:121:40: warning: passing argument 2 of 'calc_crc' from incompatible pointer type [-Wincompatible-pointer-types]
  121 |   crc_disable[3] = calc_crc(adress[0], &crc_disable[2]);
      |                                        ^~~~~~~~~~~~~~~
      |                                        |
      |                                        uint8_t * {aka unsigned char *}
In file included from ../Core/Inc/spi_handler.h:6,
                 from ../Core/Src/main.c:29:
../Core/Inc/sensors.h:101:45: note: expected 'uint16_t *' {aka 'short unsigned int *'} but argument is of type 'uint8_t *' {aka 'unsigned char *'}
  101 | uint8_t calc_crc(REGISTER_ADR adr,uint16_t* data);
      |                                   ~~~~~~~~~~^~~~
../Core/Src/main.c:119:12: warning: variable 'result' set but not used [-Wunused-but-set-variable]
  119 |   uint16_t result = reg_data[1] + reg_data[2];
      |            ^~~~~~
../Core/Src/main.c:73:18: warning: unused variable 'stat' [-Wunused-variable]
   73 |         uint16_t stat;
      |                  ^~~~
arm-none-eabi-gcc -o "FW.elf" @"objects.list"   -mcpu=cortex-m3 -T"C:\Users\sykojo\Documents\_electronics\hall_probe\FW\STM32F103RETX_FLASH.ld" --specs=nosys.specs -Wl,-Map="FW.map" -Wl,--gc-sections -static --specs=nano.specs -mfloat-abi=soft -mthumb -Wl,--start-group -lc -lm -Wl,--end-group
Finished building target: FW.elf
 
arm-none-eabi-size  FW.elf 
arm-none-eabi-objdump -h -S FW.elf  > "FW.list"
   text	   data	    bss	    dec	    hex	filename
  11648	     20	   2044	  13712	   3590	FW.elf
Finished building: default.size.stdout
 
Finished building: FW.list
 
17:31:44 **** Incremental Build of configuration Debug for project FW ****
make -j12 all 
arm-none-eabi-gcc "../Core/Src/sensors.c" -mcpu=cortex-m3 -std=gnu11 -g3 -DDEBUG -DUSE_HAL_DRIVER -DSTM32F103xE -c -I../Core/Inc -I../Drivers/STM32F1xx_HAL_Driver/Inc -I../Drivers/STM32F1xx_HAL_Driver/Inc/Legacy -I../Drivers/CMSIS/Device/ST/STM32F1xx/Include -I../Drivers/CMSIS/Include -O0 -ffunction-sections -fdata-sections -Wall -fstack-usage -fcyclomatic-complexity -MMD -MP -MF"Core/Src/sensors.d" -MT"Core/Src/sensors.o" --specs=nano.specs -mfloat-abi=soft -mthumb -o "Core/Src/sensors.o"
arm-none-eabi-gcc -o "FW.elf" @"objects.list"   -mcpu=cortex-m3 -T"C:\Users\sykojo\Documents\_electronics\hall_probe\FW\STM32F103RETX_FLASH.ld" --specs=nosys.specs -Wl,-Map="FW.map" -Wl,--gc-sections -static --specs=nano.specs -mfloat-abi=soft -mthumb -Wl,--start-group -lc -lm -Wl,--end-group
Finished building target: FW.elf
 
arm-none-eabi-size  FW.elf 
arm-none-eabi-objdump -h -S FW.elf  > "FW.list"
   text	   data	    bss	    dec	    hex	filename
  11648	     20	   2044	  13712	   3590	FW.elf
Finished building: default.size.stdout
 
Finished building: FW.list
 
17:33:22 **** Incremental Build of configuration Debug for project FW ****
make -j12 all 
arm-none-eabi-size  FW.elf 
   text	   data	    bss	    dec	    hex	filename
  11648	     20	   2044	  13712	   3590	FW.elf
Finished building: default.size.stdout
 
17:33:56 **** Incremental Build of configuration Debug for project FW ****
make -j12 all 
arm-none-eabi-gcc "../Core/Src/main.c" -mcpu=cortex-m3 -std=gnu11 -g3 -DDEBUG -DUSE_HAL_DRIVER -DSTM32F103xE -c -I../Core/Inc -I../Drivers/STM32F1xx_HAL_Driver/Inc -I../Drivers/STM32F1xx_HAL_Driver/Inc/Legacy -I../Drivers/CMSIS/Device/ST/STM32F1xx/Include -I../Drivers/CMSIS/Include -O0 -ffunction-sections -fdata-sections -Wall -fstack-usage -fcyclomatic-complexity -MMD -MP -MF"Core/Src/main.d" -MT"Core/Src/main.o" --specs=nano.specs -mfloat-abi=soft -mthumb -o "Core/Src/main.o"
../Core/Src/main.c: In function 'main':
../Core/Src/main.c:121:40: warning: passing argument 2 of 'calc_crc' from incompatible pointer type [-Wincompatible-pointer-types]
  121 |   crc_disable[3] = calc_crc(adress[0], &crc_disable[2]);
      |                                        ^~~~~~~~~~~~~~~
      |                                        |
      |                                        uint8_t * {aka unsigned char *}
In file included from ../Core/Inc/spi_handler.h:6,
                 from ../Core/Src/main.c:29:
../Core/Inc/sensors.h:101:45: note: expected 'uint16_t *' {aka 'short unsigned int *'} but argument is of type 'uint8_t *' {aka 'unsigned char *'}
  101 | uint8_t calc_crc(REGISTER_ADR adr,uint16_t* data);
      |                                   ~~~~~~~~~~^~~~
../Core/Src/main.c:119:12: warning: variable 'result' set but not used [-Wunused-but-set-variable]
  119 |   uint16_t result = reg_data[1] + reg_data[2];
      |            ^~~~~~
../Core/Src/main.c:73:18: warning: unused variable 'stat' [-Wunused-variable]
   73 |         uint16_t stat;
      |                  ^~~~
arm-none-eabi-gcc -o "FW.elf" @"objects.list"   -mcpu=cortex-m3 -T"C:\Users\sykojo\Documents\_electronics\hall_probe\FW\STM32F103RETX_FLASH.ld" --specs=nosys.specs -Wl,-Map="FW.map" -Wl,--gc-sections -static --specs=nano.specs -mfloat-abi=soft -mthumb -Wl,--start-group -lc -lm -Wl,--end-group
Finished building target: FW.elf
 
arm-none-eabi-size  FW.elf 
arm-none-eabi-objdump -h -S FW.elf  > "FW.list"
   text	   data	    bss	    dec	    hex	filename
  11648	     20	   2044	  13712	   3590	FW.elf
Finished building: default.size.stdout
 
Finished building: FW.list
 
17:34:34 **** Incremental Build of configuration Debug for project FW ****
make -j12 all 
arm-none-eabi-gcc "../Core/Src/main.c" -mcpu=cortex-m3 -std=gnu11 -g3 -DDEBUG -DUSE_HAL_DRIVER -DSTM32F103xE -c -I../Core/Inc -I../Drivers/STM32F1xx_HAL_Driver/Inc -I../Drivers/STM32F1xx_HAL_Driver/Inc/Legacy -I../Drivers/CMSIS/Device/ST/STM32F1xx/Include -I../Drivers/CMSIS/Include -O0 -ffunction-sections -fdata-sections -Wall -fstack-usage -fcyclomatic-complexity -MMD -MP -MF"Core/Src/main.d" -MT"Core/Src/main.o" --specs=nano.specs -mfloat-abi=soft -mthumb -o "Core/Src/main.o"
../Core/Src/main.c: In function 'main':
../Core/Src/main.c:121:40: warning: passing argument 2 of 'calc_crc' from incompatible pointer type [-Wincompatible-pointer-types]
  121 |   crc_disable[3] = calc_crc(adress[0], &crc_disable[2]);
      |                                        ^~~~~~~~~~~~~~~
      |                                        |
      |                                        uint8_t * {aka unsigned char *}
In file included from ../Core/Inc/spi_handler.h:6,
                 from ../Core/Src/main.c:29:
../Core/Inc/sensors.h:101:45: note: expected 'uint16_t *' {aka 'short unsigned int *'} but argument is of type 'uint8_t *' {aka 'unsigned char *'}
  101 | uint8_t calc_crc(REGISTER_ADR adr,uint16_t* data);
      |                                   ~~~~~~~~~~^~~~
../Core/Src/main.c:119:12: warning: variable 'result' set but not used [-Wunused-but-set-variable]
  119 |   uint16_t result = reg_data[1] + reg_data[2];
      |            ^~~~~~
../Core/Src/main.c:73:18: warning: unused variable 'stat' [-Wunused-variable]
   73 |         uint16_t stat;
      |                  ^~~~
arm-none-eabi-gcc -o "FW.elf" @"objects.list"   -mcpu=cortex-m3 -T"C:\Users\sykojo\Documents\_electronics\hall_probe\FW\STM32F103RETX_FLASH.ld" --specs=nosys.specs -Wl,-Map="FW.map" -Wl,--gc-sections -static --specs=nano.specs -mfloat-abi=soft -mthumb -Wl,--start-group -lc -lm -Wl,--end-group
Finished building target: FW.elf
 
arm-none-eabi-size  FW.elf 
arm-none-eabi-objdump -h -S FW.elf  > "FW.list"
   text	   data	    bss	    dec	    hex	filename
  11648	     20	   2044	  13712	   3590	FW.elf
Finished building: default.size.stdout
 
Finished building: FW.list
 
17:35:03 **** Incremental Build of configuration Debug for project FW ****
make -j12 all 
arm-none-eabi-size  FW.elf 
   text	   data	    bss	    dec	    hex	filename
  11648	     20	   2044	  13712	   3590	FW.elf
Finished building: default.size.stdout
 
17:55:33 **** Incremental Build of configuration Debug for project FW ****
make -j12 all 
arm-none-eabi-gcc "../Core/Src/main.c" -mcpu=cortex-m3 -std=gnu11 -g3 -DDEBUG -DUSE_HAL_DRIVER -DSTM32F103xE -c -I../Core/Inc -I../Drivers/STM32F1xx_HAL_Driver/Inc -I../Drivers/STM32F1xx_HAL_Driver/Inc/Legacy -I../Drivers/CMSIS/Device/ST/STM32F1xx/Include -I../Drivers/CMSIS/Include -O0 -ffunction-sections -fdata-sections -Wall -fstack-usage -fcyclomatic-complexity -MMD -MP -MF"Core/Src/main.d" -MT"Core/Src/main.o" --specs=nano.specs -mfloat-abi=soft -mthumb -o "Core/Src/main.o"
../Core/Src/main.c: In function 'main':
../Core/Src/main.c:73:18: warning: unused variable 'stat' [-Wunused-variable]
   73 |         uint16_t stat;
      |                  ^~~~
arm-none-eabi-gcc -o "FW.elf" @"objects.list"   -mcpu=cortex-m3 -T"C:\Users\sykojo\Documents\_electronics\hall_probe\FW\STM32F103RETX_FLASH.ld" --specs=nosys.specs -Wl,-Map="FW.map" -Wl,--gc-sections -static --specs=nano.specs -mfloat-abi=soft -mthumb -Wl,--start-group -lc -lm -Wl,--end-group
Finished building target: FW.elf
 
arm-none-eabi-size  FW.elf 
arm-none-eabi-objdump -h -S FW.elf  > "FW.list"
   text	   data	    bss	    dec	    hex	filename
  11364	     20	   2044	  13428	   3474	FW.elf
Finished building: default.size.stdout
 
Finished building: FW.list
 
18:08:01 **** Incremental Build of configuration Debug for project FW ****
make -j12 all 
arm-none-eabi-gcc "../Core/Src/main.c" -mcpu=cortex-m3 -std=gnu11 -g3 -DDEBUG -DUSE_HAL_DRIVER -DSTM32F103xE -c -I../Core/Inc -I../Drivers/STM32F1xx_HAL_Driver/Inc -I../Drivers/STM32F1xx_HAL_Driver/Inc/Legacy -I../Drivers/CMSIS/Device/ST/STM32F1xx/Include -I../Drivers/CMSIS/Include -O0 -ffunction-sections -fdata-sections -Wall -fstack-usage -fcyclomatic-complexity -MMD -MP -MF"Core/Src/main.d" -MT"Core/Src/main.o" --specs=nano.specs -mfloat-abi=soft -mthumb -o "Core/Src/main.o"
../Core/Src/main.c: In function 'main':
../Core/Src/main.c:73:18: warning: unused variable 'stat' [-Wunused-variable]
   73 |         uint16_t stat;
      |                  ^~~~
arm-none-eabi-gcc -o "FW.elf" @"objects.list"   -mcpu=cortex-m3 -T"C:\Users\sykojo\Documents\_electronics\hall_probe\FW\STM32F103RETX_FLASH.ld" --specs=nosys.specs -Wl,-Map="FW.map" -Wl,--gc-sections -static --specs=nano.specs -mfloat-abi=soft -mthumb -Wl,--start-group -lc -lm -Wl,--end-group
Finished building target: FW.elf
 
arm-none-eabi-size  FW.elf 
arm-none-eabi-objdump -h -S FW.elf  > "FW.list"
   text	   data	    bss	    dec	    hex	filename
  11396	     20	   2044	  13460	   3494	FW.elf
Finished building: default.size.stdout
 
Finished building: FW.list
 
18:13:48 **** Incremental Build of configuration Debug for project FW ****
make -j12 all 
arm-none-eabi-gcc "../Core/Src/main.c" -mcpu=cortex-m3 -std=gnu11 -g3 -DDEBUG -DUSE_HAL_DRIVER -DSTM32F103xE -c -I../Core/Inc -I../Drivers/STM32F1xx_HAL_Driver/Inc -I../Drivers/STM32F1xx_HAL_Driver/Inc/Legacy -I../Drivers/CMSIS/Device/ST/STM32F1xx/Include -I../Drivers/CMSIS/Include -O0 -ffunction-sections -fdata-sections -Wall -fstack-usage -fcyclomatic-complexity -MMD -MP -MF"Core/Src/main.d" -MT"Core/Src/main.o" --specs=nano.specs -mfloat-abi=soft -mthumb -o "Core/Src/main.o"
../Core/Src/main.c: In function 'main':
../Core/Src/main.c:73:18: warning: unused variable 'stat' [-Wunused-variable]
   73 |         uint16_t stat;
      |                  ^~~~
arm-none-eabi-gcc -o "FW.elf" @"objects.list"   -mcpu=cortex-m3 -T"C:\Users\sykojo\Documents\_electronics\hall_probe\FW\STM32F103RETX_FLASH.ld" --specs=nosys.specs -Wl,-Map="FW.map" -Wl,--gc-sections -static --specs=nano.specs -mfloat-abi=soft -mthumb -Wl,--start-group -lc -lm -Wl,--end-group
Finished building target: FW.elf
 
arm-none-eabi-size  FW.elf 
arm-none-eabi-objdump -h -S FW.elf  > "FW.list"
   text	   data	    bss	    dec	    hex	filename
  11508	     20	   2044	  13572	   3504	FW.elf
Finished building: default.size.stdout
 
Finished building: FW.list
 
