Archive member included to satisfy reference by file (symbol)

C:/ST/STM32CubeIDE_1.14.0/STM32CubeIDE/plugins/com.st.stm32cube.ide.mcu.externaltools.gnu-tools-for-stm32.11.3.rel1.win32_1.1.100.202309141235/tools/bin/../lib/gcc/arm-none-eabi/11.3.1/../../../../arm-none-eabi/lib/thumb/v7-m/nofp\libc_nano.a(libc_a-exit.o)
                              C:/ST/STM32CubeIDE_1.14.0/STM32CubeIDE/plugins/com.st.stm32cube.ide.mcu.externaltools.gnu-tools-for-stm32.11.3.rel1.win32_1.1.100.202309141235/tools/bin/../lib/gcc/arm-none-eabi/11.3.1/../../../../arm-none-eabi/lib/thumb/v7-m/nofp/crt0.o (exit)
C:/ST/STM32CubeIDE_1.14.0/STM32CubeIDE/plugins/com.st.stm32cube.ide.mcu.externaltools.gnu-tools-for-stm32.11.3.rel1.win32_1.1.100.202309141235/tools/bin/../lib/gcc/arm-none-eabi/11.3.1/../../../../arm-none-eabi/lib/thumb/v7-m/nofp\libc_nano.a(libc_a-findfp.o)
                              C:/ST/STM32CubeIDE_1.14.0/STM32CubeIDE/plugins/com.st.stm32cube.ide.mcu.externaltools.gnu-tools-for-stm32.11.3.rel1.win32_1.1.100.202309141235/tools/bin/../lib/gcc/arm-none-eabi/11.3.1/../../../../arm-none-eabi/lib/thumb/v7-m/nofp\libc_nano.a(libc_a-exit.o) (__stdio_exit_handler)
C:/ST/STM32CubeIDE_1.14.0/STM32CubeIDE/plugins/com.st.stm32cube.ide.mcu.externaltools.gnu-tools-for-stm32.11.3.rel1.win32_1.1.100.202309141235/tools/bin/../lib/gcc/arm-none-eabi/11.3.1/../../../../arm-none-eabi/lib/thumb/v7-m/nofp\libc_nano.a(libc_a-fwalk.o)
                              C:/ST/STM32CubeIDE_1.14.0/STM32CubeIDE/plugins/com.st.stm32cube.ide.mcu.externaltools.gnu-tools-for-stm32.11.3.rel1.win32_1.1.100.202309141235/tools/bin/../lib/gcc/arm-none-eabi/11.3.1/../../../../arm-none-eabi/lib/thumb/v7-m/nofp\libc_nano.a(libc_a-findfp.o) (_fwalk_sglue)
C:/ST/STM32CubeIDE_1.14.0/STM32CubeIDE/plugins/com.st.stm32cube.ide.mcu.externaltools.gnu-tools-for-stm32.11.3.rel1.win32_1.1.100.202309141235/tools/bin/../lib/gcc/arm-none-eabi/11.3.1/../../../../arm-none-eabi/lib/thumb/v7-m/nofp\libc_nano.a(libc_a-printf.o)
                              ./Core/Src/spi_handler.o (printf)
C:/ST/STM32CubeIDE_1.14.0/STM32CubeIDE/plugins/com.st.stm32cube.ide.mcu.externaltools.gnu-tools-for-stm32.11.3.rel1.win32_1.1.100.202309141235/tools/bin/../lib/gcc/arm-none-eabi/11.3.1/../../../../arm-none-eabi/lib/thumb/v7-m/nofp\libc_nano.a(libc_a-stdio.o)
                              C:/ST/STM32CubeIDE_1.14.0/STM32CubeIDE/plugins/com.st.stm32cube.ide.mcu.externaltools.gnu-tools-for-stm32.11.3.rel1.win32_1.1.100.202309141235/tools/bin/../lib/gcc/arm-none-eabi/11.3.1/../../../../arm-none-eabi/lib/thumb/v7-m/nofp\libc_nano.a(libc_a-findfp.o) (__sread)
C:/ST/STM32CubeIDE_1.14.0/STM32CubeIDE/plugins/com.st.stm32cube.ide.mcu.externaltools.gnu-tools-for-stm32.11.3.rel1.win32_1.1.100.202309141235/tools/bin/../lib/gcc/arm-none-eabi/11.3.1/../../../../arm-none-eabi/lib/thumb/v7-m/nofp\libc_nano.a(libc_a-memset.o)
                              C:/ST/STM32CubeIDE_1.14.0/STM32CubeIDE/plugins/com.st.stm32cube.ide.mcu.externaltools.gnu-tools-for-stm32.11.3.rel1.win32_1.1.100.202309141235/tools/bin/../lib/gcc/arm-none-eabi/11.3.1/../../../../arm-none-eabi/lib/thumb/v7-m/nofp/crt0.o (memset)
C:/ST/STM32CubeIDE_1.14.0/STM32CubeIDE/plugins/com.st.stm32cube.ide.mcu.externaltools.gnu-tools-for-stm32.11.3.rel1.win32_1.1.100.202309141235/tools/bin/../lib/gcc/arm-none-eabi/11.3.1/../../../../arm-none-eabi/lib/thumb/v7-m/nofp\libc_nano.a(libc_a-closer.o)
                              C:/ST/STM32CubeIDE_1.14.0/STM32CubeIDE/plugins/com.st.stm32cube.ide.mcu.externaltools.gnu-tools-for-stm32.11.3.rel1.win32_1.1.100.202309141235/tools/bin/../lib/gcc/arm-none-eabi/11.3.1/../../../../arm-none-eabi/lib/thumb/v7-m/nofp\libc_nano.a(libc_a-stdio.o) (_close_r)
C:/ST/STM32CubeIDE_1.14.0/STM32CubeIDE/plugins/com.st.stm32cube.ide.mcu.externaltools.gnu-tools-for-stm32.11.3.rel1.win32_1.1.100.202309141235/tools/bin/../lib/gcc/arm-none-eabi/11.3.1/../../../../arm-none-eabi/lib/thumb/v7-m/nofp\libc_nano.a(libc_a-reent.o)
                              C:/ST/STM32CubeIDE_1.14.0/STM32CubeIDE/plugins/com.st.stm32cube.ide.mcu.externaltools.gnu-tools-for-stm32.11.3.rel1.win32_1.1.100.202309141235/tools/bin/../lib/gcc/arm-none-eabi/11.3.1/../../../../arm-none-eabi/lib/thumb/v7-m/nofp\libc_nano.a(libc_a-closer.o) (errno)
C:/ST/STM32CubeIDE_1.14.0/STM32CubeIDE/plugins/com.st.stm32cube.ide.mcu.externaltools.gnu-tools-for-stm32.11.3.rel1.win32_1.1.100.202309141235/tools/bin/../lib/gcc/arm-none-eabi/11.3.1/../../../../arm-none-eabi/lib/thumb/v7-m/nofp\libc_nano.a(libc_a-impure.o)
                              C:/ST/STM32CubeIDE_1.14.0/STM32CubeIDE/plugins/com.st.stm32cube.ide.mcu.externaltools.gnu-tools-for-stm32.11.3.rel1.win32_1.1.100.202309141235/tools/bin/../lib/gcc/arm-none-eabi/11.3.1/../../../../arm-none-eabi/lib/thumb/v7-m/nofp\libc_nano.a(libc_a-printf.o) (_impure_ptr)
[...]
Memory Configuration

Name             Origin             Length             Attributes
RAM              0x0000000020000000 0x0000000000010000 xrw
FLASH            0x0000000008000000 0x0000000000080000 xr
*default*        0x0000000000000000 0xffffffffffffffff

Linker script and memory map

LOAD C:/ST/STM32CubeIDE_1.14.0/STM32CubeIDE/plugins/com.st.stm32cube.ide.mcu.externaltools.gnu-tools-for-stm32.11.3.rel1.win32_1.1.100.202309141235/tools/bin/../lib/gcc/arm-none-eabi/11.3.1/thumb/v7-m/nofp/crti.o
LOAD C:/ST/STM32CubeIDE_1.14.0/STM32CubeIDE/plugins/com.st.stm32cube.ide.mcu.externaltools.gnu-tools-for-stm32.11.3.rel1.win32_1.1.100.202309141235/tools/bin/../lib/gcc/arm-none-eabi/11.3.1/thumb/v7-m/nofp/crtbegin.o
LOAD C:/ST/STM32CubeIDE_1.14.0/STM32CubeIDE/plugins/com.st.stm32cube.ide.mcu.externaltools.gnu-tools-for-stm32.11.3.rel1.win32_1.1.100.202309141235/tools/bin/../lib/gcc/arm-none-eabi/11.3.1/../../../../arm-none-eabi/lib/thumb/v7-m/nofp/crt0.o
LOAD ./Core/Src/dma.o
LOAD ./Core/Src/gpio.o
LOAD ./Core/Src/i2c.o
LOAD ./Core/Src/main.o
LOAD ./Core/Src/sensors.o
LOAD ./Core/Src/spi.o
LOAD ./Core/Src/spi_handler.o
LOAD ./Core/Src/stm32f1xx_hal_msp.o
LOAD ./Core/Src/stm32f1xx_it.o
LOAD ./Core/Src/syscalls.o
LOAD ./Core/Src/sysmem.o
LOAD ./Core/Src/system_stm32f1xx.o
LOAD ./Core/Src/uart_bridge.o
LOAD ./Core/Src/usart.o
LOAD ./Core/Startup/startup_stm32f103retx.o
LOAD ./Drivers/STM32F1xx_HAL_Driver/Src/stm32f1xx_hal.o
LOAD ./Drivers/STM32F1xx_HAL_Driver/Src/stm32f1xx_hal_cortex.o
LOAD ./Drivers/STM32F1xx_HAL_Driver/Src/stm32f1xx_hal_dma.o
LOAD ./Drivers/STM32F1xx_HAL_Driver/Src/stm32f1xx_hal_exti.o
LOAD ./Drivers/STM32F1xx_HAL_Driver/Src/stm32f1xx_hal_flash.o
LOAD ./Drivers/STM32F1xx_HAL_Driver/Src/stm32f1xx_hal_flash_ex.o
LOAD ./Drivers/STM32F1xx_HAL_Driver/Src/stm32f1xx_hal_gpio.o
LOAD ./Drivers/STM32F1xx_HAL_Driver/Src/stm32f1xx_hal_gpio_ex.o
LOAD ./Drivers/STM32F1xx_HAL_Driver/Src/stm32f1xx_hal_i2c.o
LOAD ./Drivers/STM32F1xx_HAL_Driver/Src/stm32f1xx_hal_pwr.o
LOAD ./Drivers/STM32F1xx_HAL_Driver/Src/stm32f1xx_hal_rcc.o
LOAD ./Drivers/STM32F1xx_HAL_Driver/Src/stm32f1xx_hal_rcc_ex.o
LOAD ./Drivers/STM32F1xx_HAL_Driver/Src/stm32f1xx_hal_spi.o
LOAD ./Drivers/STM32F1xx_HAL_Driver/Src/stm32f1xx_hal_tim.o
LOAD ./Drivers/STM32F1xx_HAL_Driver/Src/stm32f1xx_hal_tim_ex.o
LOAD ./Drivers/STM32F1xx_HAL_Driver/Src/stm32f1xx_hal_uart.o
START GROUP
LOAD C:/ST/STM32CubeIDE_1.14.0/STM32CubeIDE/plugins/com.st.stm32cube.ide.mcu.externaltools.gnu-tools-for-stm32.11.3.rel1.win32_1.1.100.202309141235/tools/bin/../lib/gcc/arm-none-eabi/11.3.1/../../../../arm-none-eabi/lib/thumb/v7-m/nofp\libc_nano.a
LOAD C:/ST/STM32CubeIDE_1.14.0/STM32CubeIDE/plugins/com.st.stm32cube.ide.mcu.externaltools.gnu-tools-for-stm32.11.3.rel1.win32_1.1.100.202309141235/tools/bin/../lib/gcc/arm-none-eabi/11.3.1/../../../../arm-none-eabi/lib/thumb/v7-m/nofp\libm.a
END GROUP
START GROUP
LOAD C:/ST/STM32CubeIDE_1.14.0/STM32CubeIDE/plugins/com.st.stm32cube.ide.mcu.externaltools.gnu-tools-for-stm32.11.3.rel1.win32_1.1.100.202309141235/tools/bin/../lib/gcc/arm-none-eabi/11.3.1/thumb/v7-m/nofp\libgcc.a
LOAD C:/ST/STM32CubeIDE_1.14.0/STM32CubeIDE/plugins/com.st.stm32cube.ide.mcu.externaltools.gnu-tools-for-stm32.11.3.rel1.win32_1.1.100.202309141235/tools/bin/../lib/gcc/arm-none-eabi/11.3.1/../../../../arm-none-eabi/lib/thumb/v7-m/nofp\libc_nano.a
END GROUP
START GROUP
LOAD C:/ST/STM32CubeIDE_1.14.0/STM32CubeIDE/plugins/com.st.stm32cube.ide.mcu.externaltools.gnu-tools-for-stm32.11.3.rel1.win32_1.1.100.202309141235/tools/bin/../lib/gcc/arm-none-eabi/11.3.1/thumb/v7-m/nofp\libgcc.a
LOAD C:/ST/STM32CubeIDE_1.14.0/STM32CubeIDE/plugins/com.st.stm32cube.ide.mcu.externaltools.gnu-tools-for-stm32.11.3.rel1.win32_1.1.100.202309141235/tools/bin/../lib/gcc/arm-none-eabi/11.3.1/../../../../arm-none-eabi/lib/thumb/v7-m/nofp\libc_nano.a
LOAD C:/ST/STM32CubeIDE_1.14.0/STM32CubeIDE/plugins/com.st.stm32cube.ide.mcu.externaltools.gnu-tools-for-stm32.11.3.rel1.win32_1.1.100.202309141235/tools/bin/../lib/gcc/arm-none-eabi/11.3.1/../../../../arm-none-eabi/lib/thumb/v7-m/nofp\libnosys.a
END GROUP
START GROUP
LOAD C:/ST/STM32CubeIDE_1.14.0/STM32CubeIDE/plugins/com.st.stm32cube.ide.mcu.externaltools.gnu-tools-for-stm32.11.3.rel1.win32_1.1.100.202309141235/tools/bin/../lib/gcc/arm-none-eabi/11.3.1/thumb/v7-m/nofp\libgcc.a
LOAD C:/ST/STM32CubeIDE_1.14.0/STM32CubeIDE/plugins/com.st.stm32cube.ide.mcu.externaltools.gnu-tools-for-stm32.11.3.rel1.win32_1.1.100.202309141235/tools/bin/../lib/gcc/arm-none-eabi/11.3.1/../../../../arm-none-eabi/lib/thumb/v7-m/nofp\libc_nano.a
LOAD C:/ST/STM32CubeIDE_1.14.0/STM32CubeIDE/plugins/com.st.stm32cube.ide.mcu.externaltools.gnu-tools-for-stm32.11.3.rel1.win32_1.1.100.202309141235/tools/bin/../lib/gcc/arm-none-eabi/11.3.1/../../../../arm-none-eabi/lib/thumb/v7-m/nofp\libnosys.a
END GROUP
LOAD C:/ST/STM32CubeIDE_1.14.0/STM32CubeIDE/plugins/com.st.stm32cube.ide.mcu.externaltools.gnu-tools-for-stm32.11.3.rel1.win32_1.1.100.202309141235/tools/bin/../lib/gcc/arm-none-eabi/11.3.1/thumb/v7-m/nofp/crtend.o
LOAD C:/ST/STM32CubeIDE_1.14.0/STM32CubeIDE/plugins/com.st.stm32cube.ide.mcu.externaltools.gnu-tools-for-stm32.11.3.rel1.win32_1.1.100.202309141235/tools/bin/../lib/gcc/arm-none-eabi/11.3.1/thumb/v7-m/nofp/crtn.o
                0x0000000020010000                _estack = (ORIGIN (RAM) + LENGTH (RAM))
                0x0000000000000200                _Min_Heap_Size = 0x200
                0x0000000000000400                _Min_Stack_Size = 0x400

.isr_vector     0x0000000008000000      0x1e4
                0x0000000008000000                . = ALIGN (0x4)
 *(.isr_vector)
 .isr_vector    0x0000000008000000      0x1e4 ./Core/Startup/startup_stm32f103retx.o
                0x0000000008000000                g_pfnVectors
                0x00000000080001e4                . = ALIGN (0x4)

.text           0x00000000080001e4     0x3b70
                0x00000000080001e4                . = ALIGN (0x4)
 *(.text)
 .text          0x00000000080001e4       0x40 C:/ST/STM32CubeIDE_1.14.0/STM32CubeIDE/plugins/com.st.stm32cube.ide.mcu.externaltools.gnu-tools-for-stm32.11.3.rel1.win32_1.1.100.202309141235/tools/bin/../lib/gcc/arm-none-eabi/11.3.1/thumb/v7-m/nofp/crtbegin.o
 .text          0x0000000008000224      0x378 C:/ST/STM32CubeIDE_1.14.0/STM32CubeIDE/plugins/com.st.stm32cube.ide.mcu.externaltools.gnu-tools-for-stm32.11.3.rel1.win32_1.1.100.202309141235/tools/bin/../lib/gcc/arm-none-eabi/11.3.1/thumb/v7-m/nofp\libgcc.a(_arm_addsubdf3.o)
                0x0000000008000224                __aeabi_drsub
                0x000000000800022c                __aeabi_dsub
                0x000000000800022c                __subdf3
                0x0000000008000230                __aeabi_dadd
                0x0000000008000230                __adddf3
                0x00000000080004a8                __floatunsidf
                0x00000000080004a8                __aeabi_ui2d
                0x00000000080004c8                __floatsidf
                0x00000000080004c8                __aeabi_i2d
                0x00000000080004ec                __aeabi_f2d
                0x00000000080004ec                __extendsfdf2
                0x0000000008000530                __floatundidf
                0x0000000008000530                __aeabi_ul2d
                0x0000000008000540                __floatdidf
                0x0000000008000540                __aeabi_l2d
 .text          0x000000000800059c      0x424 C:/ST/STM32CubeIDE_1.14.0/STM32CubeIDE/plugins/com.st.stm32cube.ide.mcu.externaltools.gnu-tools-for-stm32.11.3.rel1.win32_1.1.100.202309141235/tools/bin/../lib/gcc/arm-none-eabi/11.3.1/thumb/v7-m/nofp\libgcc.a(_arm_muldivdf3.o)
                0x000000000800059c                __aeabi_dmul
                0x000000000800059c                __muldf3
                0x00000000080007f0                __divdf3
                0x00000000080007f0                __aeabi_ddiv
 .text          0x00000000080009c0       0x40 C:/ST/STM32CubeIDE_1.14.0/STM32CubeIDE/plugins/com.st.stm32cube.ide.mcu.externaltools.gnu-tools-for-stm32.11.3.rel1.win32_1.1.100.202309141235/tools/bin/../lib/gcc/arm-none-eabi/11.3.1/thumb/v7-m/nofp\libgcc.a(_arm_fixunsdfsi.o)
                0x00000000080009c0                __aeabi_d2uiz
                0x00000000080009c0                __fixunsdfsi
 *(.text*)
 .text.MX_DMA_Init
                0x0000000008000a00       0x3c ./Core/Src/dma.o
                0x0000000008000a00                MX_DMA_Init
 .text.MX_GPIO_Init
                0x0000000008000a3c      0x130 ./Core/Src/gpio.o
                0x0000000008000a3c                MX_GPIO_Init
 .text.MX_I2C1_Init
                0x0000000008000b6c       0x5c ./Core/Src/i2c.o
                0x0000000008000b6c                MX_I2C1_Init
 .text.HAL_I2C_MspInit
                0x0000000008000bc8       0x7c ./Core/Src/i2c.o
                0x0000000008000bc8                HAL_I2C_MspInit
 .text.main     0x0000000008000c44       0xdc ./Core/Src/main.o
                0x0000000008000c44                main
 .text.SystemClock_Config
                0x0000000008000d20       0x8c ./Core/Src/main.o
                0x0000000008000d20                SystemClock_Config
 .text.Error_Handler
                0x0000000008000dac        0xa ./Core/Src/main.o
                0x0000000008000dac                Error_Handler
 .text.writeToRegister
                0x0000000008000db6       0x32 ./Core/Src/sensors.o
                0x0000000008000db6                writeToRegister
 .text.sensor_init
                0x0000000008000de8      0x108 ./Core/Src/sensors.o
                0x0000000008000de8                sensor_init
 .text.sensor_power_on
                0x0000000008000ef0       0x18 ./Core/Src/sensors.o
                0x0000000008000ef0                sensor_power_on
 .text.deactivateSCLR
                0x0000000008000f08       0x18 ./Core/Src/sensors.o
                0x0000000008000f08                deactivateSCLR
 .text.calc_crc
                0x0000000008000f20       0xa8 ./Core/Src/sensors.o
                0x0000000008000f20                calc_crc
 .text.registers_adr_config
                0x0000000008000fc8       0x7e ./Core/Src/sensors.o
                0x0000000008000fc8                registers_adr_config
 .text.read_register
                0x0000000008001046       0xd0 ./Core/Src/sensors.o
                0x0000000008001046                read_register
 .text.registersAreSet
                0x0000000008001116       0x42 ./Core/Src/sensors.o
                0x0000000008001116                registersAreSet
 .text.device_config
                0x0000000008001158       0x6c ./Core/Src/sensors.o
                0x0000000008001158                device_config
 .text.sensor_config
                0x00000000080011c4       0x6c ./Core/Src/sensors.o
                0x00000000080011c4                sensor_config
 .text.system_config
                0x0000000008001230       0x76 ./Core/Src/sensors.o
                0x0000000008001230                system_config
 *fill*         0x00000000080012a6        0x2 
 .text.select_sensor
                0x00000000080012a8       0x4c ./Core/Src/sensors.o
                0x00000000080012a8                select_sensor
 .text.deselect_sensor
                0x00000000080012f4       0x38 ./Core/Src/sensors.o
                0x00000000080012f4                deselect_sensor
 .text.set_sh_reg_OE
                0x000000000800132c       0x24 ./Core/Src/sensors.o
                0x000000000800132c                set_sh_reg_OE
 .text.calculate_B
                0x0000000008001350       0xb8 ./Core/Src/sensors.o
                0x0000000008001350                calculate_B
 .text.measuringLED
                0x0000000008001408       0x1c ./Core/Src/sensors.o
                0x0000000008001408                measuringLED
 .text.errorLED
                0x0000000008001424       0x1c ./Core/Src/sensors.o
                0x0000000008001424                errorLED
 .text.MX_SPI1_Init
                0x0000000008001440       0x6c ./Core/Src/spi.o
                0x0000000008001440                MX_SPI1_Init
 .text.MX_SPI2_Init
                0x00000000080014ac       0x6c ./Core/Src/spi.o
                0x00000000080014ac                MX_SPI2_Init
 .text.HAL_SPI_MspInit
                0x0000000008001518      0x10c ./Core/Src/spi.o
                0x0000000008001518                HAL_SPI_MspInit
 .text.spi_read_reg
                0x0000000008001624       0x6c ./Core/Src/spi_handler.o
                0x0000000008001624                spi_read_reg
 .text.spi_write_reg
                0x0000000008001690       0x54 ./Core/Src/spi_handler.o
                0x0000000008001690                spi_write_reg
 .text.HAL_MspInit
                0x00000000080016e4       0x64 ./Core/Src/stm32f1xx_hal_msp.o
                0x00000000080016e4                HAL_MspInit
 .text.NMI_Handler
                0x0000000008001748        0x6 ./Core/Src/stm32f1xx_it.o
                0x0000000008001748                NMI_Handler
 .text.HardFault_Handler
                0x000000000800174e        0x6 ./Core/Src/stm32f1xx_it.o
                0x000000000800174e                HardFault_Handler
 .text.MemManage_Handler
                0x0000000008001754        0x6 ./Core/Src/stm32f1xx_it.o
                0x0000000008001754                MemManage_Handler
 .text.BusFault_Handler
                0x000000000800175a        0x6 ./Core/Src/stm32f1xx_it.o
                0x000000000800175a                BusFault_Handler
 .text.UsageFault_Handler
                0x0000000008001760        0x6 ./Core/Src/stm32f1xx_it.o
                0x0000000008001760                UsageFault_Handler
 .text.SVC_Handler
                0x0000000008001766        0xc ./Core/Src/stm32f1xx_it.o
                0x0000000008001766                SVC_Handler
 .text.DebugMon_Handler
                0x0000000008001772        0xc ./Core/Src/stm32f1xx_it.o
                0x0000000008001772                DebugMon_Handler
 .text.PendSV_Handler
                0x000000000800177e        0xc ./Core/Src/stm32f1xx_it.o
                0x000000000800177e                PendSV_Handler
 .text.SysTick_Handler
                0x000000000800178a        0xc ./Core/Src/stm32f1xx_it.o
                0x000000000800178a                SysTick_Handler
 *fill*         0x0000000008001796        0x2 
 .text.DMA2_Channel4_5_IRQHandler
                0x0000000008001798       0x14 ./Core/Src/stm32f1xx_it.o
                0x0000000008001798                DMA2_Channel4_5_IRQHandler
 .text.SystemInit
                0x00000000080017ac        0xc ./Core/Src/system_stm32f1xx.o
                0x00000000080017ac                SystemInit
 .text.MX_UART4_Init
                0x00000000080017b8       0x54 ./Core/Src/usart.o
                0x00000000080017b8                MX_UART4_Init
 .text.MX_UART5_Init
                0x000000000800180c       0x54 ./Core/Src/usart.o
                0x000000000800180c                MX_UART5_Init
 .text.HAL_UART_MspInit
                0x0000000008001860      0x17c ./Core/Src/usart.o
                0x0000000008001860                HAL_UART_MspInit
 .text.Reset_Handler
                0x00000000080019dc       0x48 ./Core/Startup/startup_stm32f103retx.o
                0x00000000080019dc                Reset_Handler
 .text.Default_Handler
                0x0000000008001a24        0x2 ./Core/Startup/startup_stm32f103retx.o
                0x0000000008001a24                RTC_Alarm_IRQHandler
                0x0000000008001a24                EXTI2_IRQHandler
                0x0000000008001a24                TIM8_TRG_COM_IRQHandler
                0x0000000008001a24                TIM8_CC_IRQHandler
                0x0000000008001a24                TIM1_CC_IRQHandler
                0x0000000008001a24                TIM6_IRQHandler
                0x0000000008001a24                PVD_IRQHandler
                0x0000000008001a24                SDIO_IRQHandler
                0x0000000008001a24                EXTI3_IRQHandler
                0x0000000008001a24                EXTI0_IRQHandler
                0x0000000008001a24                I2C2_EV_IRQHandler
                0x0000000008001a24                ADC1_2_IRQHandler
                0x0000000008001a24                SPI1_IRQHandler
                0x0000000008001a24                TAMPER_IRQHandler
                0x0000000008001a24                TIM8_UP_IRQHandler
                0x0000000008001a24                DMA2_Channel2_IRQHandler
                0x0000000008001a24                DMA1_Channel4_IRQHandler
                0x0000000008001a24                USART3_IRQHandler
                0x0000000008001a24                RTC_IRQHandler
                0x0000000008001a24                DMA1_Channel7_IRQHandler
                0x0000000008001a24                CAN1_RX1_IRQHandler
                0x0000000008001a24                UART5_IRQHandler
                0x0000000008001a24                ADC3_IRQHandler
                0x0000000008001a24                TIM4_IRQHandler
                0x0000000008001a24                DMA2_Channel1_IRQHandler
                0x0000000008001a24                I2C1_EV_IRQHandler
                0x0000000008001a24                DMA1_Channel6_IRQHandler
                0x0000000008001a24                UART4_IRQHandler
                0x0000000008001a24                TIM3_IRQHandler
                0x0000000008001a24                RCC_IRQHandler
                0x0000000008001a24                TIM1_TRG_COM_IRQHandler
                0x0000000008001a24                DMA1_Channel1_IRQHandler
                0x0000000008001a24                Default_Handler
                0x0000000008001a24                EXTI15_10_IRQHandler
                0x0000000008001a24                TIM7_IRQHandler
                0x0000000008001a24                TIM5_IRQHandler
                0x0000000008001a24                EXTI9_5_IRQHandler
                0x0000000008001a24                SPI2_IRQHandler
                0x0000000008001a24                DMA1_Channel5_IRQHandler
                0x0000000008001a24                EXTI4_IRQHandler
                0x0000000008001a24                USB_LP_CAN1_RX0_IRQHandler
                0x0000000008001a24                USB_HP_CAN1_TX_IRQHandler
                0x0000000008001a24                DMA1_Channel3_IRQHandler
                0x0000000008001a24                FSMC_IRQHandler
                0x0000000008001a24                TIM1_UP_IRQHandler
                0x0000000008001a24                WWDG_IRQHandler
                0x0000000008001a24                TIM2_IRQHandler
                0x0000000008001a24                TIM1_BRK_IRQHandler
                0x0000000008001a24                EXTI1_IRQHandler
                0x0000000008001a24                USART2_IRQHandler
                0x0000000008001a24                I2C2_ER_IRQHandler
                0x0000000008001a24                DMA1_Channel2_IRQHandler
                0x0000000008001a24                TIM8_BRK_IRQHandler
                0x0000000008001a24                CAN1_SCE_IRQHandler
                0x0000000008001a24                FLASH_IRQHandler
                0x0000000008001a24                USART1_IRQHandler
                0x0000000008001a24                SPI3_IRQHandler
                0x0000000008001a24                I2C1_ER_IRQHandler
                0x0000000008001a24                USBWakeUp_IRQHandler
                0x0000000008001a24                DMA2_Channel3_IRQHandler
 *fill*         0x0000000008001a26        0x2 
 .text.HAL_Init
                0x0000000008001a28       0x2c ./Drivers/STM32F1xx_HAL_Driver/Src/stm32f1xx_hal.o
                0x0000000008001a28                HAL_Init
 .text.HAL_InitTick
                0x0000000008001a54       0x60 ./Drivers/STM32F1xx_HAL_Driver/Src/stm32f1xx_hal.o
                0x0000000008001a54                HAL_InitTick
 .text.HAL_IncTick
                0x0000000008001ab4       0x24 ./Drivers/STM32F1xx_HAL_Driver/Src/stm32f1xx_hal.o
                0x0000000008001ab4                HAL_IncTick
 .text.HAL_GetTick
                0x0000000008001ad8       0x14 ./Drivers/STM32F1xx_HAL_Driver/Src/stm32f1xx_hal.o
                0x0000000008001ad8                HAL_GetTick
 .text.HAL_Delay
                0x0000000008001aec       0x48 ./Drivers/STM32F1xx_HAL_Driver/Src/stm32f1xx_hal.o
                0x0000000008001aec                HAL_Delay
 .text.__NVIC_SetPriorityGrouping
                0x0000000008001b34       0x48 ./Drivers/STM32F1xx_HAL_Driver/Src/stm32f1xx_hal_cortex.o
 .text.__NVIC_GetPriorityGrouping
                0x0000000008001b7c       0x1c ./Drivers/STM32F1xx_HAL_Driver/Src/stm32f1xx_hal_cortex.o
 .text.__NVIC_EnableIRQ
                0x0000000008001b98       0x38 ./Drivers/STM32F1xx_HAL_Driver/Src/stm32f1xx_hal_cortex.o
 .text.__NVIC_SetPriority
                0x0000000008001bd0       0x54 ./Drivers/STM32F1xx_HAL_Driver/Src/stm32f1xx_hal_cortex.o
 .text.NVIC_EncodePriority
                0x0000000008001c24       0x64 ./Drivers/STM32F1xx_HAL_Driver/Src/stm32f1xx_hal_cortex.o
 .text.SysTick_Config
                0x0000000008001c88       0x44 ./Drivers/STM32F1xx_HAL_Driver/Src/stm32f1xx_hal_cortex.o
 .text.HAL_NVIC_SetPriorityGrouping
                0x0000000008001ccc       0x16 ./Drivers/STM32F1xx_HAL_Driver/Src/stm32f1xx_hal_cortex.o
                0x0000000008001ccc                HAL_NVIC_SetPriorityGrouping
 .text.HAL_NVIC_SetPriority
                0x0000000008001ce2       0x38 ./Drivers/STM32F1xx_HAL_Driver/Src/stm32f1xx_hal_cortex.o
                0x0000000008001ce2                HAL_NVIC_SetPriority
 .text.HAL_NVIC_EnableIRQ
                0x0000000008001d1a       0x1c ./Drivers/STM32F1xx_HAL_Driver/Src/stm32f1xx_hal_cortex.o
                0x0000000008001d1a                HAL_NVIC_EnableIRQ
 .text.HAL_SYSTICK_Config
                0x0000000008001d36       0x18 ./Drivers/STM32F1xx_HAL_Driver/Src/stm32f1xx_hal_cortex.o
                0x0000000008001d36                HAL_SYSTICK_Config
 *fill*         0x0000000008001d4e        0x2 
 .text.HAL_DMA_Init
                0x0000000008001d50       0xec ./Drivers/STM32F1xx_HAL_Driver/Src/stm32f1xx_hal_dma.o
                0x0000000008001d50                HAL_DMA_Init
 .text.HAL_DMA_IRQHandler
                0x0000000008001e3c      0x478 ./Drivers/STM32F1xx_HAL_Driver/Src/stm32f1xx_hal_dma.o
                0x0000000008001e3c                HAL_DMA_IRQHandler
 .text.HAL_GPIO_Init
                0x00000000080022b4      0x328 ./Drivers/STM32F1xx_HAL_Driver/Src/stm32f1xx_hal_gpio.o
                0x00000000080022b4                HAL_GPIO_Init
 .text.HAL_GPIO_WritePin
                0x00000000080025dc       0x30 ./Drivers/STM32F1xx_HAL_Driver/Src/stm32f1xx_hal_gpio.o
                0x00000000080025dc                HAL_GPIO_WritePin
 .text.HAL_GPIO_TogglePin
                0x000000000800260c       0x32 ./Drivers/STM32F1xx_HAL_Driver/Src/stm32f1xx_hal_gpio.o
                0x000000000800260c                HAL_GPIO_TogglePin
 *fill*         0x000000000800263e        0x2 
 .text.HAL_I2C_Init
                0x0000000008002640      0x288 ./Drivers/STM32F1xx_HAL_Driver/Src/stm32f1xx_hal_i2c.o
                0x0000000008002640                HAL_I2C_Init
 .text.HAL_RCC_OscConfig
                0x00000000080028c8      0x504 ./Drivers/STM32F1xx_HAL_Driver/Src/stm32f1xx_hal_rcc.o
                0x00000000080028c8                HAL_RCC_OscConfig
 .text.HAL_RCC_ClockConfig
                0x0000000008002dcc      0x1d4 ./Drivers/STM32F1xx_HAL_Driver/Src/stm32f1xx_hal_rcc.o
                0x0000000008002dcc                HAL_RCC_ClockConfig
 .text.HAL_RCC_GetSysClockFreq
                0x0000000008002fa0       0xac ./Drivers/STM32F1xx_HAL_Driver/Src/stm32f1xx_hal_rcc.o
                0x0000000008002fa0                HAL_RCC_GetSysClockFreq
 .text.HAL_RCC_GetHCLKFreq
                0x000000000800304c       0x14 ./Drivers/STM32F1xx_HAL_Driver/Src/stm32f1xx_hal_rcc.o
                0x000000000800304c                HAL_RCC_GetHCLKFreq
 .text.HAL_RCC_GetPCLK1Freq
                0x0000000008003060       0x28 ./Drivers/STM32F1xx_HAL_Driver/Src/stm32f1xx_hal_rcc.o
                0x0000000008003060                HAL_RCC_GetPCLK1Freq
 .text.HAL_RCC_GetPCLK2Freq
                0x0000000008003088       0x28 ./Drivers/STM32F1xx_HAL_Driver/Src/stm32f1xx_hal_rcc.o
                0x0000000008003088                HAL_RCC_GetPCLK2Freq
 .text.RCC_Delay
                0x00000000080030b0       0x3c ./Drivers/STM32F1xx_HAL_Driver/Src/stm32f1xx_hal_rcc.o
 .text.HAL_SPI_Init
                0x00000000080030ec      0x108 ./Drivers/STM32F1xx_HAL_Driver/Src/stm32f1xx_hal_spi.o
                0x00000000080030ec                HAL_SPI_Init
 .text.HAL_SPI_Transmit
                0x00000000080031f4      0x286 ./Drivers/STM32F1xx_HAL_Driver/Src/stm32f1xx_hal_spi.o
                0x00000000080031f4                HAL_SPI_Transmit
 .text.HAL_SPI_TransmitReceive
                0x000000000800347a      0x360 ./Drivers/STM32F1xx_HAL_Driver/Src/stm32f1xx_hal_spi.o
                0x000000000800347a                HAL_SPI_TransmitReceive
 *fill*         0x00000000080037da        0x2 
 .text.SPI_WaitFlagStateUntilTimeout
                0x00000000080037dc      0x110 ./Drivers/STM32F1xx_HAL_Driver/Src/stm32f1xx_hal_spi.o
 .text.SPI_EndRxTxTransaction
                0x00000000080038ec       0x3c ./Drivers/STM32F1xx_HAL_Driver/Src/stm32f1xx_hal_spi.o
 .text.HAL_UART_Init
                0x0000000008003928       0xa0 ./Drivers/STM32F1xx_HAL_Driver/Src/stm32f1xx_hal_uart.o
                0x0000000008003928                HAL_UART_Init
 .text.HAL_UART_Transmit
                0x00000000080039c8      0x106 ./Drivers/STM32F1xx_HAL_Driver/Src/stm32f1xx_hal_uart.o
                0x00000000080039c8                HAL_UART_Transmit
 .text.UART_WaitOnFlagUntilTimeout
                0x0000000008003ace       0xdc ./Drivers/STM32F1xx_HAL_Driver/Src/stm32f1xx_hal_uart.o
 *fill*         0x0000000008003baa        0x2 
 .text.UART_SetConfig
                0x0000000008003bac      0x11c ./Drivers/STM32F1xx_HAL_Driver/Src/stm32f1xx_hal_uart.o
 .text.memset   0x0000000008003cc8       0x10 C:/ST/STM32CubeIDE_1.14.0/STM32CubeIDE/plugins/com.st.stm32cube.ide.mcu.externaltools.gnu-tools-for-stm32.11.3.rel1.win32_1.1.100.202309141235/tools/bin/../lib/gcc/arm-none-eabi/11.3.1/../../../../arm-none-eabi/lib/thumb/v7-m/nofp\libc_nano.a(libc_a-memset.o)
                0x0000000008003cc8                memset
 .text.__libc_init_array
                0x0000000008003cd8       0x48 C:/ST/STM32CubeIDE_1.14.0/STM32CubeIDE/plugins/com.st.stm32cube.ide.mcu.externaltools.gnu-tools-for-stm32.11.3.rel1.win32_1.1.100.202309141235/tools/bin/../lib/gcc/arm-none-eabi/11.3.1/../../../../arm-none-eabi/lib/thumb/v7-m/nofp\libc_nano.a(libc_a-init.o)
                0x0000000008003cd8                __libc_init_array
 .text.memcpy   0x0000000008003d20       0x1c C:/ST/STM32CubeIDE_1.14.0/STM32CubeIDE/plugins/com.st.stm32cube.ide.mcu.externaltools.gnu-tools-for-stm32.11.3.rel1.win32_1.1.100.202309141235/tools/bin/../lib/gcc/arm-none-eabi/11.3.1/../../../../arm-none-eabi/lib/thumb/v7-m/nofp\libc_nano.a(libc_a-memcpy-stub.o)
                0x0000000008003d20                memcpy
 *(.glue_7)
 .glue_7        0x0000000008003d3c        0x0 linker stubs
 *(.glue_7t)
 .glue_7t       0x0000000008003d3c        0x0 linker stubs
 *(.eh_frame)
 .eh_frame      0x0000000008003d3c        0x0 C:/ST/STM32CubeIDE_1.14.0/STM32CubeIDE/plugins/com.st.stm32cube.ide.mcu.externaltools.gnu-tools-for-stm32.11.3.rel1.win32_1.1.100.202309141235/tools/bin/../lib/gcc/arm-none-eabi/11.3.1/thumb/v7-m/nofp/crtbegin.o
 *(.init)
 .init          0x0000000008003d3c        0x4 C:/ST/STM32CubeIDE_1.14.0/STM32CubeIDE/plugins/com.st.stm32cube.ide.mcu.externaltools.gnu-tools-for-stm32.11.3.rel1.win32_1.1.100.202309141235/tools/bin/../lib/gcc/arm-none-eabi/11.3.1/thumb/v7-m/nofp/crti.o
                0x0000000008003d3c                _init
 .init          0x0000000008003d40        0x8 C:/ST/STM32CubeIDE_1.14.0/STM32CubeIDE/plugins/com.st.stm32cube.ide.mcu.externaltools.gnu-tools-for-stm32.11.3.rel1.win32_1.1.100.202309141235/tools/bin/../lib/gcc/arm-none-eabi/11.3.1/thumb/v7-m/nofp/crtn.o
 *(.fini)
 .fini          0x0000000008003d48        0x4 C:/ST/STM32CubeIDE_1.14.0/STM32CubeIDE/plugins/com.st.stm32cube.ide.mcu.externaltools.gnu-tools-for-stm32.11.3.rel1.win32_1.1.100.202309141235/tools/bin/../lib/gcc/arm-none-eabi/11.3.1/thumb/v7-m/nofp/crti.o
                0x0000000008003d48                _fini
 .fini          0x0000000008003d4c        0x8 C:/ST/STM32CubeIDE_1.14.0/STM32CubeIDE/plugins/com.st.stm32cube.ide.mcu.externaltools.gnu-tools-for-stm32.11.3.rel1.win32_1.1.100.202309141235/tools/bin/../lib/gcc/arm-none-eabi/11.3.1/thumb/v7-m/nofp/crtn.o
                0x0000000008003d54                . = ALIGN (0x4)
                0x0000000008003d54                _etext = .

.vfp11_veneer   0x0000000008003d54        0x0
 .vfp11_veneer  0x0000000008003d54        0x0 linker stubs

.v4_bx          0x0000000008003d54        0x0
 .v4_bx         0x0000000008003d54        0x0 linker stubs

.iplt           0x0000000008003d54        0x0
 .iplt          0x0000000008003d54        0x0 C:/ST/STM32CubeIDE_1.14.0/STM32CubeIDE/plugins/com.st.stm32cube.ide.mcu.externaltools.gnu-tools-for-stm32.11.3.rel1.win32_1.1.100.202309141235/tools/bin/../lib/gcc/arm-none-eabi/11.3.1/thumb/v7-m/nofp/crtbegin.o

.rodata         0x0000000008003d54       0x2c
                0x0000000008003d54                . = ALIGN (0x4)
 *(.rodata)
 *(.rodata*)
 .rodata.AHBPrescTable
                0x0000000008003d54       0x10 ./Core/Src/system_stm32f1xx.o
                0x0000000008003d54                AHBPrescTable
 .rodata.APBPrescTable
                0x0000000008003d64        0x8 ./Core/Src/system_stm32f1xx.o
                0x0000000008003d64                APBPrescTable
 .rodata.aPLLMULFactorTable.1
                0x0000000008003d6c       0x10 ./Drivers/STM32F1xx_HAL_Driver/Src/stm32f1xx_hal_rcc.o
 .rodata.aPredivFactorTable.0
                0x0000000008003d7c        0x2 ./Drivers/STM32F1xx_HAL_Driver/Src/stm32f1xx_hal_rcc.o
                0x0000000008003d80                . = ALIGN (0x4)
 *fill*         0x0000000008003d7e        0x2 

.rel.dyn        0x0000000008003d80        0x0
 .rel.iplt      0x0000000008003d80        0x0 C:/ST/STM32CubeIDE_1.14.0/STM32CubeIDE/plugins/com.st.stm32cube.ide.mcu.externaltools.gnu-tools-for-stm32.11.3.rel1.win32_1.1.100.202309141235/tools/bin/../lib/gcc/arm-none-eabi/11.3.1/thumb/v7-m/nofp/crtbegin.o

.ARM.extab      0x0000000008003d80        0x0
                0x0000000008003d80                . = ALIGN (0x4)
 *(.ARM.extab* .gnu.linkonce.armextab.*)
                0x0000000008003d80                . = ALIGN (0x4)

.ARM            0x0000000008003d80        0x0
                0x0000000008003d80                . = ALIGN (0x4)
                0x0000000008003d80                __exidx_start = .
 *(.ARM.exidx*)
                0x0000000008003d80                __exidx_end = .
                0x0000000008003d80                . = ALIGN (0x4)

.preinit_array  0x0000000008003d80        0x0
                0x0000000008003d80                . = ALIGN (0x4)
                0x0000000008003d80                PROVIDE (__preinit_array_start = .)
 *(.preinit_array*)
                0x0000000008003d80                PROVIDE (__preinit_array_end = .)
                0x0000000008003d80                . = ALIGN (0x4)

.init_array     0x0000000008003d80        0x4
                0x0000000008003d80                . = ALIGN (0x4)
                0x0000000008003d80                PROVIDE (__init_array_start = .)
 *(SORT_BY_NAME(.init_array.*))
 *(.init_array*)
 .init_array    0x0000000008003d80        0x4 C:/ST/STM32CubeIDE_1.14.0/STM32CubeIDE/plugins/com.st.stm32cube.ide.mcu.externaltools.gnu-tools-for-stm32.11.3.rel1.win32_1.1.100.202309141235/tools/bin/../lib/gcc/arm-none-eabi/11.3.1/thumb/v7-m/nofp/crtbegin.o
                0x0000000008003d84                PROVIDE (__init_array_end = .)
                0x0000000008003d84                . = ALIGN (0x4)

.fini_array     0x0000000008003d84        0x4
                0x0000000008003d84                . = ALIGN (0x4)
                [!provide]                        PROVIDE (__fini_array_start = .)
 *(SORT_BY_NAME(.fini_array.*))
 *(.fini_array*)
 .fini_array    0x0000000008003d84        0x4 C:/ST/STM32CubeIDE_1.14.0/STM32CubeIDE/plugins/com.st.stm32cube.ide.mcu.externaltools.gnu-tools-for-stm32.11.3.rel1.win32_1.1.100.202309141235/tools/bin/../lib/gcc/arm-none-eabi/11.3.1/thumb/v7-m/nofp/crtbegin.o
                [!provide]                        PROVIDE (__fini_array_end = .)
                0x0000000008003d88                . = ALIGN (0x4)
                0x0000000008003d88                _sidata = LOADADDR (.data)

.data           0x0000000020000000        0xc load address 0x0000000008003d88
                0x0000000020000000                . = ALIGN (0x4)
                0x0000000020000000                _sdata = .
 *(.data)
 *(.data*)
 .data.SystemCoreClock
                0x0000000020000000        0x4 ./Core/Src/system_stm32f1xx.o
                0x0000000020000000                SystemCoreClock
 .data.uwTickPrio
                0x0000000020000004        0x4 ./Drivers/STM32F1xx_HAL_Driver/Src/stm32f1xx_hal.o
                0x0000000020000004                uwTickPrio
 .data.uwTickFreq
                0x0000000020000008        0x1 ./Drivers/STM32F1xx_HAL_Driver/Src/stm32f1xx_hal.o
                0x0000000020000008                uwTickFreq
 *(.RamFunc)
 *(.RamFunc*)
                0x000000002000000c                . = ALIGN (0x4)
 *fill*         0x0000000020000009        0x3 
                0x000000002000000c                _edata = .

.igot.plt       0x000000002000000c        0x0 load address 0x0000000008003d94
 .igot.plt      0x000000002000000c        0x0 C:/ST/STM32CubeIDE_1.14.0/STM32CubeIDE/plugins/com.st.stm32cube.ide.mcu.externaltools.gnu-tools-for-stm32.11.3.rel1.win32_1.1.100.202309141235/tools/bin/../lib/gcc/arm-none-eabi/11.3.1/thumb/v7-m/nofp/crtbegin.o
                0x000000002000000c                . = ALIGN (0x4)

.bss            0x000000002000000c      0x250 load address 0x0000000008003d94
                0x000000002000000c                _sbss = .
                0x000000002000000c                __bss_start__ = _sbss
 *(.bss)
 .bss           0x000000002000000c       0x1c C:/ST/STM32CubeIDE_1.14.0/STM32CubeIDE/plugins/com.st.stm32cube.ide.mcu.externaltools.gnu-tools-for-stm32.11.3.rel1.win32_1.1.100.202309141235/tools/bin/../lib/gcc/arm-none-eabi/11.3.1/thumb/v7-m/nofp/crtbegin.o
 *(.bss*)
 .bss.hi2c1     0x0000000020000028       0x54 ./Core/Src/i2c.o
                0x0000000020000028                hi2c1
 .bss.sen1      0x000000002000007c       0x56 ./Core/Src/main.o
                0x000000002000007c                sen1
 *fill*         0x00000000200000d2        0x2 
 .bss.hspi1     0x00000000200000d4       0x58 ./Core/Src/spi.o
                0x00000000200000d4                hspi1
 .bss.hspi2     0x000000002000012c       0x58 ./Core/Src/spi.o
                0x000000002000012c                hspi2
 .bss.huart4    0x0000000020000184       0x48 ./Core/Src/usart.o
                0x0000000020000184                huart4
 .bss.huart5    0x00000000200001cc       0x48 ./Core/Src/usart.o
                0x00000000200001cc                huart5
 .bss.hdma_uart4_tx
                0x0000000020000214       0x44 ./Core/Src/usart.o
                0x0000000020000214                hdma_uart4_tx
 .bss.uwTick    0x0000000020000258        0x4 ./Drivers/STM32F1xx_HAL_Driver/Src/stm32f1xx_hal.o
                0x0000000020000258                uwTick
 *(COMMON)
                0x000000002000025c                . = ALIGN (0x4)
                0x000000002000025c                _ebss = .
                0x000000002000025c                __bss_end__ = _ebss

._user_heap_stack
                0x000000002000025c      0x604 load address 0x0000000008003d94
                0x0000000020000260                . = ALIGN (0x8)
 *fill*         0x000000002000025c        0x4 
                [!provide]                        PROVIDE (end = .)
                0x0000000020000260                PROVIDE (_end = .)
                0x0000000020000460                . = (. + _Min_Heap_Size)
 *fill*         0x0000000020000260      0x200 
                0x0000000020000860                . = (. + _Min_Stack_Size)
 *fill*         0x0000000020000460      0x400 
                0x0000000020000860                . = ALIGN (0x8)

/DISCARD/
 libc.a(*)
 libm.a(*)
 libgcc.a(*)

.ARM.attributes
                0x0000000000000000       0x29
 *(.ARM.attributes)
 .ARM.attributes
                0x0000000000000000       0x1d C:/ST/STM32CubeIDE_1.14.0/STM32CubeIDE/plugins/com.st.stm32cube.ide.mcu.externaltools.gnu-tools-for-stm32.11.3.rel1.win32_1.1.100.202309141235/tools/bin/../lib/gcc/arm-none-eabi/11.3.1/thumb/v7-m/nofp/crti.o
 .ARM.attributes
                0x000000000000001d       0x2d C:/ST/STM32CubeIDE_1.14.0/STM32CubeIDE/plugins/com.st.stm32cube.ide.mcu.externaltools.gnu-tools-for-stm32.11.3.rel1.win32_1.1.100.202309141235/tools/bin/../lib/gcc/arm-none-eabi/11.3.1/thumb/v7-m/nofp/crtbegin.o
 .ARM.attributes
                0x000000000000004a       0x2d ./Core/Src/dma.o
 .ARM.attributes
                0x0000000000000077       0x2d ./Core/Src/gpio.o
 .ARM.attributes
                0x00000000000000a4       0x2d ./Core/Src/i2c.o
 .ARM.attributes
                0x00000000000000d1       0x2d ./Core/Src/main.o
 .ARM.attributes
                0x00000000000000fe       0x2d ./Core/Src/sensors.o
 .ARM.attributes
                0x000000000000012b       0x2d ./Core/Src/spi.o
 .ARM.attributes
                0x0000000000000158       0x2d ./Core/Src/spi_handler.o
 .ARM.attributes
                0x0000000000000185       0x2d ./Core/Src/stm32f1xx_hal_msp.o
 .ARM.attributes
                0x00000000000001b2       0x2d ./Core/Src/stm32f1xx_it.o
 .ARM.attributes
                0x00000000000001df       0x2d ./Core/Src/system_stm32f1xx.o
 .ARM.attributes
                0x000000000000020c       0x2d ./Core/Src/usart.o
 .ARM.attributes
                0x0000000000000239       0x21 ./Core/Startup/startup_stm32f103retx.o
 .ARM.attributes
                0x000000000000025a       0x2d ./Drivers/STM32F1xx_HAL_Driver/Src/stm32f1xx_hal.o
 .ARM.attributes
                0x0000000000000287       0x2d ./Drivers/STM32F1xx_HAL_Driver/Src/stm32f1xx_hal_cortex.o
 .ARM.attributes
                0x00000000000002b4       0x2d ./Drivers/STM32F1xx_HAL_Driver/Src/stm32f1xx_hal_dma.o
 .ARM.attributes
                0x00000000000002e1       0x2d ./Drivers/STM32F1xx_HAL_Driver/Src/stm32f1xx_hal_gpio.o
 .ARM.attributes
                0x000000000000030e       0x2d ./Drivers/STM32F1xx_HAL_Driver/Src/stm32f1xx_hal_i2c.o
 .ARM.attributes
                0x000000000000033b       0x2d ./Drivers/STM32F1xx_HAL_Driver/Src/stm32f1xx_hal_rcc.o
 .ARM.attributes
                0x0000000000000368       0x2d ./Drivers/STM32F1xx_HAL_Driver/Src/stm32f1xx_hal_spi.o
 .ARM.attributes
                0x0000000000000395       0x2d ./Drivers/STM32F1xx_HAL_Driver/Src/stm32f1xx_hal_uart.o
 .ARM.attributes
                0x00000000000003c2       0x2d C:/ST/STM32CubeIDE_1.14.0/STM32CubeIDE/plugins/com.st.stm32cube.ide.mcu.externaltools.gnu-tools-for-stm32.11.3.rel1.win32_1.1.100.202309141235/tools/bin/../lib/gcc/arm-none-eabi/11.3.1/../../../../arm-none-eabi/lib/thumb/v7-m/nofp\libc_nano.a(libc_a-memset.o)
 .ARM.attributes
                0x00000000000003ef       0x2d C:/ST/STM32CubeIDE_1.14.0/STM32CubeIDE/plugins/com.st.stm32cube.ide.mcu.externaltools.gnu-tools-for-stm32.11.3.rel1.win32_1.1.100.202309141235/tools/bin/../lib/gcc/arm-none-eabi/11.3.1/../../../../arm-none-eabi/lib/thumb/v7-m/nofp\libc_nano.a(libc_a-init.o)
 .ARM.attributes
                0x000000000000041c       0x2d C:/ST/STM32CubeIDE_1.14.0/STM32CubeIDE/plugins/com.st.stm32cube.ide.mcu.externaltools.gnu-tools-for-stm32.11.3.rel1.win32_1.1.100.202309141235/tools/bin/../lib/gcc/arm-none-eabi/11.3.1/../../../../arm-none-eabi/lib/thumb/v7-m/nofp\libc_nano.a(libc_a-memcpy-stub.o)
 .ARM.attributes
                0x0000000000000449       0x1d C:/ST/STM32CubeIDE_1.14.0/STM32CubeIDE/plugins/com.st.stm32cube.ide.mcu.externaltools.gnu-tools-for-stm32.11.3.rel1.win32_1.1.100.202309141235/tools/bin/../lib/gcc/arm-none-eabi/11.3.1/thumb/v7-m/nofp\libgcc.a(_arm_addsubdf3.o)
 .ARM.attributes
                0x0000000000000466       0x1d C:/ST/STM32CubeIDE_1.14.0/STM32CubeIDE/plugins/com.st.stm32cube.ide.mcu.externaltools.gnu-tools-for-stm32.11.3.rel1.win32_1.1.100.202309141235/tools/bin/../lib/gcc/arm-none-eabi/11.3.1/thumb/v7-m/nofp\libgcc.a(_arm_muldivdf3.o)
 .ARM.attributes
                0x0000000000000483       0x1d C:/ST/STM32CubeIDE_1.14.0/STM32CubeIDE/plugins/com.st.stm32cube.ide.mcu.externaltools.gnu-tools-for-stm32.11.3.rel1.win32_1.1.100.202309141235/tools/bin/../lib/gcc/arm-none-eabi/11.3.1/thumb/v7-m/nofp\libgcc.a(_arm_fixunsdfsi.o)
 .ARM.attributes
                0x00000000000004a0       0x1d C:/ST/STM32CubeIDE_1.14.0/STM32CubeIDE/plugins/com.st.stm32cube.ide.mcu.externaltools.gnu-tools-for-stm32.11.3.rel1.win32_1.1.100.202309141235/tools/bin/../lib/gcc/arm-none-eabi/11.3.1/thumb/v7-m/nofp/crtn.o
OUTPUT(FW.elf elf32-littlearm)
LOAD linker stubs
LOAD C:/ST/STM32CubeIDE_1.14.0/STM32CubeIDE/plugins/com.st.stm32cube.ide.mcu.externaltools.gnu-tools-for-stm32.11.3.rel1.win32_1.1.100.202309141235/tools/bin/../lib/gcc/arm-none-eabi/11.3.1/../../../../arm-none-eabi/lib/thumb/v7-m/nofp\libc.a
LOAD C:/ST/STM32CubeIDE_1.14.0/STM32CubeIDE/plugins/com.st.stm32cube.ide.mcu.externaltools.gnu-tools-for-stm32.11.3.rel1.win32_1.1.100.202309141235/tools/bin/../lib/gcc/arm-none-eabi/11.3.1/../../../../arm-none-eabi/lib/thumb/v7-m/nofp\libm.a
LOAD C:/ST/STM32CubeIDE_1.14.0/STM32CubeIDE/plugins/com.st.stm32cube.ide.mcu.externaltools.gnu-tools-for-stm32.11.3.rel1.win32_1.1.100.202309141235/tools/bin/../lib/gcc/arm-none-eabi/11.3.1/thumb/v7-m/nofp\libgcc.a

.comment        0x0000000000000000       0x43
 .comment       0x0000000000000000       0x43 C:/ST/STM32CubeIDE_1.14.0/STM32CubeIDE/plugins/com.st.stm32cube.ide.mcu.externaltools.gnu-tools-for-stm32.11.3.rel1.win32_1.1.100.202309141235/tools/bin/../lib/gcc/arm-none-eabi/11.3.1/thumb/v7-m/nofp/crtbegin.o
                                         0x44 (size before relaxing)
 .comment       0x0000000000000043       0x44 ./Core/Src/dma.o
 .comment       0x0000000000000043       0x44 ./Core/Src/gpio.o
 .comment       0x0000000000000043       0x44 ./Core/Src/i2c.o
 .comment       0x0000000000000043       0x44 ./Core/Src/main.o
 .comment       0x0000000000000043       0x44 ./Core/Src/sensors.o
 .comment       0x0000000000000043       0x44 ./Core/Src/spi.o
 .comment       0x0000000000000043       0x44 ./Core/Src/spi_handler.o
 .comment       0x0000000000000043       0x44 ./Core/Src/stm32f1xx_hal_msp.o
 .comment       0x0000000000000043       0x44 ./Core/Src/stm32f1xx_it.o
 .comment       0x0000000000000043       0x44 ./Core/Src/system_stm32f1xx.o
 .comment       0x0000000000000043       0x44 ./Core/Src/usart.o
 .comment       0x0000000000000043       0x44 ./Drivers/STM32F1xx_HAL_Driver/Src/stm32f1xx_hal.o
 .comment       0x0000000000000043       0x44 ./Drivers/STM32F1xx_HAL_Driver/Src/stm32f1xx_hal_cortex.o
 .comment       0x0000000000000043       0x44 ./Drivers/STM32F1xx_HAL_Driver/Src/stm32f1xx_hal_dma.o
 .comment       0x0000000000000043       0x44 ./Drivers/STM32F1xx_HAL_Driver/Src/stm32f1xx_hal_gpio.o
 .comment       0x0000000000000043       0x44 ./Drivers/STM32F1xx_HAL_Driver/Src/stm32f1xx_hal_i2c.o
 .comment       0x0000000000000043       0x44 ./Drivers/STM32F1xx_HAL_Driver/Src/stm32f1xx_hal_rcc.o
 .comment       0x0000000000000043       0x44 ./Drivers/STM32F1xx_HAL_Driver/Src/stm32f1xx_hal_spi.o
 .comment       0x0000000000000043       0x44 ./Drivers/STM32F1xx_HAL_Driver/Src/stm32f1xx_hal_uart.o

.debug_info     0x0000000000000000     0xd73b
 .debug_info    0x0000000000000000      0x335 ./Core/Src/dma.o
 .debug_info    0x0000000000000335      0x2d3 ./Core/Src/gpio.o
 .debug_info    0x0000000000000608      0x7e3 ./Core/Src/i2c.o
 .debug_info    0x0000000000000deb      0xb73 ./Core/Src/main.o
 .debug_info    0x000000000000195e      0xdd0 ./Core/Src/sensors.o
 .debug_info    0x000000000000272e      0x816 ./Core/Src/spi.o
 .debug_info    0x0000000000002f44      0x7a5 ./Core/Src/spi_handler.o
 .debug_info    0x00000000000036e9      0x1f1 ./Core/Src/stm32f1xx_hal_msp.o
 .debug_info    0x00000000000038da      0x35e ./Core/Src/stm32f1xx_it.o
 .debug_info    0x0000000000003c38      0x222 ./Core/Src/system_stm32f1xx.o
 .debug_info    0x0000000000003e5a      0x849 ./Core/Src/usart.o
 .debug_info    0x00000000000046a3       0x23 ./Core/Startup/startup_stm32f103retx.o
 .debug_info    0x00000000000046c6      0x76a ./Drivers/STM32F1xx_HAL_Driver/Src/stm32f1xx_hal.o
 .debug_info    0x0000000000004e30      0xaed ./Drivers/STM32F1xx_HAL_Driver/Src/stm32f1xx_hal_cortex.o
 .debug_info    0x000000000000591d      0x6d2 ./Drivers/STM32F1xx_HAL_Driver/Src/stm32f1xx_hal_dma.o
 .debug_info    0x0000000000005fef      0x5ab ./Drivers/STM32F1xx_HAL_Driver/Src/stm32f1xx_hal_gpio.o
 .debug_info    0x000000000000659a     0x2515 ./Drivers/STM32F1xx_HAL_Driver/Src/stm32f1xx_hal_i2c.o
 .debug_info    0x0000000000008aaf      0x7d5 ./Drivers/STM32F1xx_HAL_Driver/Src/stm32f1xx_hal_rcc.o
 .debug_info    0x0000000000009284     0x150f ./Drivers/STM32F1xx_HAL_Driver/Src/stm32f1xx_hal_spi.o
 .debug_info    0x000000000000a793     0x2fa8 ./Drivers/STM32F1xx_HAL_Driver/Src/stm32f1xx_hal_uart.o

.debug_abbrev   0x0000000000000000     0x26ed
 .debug_abbrev  0x0000000000000000       0xfc ./Core/Src/dma.o
 .debug_abbrev  0x00000000000000fc      0x13f ./Core/Src/gpio.o
 .debug_abbrev  0x000000000000023b      0x1de ./Core/Src/i2c.o
 .debug_abbrev  0x0000000000000419      0x2ba ./Core/Src/main.o
 .debug_abbrev  0x00000000000006d3      0x31f ./Core/Src/sensors.o
 .debug_abbrev  0x00000000000009f2      0x1e6 ./Core/Src/spi.o
 .debug_abbrev  0x0000000000000bd8      0x1db ./Core/Src/spi_handler.o
 .debug_abbrev  0x0000000000000db3       0xdb ./Core/Src/stm32f1xx_hal_msp.o
 .debug_abbrev  0x0000000000000e8e      0x16e ./Core/Src/stm32f1xx_it.o
 .debug_abbrev  0x0000000000000ffc      0x13f ./Core/Src/system_stm32f1xx.o
 .debug_abbrev  0x000000000000113b      0x200 ./Core/Src/usart.o
 .debug_abbrev  0x000000000000133b       0x12 ./Core/Startup/startup_stm32f103retx.o
 .debug_abbrev  0x000000000000134d      0x201 ./Drivers/STM32F1xx_HAL_Driver/Src/stm32f1xx_hal.o
 .debug_abbrev  0x000000000000154e      0x2f8 ./Drivers/STM32F1xx_HAL_Driver/Src/stm32f1xx_hal_cortex.o
 .debug_abbrev  0x0000000000001846      0x20b ./Drivers/STM32F1xx_HAL_Driver/Src/stm32f1xx_hal_dma.o
 .debug_abbrev  0x0000000000001a51      0x1ca ./Drivers/STM32F1xx_HAL_Driver/Src/stm32f1xx_hal_gpio.o
 .debug_abbrev  0x0000000000001c1b      0x2a3 ./Drivers/STM32F1xx_HAL_Driver/Src/stm32f1xx_hal_i2c.o
 .debug_abbrev  0x0000000000001ebe      0x2b3 ./Drivers/STM32F1xx_HAL_Driver/Src/stm32f1xx_hal_rcc.o
 .debug_abbrev  0x0000000000002171      0x284 ./Drivers/STM32F1xx_HAL_Driver/Src/stm32f1xx_hal_spi.o
 .debug_abbrev  0x00000000000023f5      0x2f8 ./Drivers/STM32F1xx_HAL_Driver/Src/stm32f1xx_hal_uart.o

.debug_aranges  0x0000000000000000      0xc90
 .debug_aranges
                0x0000000000000000       0x20 ./Core/Src/dma.o
 .debug_aranges
                0x0000000000000020       0x20 ./Core/Src/gpio.o
 .debug_aranges
                0x0000000000000040       0x30 ./Core/Src/i2c.o
 .debug_aranges
                0x0000000000000070       0x30 ./Core/Src/main.o
 .debug_aranges
                0x00000000000000a0       0xb0 ./Core/Src/sensors.o
 .debug_aranges
                0x0000000000000150       0x38 ./Core/Src/spi.o
 .debug_aranges
                0x0000000000000188       0x30 ./Core/Src/spi_handler.o
 .debug_aranges
                0x00000000000001b8       0x20 ./Core/Src/stm32f1xx_hal_msp.o
 .debug_aranges
                0x00000000000001d8       0x68 ./Core/Src/stm32f1xx_it.o
 .debug_aranges
                0x0000000000000240       0x28 ./Core/Src/system_stm32f1xx.o
 .debug_aranges
                0x0000000000000268       0x38 ./Core/Src/usart.o
 .debug_aranges
                0x00000000000002a0       0x28 ./Core/Startup/startup_stm32f103retx.o
 .debug_aranges
                0x00000000000002c8       0xe0 ./Drivers/STM32F1xx_HAL_Driver/Src/stm32f1xx_hal.o
 .debug_aranges
                0x00000000000003a8      0x100 ./Drivers/STM32F1xx_HAL_Driver/Src/stm32f1xx_hal_cortex.o
 .debug_aranges
                0x00000000000004a8       0x80 ./Drivers/STM32F1xx_HAL_Driver/Src/stm32f1xx_hal_dma.o
 .debug_aranges
                0x0000000000000528       0x58 ./Drivers/STM32F1xx_HAL_Driver/Src/stm32f1xx_hal_gpio.o
 .debug_aranges
                0x0000000000000580      0x2a8 ./Drivers/STM32F1xx_HAL_Driver/Src/stm32f1xx_hal_i2c.o
 .debug_aranges
                0x0000000000000828       0x90 ./Drivers/STM32F1xx_HAL_Driver/Src/stm32f1xx_hal_rcc.o
 .debug_aranges
                0x00000000000008b8      0x1d0 ./Drivers/STM32F1xx_HAL_Driver/Src/stm32f1xx_hal_spi.o
 .debug_aranges
                0x0000000000000a88      0x208 ./Drivers/STM32F1xx_HAL_Driver/Src/stm32f1xx_hal_uart.o

.debug_rnglists
                0x0000000000000000      0x9b7
 .debug_rnglists
                0x0000000000000000       0x13 ./Core/Src/dma.o
 .debug_rnglists
                0x0000000000000013       0x14 ./Core/Src/gpio.o
 .debug_rnglists
                0x0000000000000027       0x1f ./Core/Src/i2c.o
 .debug_rnglists
                0x0000000000000046       0x21 ./Core/Src/main.o
 .debug_rnglists
                0x0000000000000067       0x83 ./Core/Src/sensors.o
 .debug_rnglists
                0x00000000000000ea       0x26 ./Core/Src/spi.o
 .debug_rnglists
                0x0000000000000110       0x1f ./Core/Src/spi_handler.o
 .debug_rnglists
                0x000000000000012f       0x13 ./Core/Src/stm32f1xx_hal_msp.o
 .debug_rnglists
                0x0000000000000142       0x49 ./Core/Src/stm32f1xx_it.o
 .debug_rnglists
                0x000000000000018b       0x1a ./Core/Src/system_stm32f1xx.o
 .debug_rnglists
                0x00000000000001a5       0x26 ./Core/Src/usart.o
 .debug_rnglists
                0x00000000000001cb       0x19 ./Core/Startup/startup_stm32f103retx.o
 .debug_rnglists
                0x00000000000001e4       0xa3 ./Drivers/STM32F1xx_HAL_Driver/Src/stm32f1xx_hal.o
 .debug_rnglists
                0x0000000000000287       0xbb ./Drivers/STM32F1xx_HAL_Driver/Src/stm32f1xx_hal_cortex.o
 .debug_rnglists
                0x0000000000000342       0x64 ./Drivers/STM32F1xx_HAL_Driver/Src/stm32f1xx_hal_dma.o
 .debug_rnglists
                0x00000000000003a6       0x3f ./Drivers/STM32F1xx_HAL_Driver/Src/stm32f1xx_hal_gpio.o
 .debug_rnglists
                0x00000000000003e5      0x23c ./Drivers/STM32F1xx_HAL_Driver/Src/stm32f1xx_hal_i2c.o
 .debug_rnglists
                0x0000000000000621       0x6c ./Drivers/STM32F1xx_HAL_Driver/Src/stm32f1xx_hal_rcc.o
 .debug_rnglists
                0x000000000000068d      0x16e ./Drivers/STM32F1xx_HAL_Driver/Src/stm32f1xx_hal_spi.o
 .debug_rnglists
                0x00000000000007fb      0x1bc ./Drivers/STM32F1xx_HAL_Driver/Src/stm32f1xx_hal_uart.o

.debug_macro    0x0000000000000000    0x1a30e
 .debug_macro   0x0000000000000000      0x1bb ./Core/Src/dma.o
 .debug_macro   0x00000000000001bb      0xa9c ./Core/Src/dma.o
 .debug_macro   0x0000000000000c57      0x227 ./Core/Src/dma.o
 .debug_macro   0x0000000000000e7e       0x2e ./Core/Src/dma.o
 .debug_macro   0x0000000000000eac       0x22 ./Core/Src/dma.o
 .debug_macro   0x0000000000000ece       0x22 ./Core/Src/dma.o
 .debug_macro   0x0000000000000ef0       0x8e ./Core/Src/dma.o
 .debug_macro   0x0000000000000f7e       0x51 ./Core/Src/dma.o
 .debug_macro   0x0000000000000fcf      0x103 ./Core/Src/dma.o
 .debug_macro   0x00000000000010d2       0x6a ./Core/Src/dma.o
 .debug_macro   0x000000000000113c      0x1df ./Core/Src/dma.o
 .debug_macro   0x000000000000131b       0x1c ./Core/Src/dma.o
 .debug_macro   0x0000000000001337       0x22 ./Core/Src/dma.o
 .debug_macro   0x0000000000001359       0xbd ./Core/Src/dma.o
 .debug_macro   0x0000000000001416      0xd23 ./Core/Src/dma.o
 .debug_macro   0x0000000000002139     0xfd8c ./Core/Src/dma.o
 .debug_macro   0x0000000000011ec5       0x6d ./Core/Src/dma.o
 .debug_macro   0x0000000000011f32     0x348d ./Core/Src/dma.o
 .debug_macro   0x00000000000153bf      0x174 ./Core/Src/dma.o
 .debug_macro   0x0000000000015533       0x5c ./Core/Src/dma.o
 .debug_macro   0x000000000001558f      0x5bc ./Core/Src/dma.o
 .debug_macro   0x0000000000015b4b      0x4d5 ./Core/Src/dma.o
 .debug_macro   0x0000000000016020      0x1cb ./Core/Src/dma.o
 .debug_macro   0x00000000000161eb      0x114 ./Core/Src/dma.o
 .debug_macro   0x00000000000162ff      0x1ea ./Core/Src/dma.o
 .debug_macro   0x00000000000164e9       0x27 ./Core/Src/dma.o
 .debug_macro   0x0000000000016510      0x144 ./Core/Src/dma.o
 .debug_macro   0x0000000000016654      0x1bc ./Core/Src/dma.o
 .debug_macro   0x0000000000016810       0x30 ./Core/Src/dma.o
 .debug_macro   0x0000000000016840       0x3c ./Core/Src/dma.o
 .debug_macro   0x000000000001687c       0x57 ./Core/Src/dma.o
 .debug_macro   0x00000000000168d3       0x87 ./Core/Src/dma.o
 .debug_macro   0x000000000001695a      0x24f ./Core/Src/dma.o
 .debug_macro   0x0000000000016ba9      0x287 ./Core/Src/dma.o
 .debug_macro   0x0000000000016e30      0x140 ./Core/Src/dma.o
 .debug_macro   0x0000000000016f70      0x217 ./Core/Src/dma.o
 .debug_macro   0x0000000000017187      0x28e ./Core/Src/dma.o
 .debug_macro   0x0000000000017415       0xb5 ./Core/Src/dma.o
 .debug_macro   0x00000000000174ca       0xac ./Core/Src/dma.o
 .debug_macro   0x0000000000017576      0x1bb ./Core/Src/gpio.o
 .debug_macro   0x0000000000017731      0x1bb ./Core/Src/i2c.o
 .debug_macro   0x00000000000178ec      0x2ef ./Core/Src/main.o
 .debug_macro   0x0000000000017bdb       0x61 ./Core/Src/main.o
 .debug_macro   0x0000000000017c3c       0x24 ./Core/Src/main.o
 .debug_macro   0x0000000000017c60       0x43 ./Core/Src/main.o
 .debug_macro   0x0000000000017ca3       0x34 ./Core/Src/main.o
 .debug_macro   0x0000000000017cd7       0x16 ./Core/Src/main.o
 .debug_macro   0x0000000000017ced       0x35 ./Core/Src/main.o
 .debug_macro   0x0000000000017d22      0x369 ./Core/Src/main.o
 .debug_macro   0x000000000001808b       0x10 ./Core/Src/main.o
 .debug_macro   0x000000000001809b       0x16 ./Core/Src/main.o
 .debug_macro   0x00000000000180b1       0x43 ./Core/Src/main.o
 .debug_macro   0x00000000000180f4       0x34 ./Core/Src/main.o
 .debug_macro   0x0000000000018128       0x10 ./Core/Src/main.o
 .debug_macro   0x0000000000018138       0x58 ./Core/Src/main.o
 .debug_macro   0x0000000000018190       0x8e ./Core/Src/main.o
 .debug_macro   0x000000000001821e       0x1c ./Core/Src/main.o
 .debug_macro   0x000000000001823a      0x177 ./Core/Src/main.o
 .debug_macro   0x00000000000183b1       0x16 ./Core/Src/main.o
 .debug_macro   0x00000000000183c7       0x16 ./Core/Src/main.o
 .debug_macro   0x00000000000183dd      0x147 ./Core/Src/main.o
 .debug_macro   0x0000000000018524      0x2b7 ./Core/Src/sensors.o
 .debug_macro   0x00000000000187db       0x97 ./Core/Src/sensors.o
 .debug_macro   0x0000000000018872       0xfd ./Core/Src/sensors.o
 .debug_macro   0x000000000001896f       0x56 ./Core/Src/sensors.o
 .debug_macro   0x00000000000189c5      0x1bb ./Core/Src/spi.o
 .debug_macro   0x0000000000018b80      0x2bd ./Core/Src/spi_handler.o
 .debug_macro   0x0000000000018e3d      0x1b1 ./Core/Src/stm32f1xx_hal_msp.o
 .debug_macro   0x0000000000018fee      0x1bb ./Core/Src/stm32f1xx_it.o
 .debug_macro   0x00000000000191a9      0x1a2 ./Core/Src/system_stm32f1xx.o
 .debug_macro   0x000000000001934b      0x1bb ./Core/Src/usart.o
 .debug_macro   0x0000000000019506      0x1c6 ./Drivers/STM32F1xx_HAL_Driver/Src/stm32f1xx_hal.o
 .debug_macro   0x00000000000196cc      0x1a2 ./Drivers/STM32F1xx_HAL_Driver/Src/stm32f1xx_hal_cortex.o
 .debug_macro   0x000000000001986e      0x1a2 ./Drivers/STM32F1xx_HAL_Driver/Src/stm32f1xx_hal_dma.o
 .debug_macro   0x0000000000019a10      0x20d ./Drivers/STM32F1xx_HAL_Driver/Src/stm32f1xx_hal_gpio.o
 .debug_macro   0x0000000000019c1d      0x1f0 ./Drivers/STM32F1xx_HAL_Driver/Src/stm32f1xx_hal_i2c.o
 .debug_macro   0x0000000000019e0d      0x1b4 ./Drivers/STM32F1xx_HAL_Driver/Src/stm32f1xx_hal_rcc.o
 .debug_macro   0x0000000000019fc1      0x1aa ./Drivers/STM32F1xx_HAL_Driver/Src/stm32f1xx_hal_spi.o
 .debug_macro   0x000000000001a16b      0x1a3 ./Drivers/STM32F1xx_HAL_Driver/Src/stm32f1xx_hal_uart.o

.debug_line     0x0000000000000000    0x11b45
 .debug_line    0x0000000000000000      0x6fd ./Core/Src/dma.o
 .debug_line    0x00000000000006fd      0x738 ./Core/Src/gpio.o
 .debug_line    0x0000000000000e35      0x767 ./Core/Src/i2c.o
 .debug_line    0x000000000000159c      0x960 ./Core/Src/main.o
 .debug_line    0x0000000000001efc      0xc25 ./Core/Src/sensors.o
 .debug_line    0x0000000000002b21      0x7f5 ./Core/Src/spi.o
 .debug_line    0x0000000000003316      0x8df ./Core/Src/spi_handler.o
 .debug_line    0x0000000000003bf5      0x703 ./Core/Src/stm32f1xx_hal_msp.o
 .debug_line    0x00000000000042f8      0x7dc ./Core/Src/stm32f1xx_it.o
 .debug_line    0x0000000000004ad4      0x780 ./Core/Src/system_stm32f1xx.o
 .debug_line    0x0000000000005254      0x806 ./Core/Src/usart.o
 .debug_line    0x0000000000005a5a       0x79 ./Core/Startup/startup_stm32f103retx.o
 .debug_line    0x0000000000005ad3      0x9ad ./Drivers/STM32F1xx_HAL_Driver/Src/stm32f1xx_hal.o
 .debug_line    0x0000000000006480      0xb95 ./Drivers/STM32F1xx_HAL_Driver/Src/stm32f1xx_hal_cortex.o
 .debug_line    0x0000000000007015     0x12d8 ./Drivers/STM32F1xx_HAL_Driver/Src/stm32f1xx_hal_dma.o
 .debug_line    0x00000000000082ed      0xa6e ./Drivers/STM32F1xx_HAL_Driver/Src/stm32f1xx_hal_gpio.o
 .debug_line    0x0000000000008d5b     0x3b24 ./Drivers/STM32F1xx_HAL_Driver/Src/stm32f1xx_hal_i2c.o
 .debug_line    0x000000000000c87f      0xdb6 ./Drivers/STM32F1xx_HAL_Driver/Src/stm32f1xx_hal_rcc.o
 .debug_line    0x000000000000d635     0x1c35 ./Drivers/STM32F1xx_HAL_Driver/Src/stm32f1xx_hal_spi.o
 .debug_line    0x000000000000f26a     0x28db ./Drivers/STM32F1xx_HAL_Driver/Src/stm32f1xx_hal_uart.o

.debug_str      0x0000000000000000    0x9475b
 .debug_str     0x0000000000000000    0x8dab4 ./Core/Src/dma.o
                                      0x8df65 (size before relaxing)
 .debug_str     0x000000000008dab4       0xbe ./Core/Src/gpio.o
                                      0x8dc23 (size before relaxing)
 .debug_str     0x000000000008db72      0x49a ./Core/Src/i2c.o
                                      0x8e0dd (size before relaxing)
 .debug_str     0x000000000008e00c     0x3cb3 ./Core/Src/main.o
                                      0x91ab5 (size before relaxing)
 .debug_str     0x0000000000091cbf      0x3f1 ./Core/Src/sensors.o
                                      0x91ae9 (size before relaxing)
 .debug_str     0x00000000000920b0       0x4b ./Core/Src/spi.o
                                      0x8e04d (size before relaxing)
 .debug_str     0x00000000000920fb       0x59 ./Core/Src/spi_handler.o
                                      0x91850 (size before relaxing)
 .debug_str     0x0000000000092154       0x5a ./Core/Src/stm32f1xx_hal_msp.o
                                      0x8dbab (size before relaxing)
 .debug_str     0x00000000000921ae       0xea ./Core/Src/stm32f1xx_it.o
                                      0x8dde7 (size before relaxing)
 .debug_str     0x0000000000092298       0x7e ./Core/Src/system_stm32f1xx.o
                                      0x8d92c (size before relaxing)
 .debug_str     0x0000000000092316       0x74 ./Core/Src/usart.o
                                      0x8e0a4 (size before relaxing)
 .debug_str     0x000000000009238a       0x34 ./Core/Startup/startup_stm32f103retx.o
                                         0x6f (size before relaxing)
 .debug_str     0x00000000000923be      0x37a ./Drivers/STM32F1xx_HAL_Driver/Src/stm32f1xx_hal.o
                                      0x8e143 (size before relaxing)
 .debug_str     0x0000000000092738      0x2a8 ./Drivers/STM32F1xx_HAL_Driver/Src/stm32f1xx_hal_cortex.o
                                      0x8e08f (size before relaxing)
 .debug_str     0x00000000000929e0      0x20b ./Drivers/STM32F1xx_HAL_Driver/Src/stm32f1xx_hal_dma.o
                                      0x8dcd5 (size before relaxing)
 .debug_str     0x0000000000092beb      0x2ce ./Drivers/STM32F1xx_HAL_Driver/Src/stm32f1xx_hal_gpio.o
                                      0x8dcb2 (size before relaxing)
 .debug_str     0x0000000000092eb9      0xba1 ./Drivers/STM32F1xx_HAL_Driver/Src/stm32f1xx_hal_i2c.o
                                      0x8e9f3 (size before relaxing)
 .debug_str     0x0000000000093a5a      0x209 ./Drivers/STM32F1xx_HAL_Driver/Src/stm32f1xx_hal_rcc.o
                                      0x8dd5b (size before relaxing)
 .debug_str     0x0000000000093c63      0x4fd ./Drivers/STM32F1xx_HAL_Driver/Src/stm32f1xx_hal_spi.o
                                      0x8e25e (size before relaxing)
 .debug_str     0x0000000000094160      0x5fb ./Drivers/STM32F1xx_HAL_Driver/Src/stm32f1xx_hal_uart.o
                                      0x8e3cc (size before relaxing)

.debug_frame    0x0000000000000000     0x3388
 .debug_frame   0x0000000000000000       0x34 ./Core/Src/dma.o
 .debug_frame   0x0000000000000034       0x34 ./Core/Src/gpio.o
 .debug_frame   0x0000000000000068       0x74 ./Core/Src/i2c.o
 .debug_frame   0x00000000000000dc       0x6c ./Core/Src/main.o
 .debug_frame   0x0000000000000148      0x2a8 ./Core/Src/sensors.o
 .debug_frame   0x00000000000003f0       0x90 ./Core/Src/spi.o
 .debug_frame   0x0000000000000480       0x7c ./Core/Src/spi_handler.o
 .debug_frame   0x00000000000004fc       0x38 ./Core/Src/stm32f1xx_hal_msp.o
 .debug_frame   0x0000000000000534      0x120 ./Core/Src/stm32f1xx_it.o
 .debug_frame   0x0000000000000654       0x58 ./Core/Src/system_stm32f1xx.o
 .debug_frame   0x00000000000006ac       0x90 ./Core/Src/usart.o
 .debug_frame   0x000000000000073c      0x334 ./Drivers/STM32F1xx_HAL_Driver/Src/stm32f1xx_hal.o
 .debug_frame   0x0000000000000a70      0x428 ./Drivers/STM32F1xx_HAL_Driver/Src/stm32f1xx_hal_cortex.o
 .debug_frame   0x0000000000000e98      0x20c ./Drivers/STM32F1xx_HAL_Driver/Src/stm32f1xx_hal_dma.o
 .debug_frame   0x00000000000010a4      0x14c ./Drivers/STM32F1xx_HAL_Driver/Src/stm32f1xx_hal_gpio.o
 .debug_frame   0x00000000000011f0      0xc84 ./Drivers/STM32F1xx_HAL_Driver/Src/stm32f1xx_hal_i2c.o
 .debug_frame   0x0000000000001e74      0x218 ./Drivers/STM32F1xx_HAL_Driver/Src/stm32f1xx_hal_rcc.o
 .debug_frame   0x000000000000208c      0x824 ./Drivers/STM32F1xx_HAL_Driver/Src/stm32f1xx_hal_spi.o
 .debug_frame   0x00000000000028b0      0x944 ./Drivers/STM32F1xx_HAL_Driver/Src/stm32f1xx_hal_uart.o
 .debug_frame   0x00000000000031f4       0x20 C:/ST/STM32CubeIDE_1.14.0/STM32CubeIDE/plugins/com.st.stm32cube.ide.mcu.externaltools.gnu-tools-for-stm32.11.3.rel1.win32_1.1.100.202309141235/tools/bin/../lib/gcc/arm-none-eabi/11.3.1/../../../../arm-none-eabi/lib/thumb/v7-m/nofp\libc_nano.a(libc_a-memset.o)
 .debug_frame   0x0000000000003214       0x2c C:/ST/STM32CubeIDE_1.14.0/STM32CubeIDE/plugins/com.st.stm32cube.ide.mcu.externaltools.gnu-tools-for-stm32.11.3.rel1.win32_1.1.100.202309141235/tools/bin/../lib/gcc/arm-none-eabi/11.3.1/../../../../arm-none-eabi/lib/thumb/v7-m/nofp\libc_nano.a(libc_a-init.o)
 .debug_frame   0x0000000000003240       0x28 C:/ST/STM32CubeIDE_1.14.0/STM32CubeIDE/plugins/com.st.stm32cube.ide.mcu.externaltools.gnu-tools-for-stm32.11.3.rel1.win32_1.1.100.202309141235/tools/bin/../lib/gcc/arm-none-eabi/11.3.1/../../../../arm-none-eabi/lib/thumb/v7-m/nofp\libc_nano.a(libc_a-memcpy-stub.o)
 .debug_frame   0x0000000000003268       0xac C:/ST/STM32CubeIDE_1.14.0/STM32CubeIDE/plugins/com.st.stm32cube.ide.mcu.externaltools.gnu-tools-for-stm32.11.3.rel1.win32_1.1.100.202309141235/tools/bin/../lib/gcc/arm-none-eabi/11.3.1/thumb/v7-m/nofp\libgcc.a(_arm_addsubdf3.o)
 .debug_frame   0x0000000000003314       0x50 C:/ST/STM32CubeIDE_1.14.0/STM32CubeIDE/plugins/com.st.stm32cube.ide.mcu.externaltools.gnu-tools-for-stm32.11.3.rel1.win32_1.1.100.202309141235/tools/bin/../lib/gcc/arm-none-eabi/11.3.1/thumb/v7-m/nofp\libgcc.a(_arm_muldivdf3.o)
 .debug_frame   0x0000000000003364       0x24 C:/ST/STM32CubeIDE_1.14.0/STM32CubeIDE/plugins/com.st.stm32cube.ide.mcu.externaltools.gnu-tools-for-stm32.11.3.rel1.win32_1.1.100.202309141235/tools/bin/../lib/gcc/arm-none-eabi/11.3.1/thumb/v7-m/nofp\libgcc.a(_arm_fixunsdfsi.o)

.debug_line_str
                0x0000000000000000       0x63
 .debug_line_str
                0x0000000000000000       0x63 ./Core/Startup/startup_stm32f103retx.o
                                         0x7b (size before relaxing)
