Archive member included to satisfy reference by file (symbol)

C:/ST/STM32CubeIDE_1.14.0/STM32CubeIDE/plugins/com.st.stm32cube.ide.mcu.externaltools.gnu-tools-for-stm32.11.3.rel1.win32_1.1.100.202309141235/tools/bin/../lib/gcc/arm-none-eabi/11.3.1/../../../../arm-none-eabi/lib/thumb/v7-m/nofp\libc_nano.a(libc_a-exit.o)
                              C:/ST/STM32CubeIDE_1.14.0/STM32CubeIDE/plugins/com.st.stm32cube.ide.mcu.externaltools.gnu-tools-for-stm32.11.3.rel1.win32_1.1.100.202309141235/tools/bin/../lib/gcc/arm-none-eabi/11.3.1/../../../../arm-none-eabi/lib/thumb/v7-m/nofp/crt0.o (exit)
C:/ST/STM32CubeIDE_1.14.0/STM32CubeIDE/plugins/com.st.stm32cube.ide.mcu.externaltools.gnu-tools-for-stm32.11.3.rel1.win32_1.1.100.202309141235/tools/bin/../lib/gcc/arm-none-eabi/11.3.1/../../../../arm-none-eabi/lib/thumb/v7-m/nofp\libc_nano.a(libc_a-malloc.o)
                              ./Core/Src/main.o (malloc)
C:/ST/STM32CubeIDE_1.14.0/STM32CubeIDE/plugins/com.st.stm32cube.ide.mcu.externaltools.gnu-tools-for-stm32.11.3.rel1.win32_1.1.100.202309141235/tools/bin/../lib/gcc/arm-none-eabi/11.3.1/../../../../arm-none-eabi/lib/thumb/v7-m/nofp\libc_nano.a(libc_a-mallocr.o)
                              C:/ST/STM32CubeIDE_1.14.0/STM32CubeIDE/plugins/com.st.stm32cube.ide.mcu.externaltools.gnu-tools-for-stm32.11.3.rel1.win32_1.1.100.202309141235/tools/bin/../lib/gcc/arm-none-eabi/11.3.1/../../../../arm-none-eabi/lib/thumb/v7-m/nofp\libc_nano.a(libc_a-malloc.o) (_malloc_r)
C:/ST/STM32CubeIDE_1.14.0/STM32CubeIDE/plugins/com.st.stm32cube.ide.mcu.externaltools.gnu-tools-for-stm32.11.3.rel1.win32_1.1.100.202309141235/tools/bin/../lib/gcc/arm-none-eabi/11.3.1/../../../../arm-none-eabi/lib/thumb/v7-m/nofp\libc_nano.a(libc_a-mlock.o)
                              C:/ST/STM32CubeIDE_1.14.0/STM32CubeIDE/plugins/com.st.stm32cube.ide.mcu.externaltools.gnu-tools-for-stm32.11.3.rel1.win32_1.1.100.202309141235/tools/bin/../lib/gcc/arm-none-eabi/11.3.1/../../../../arm-none-eabi/lib/thumb/v7-m/nofp\libc_nano.a(libc_a-mallocr.o) (__malloc_lock)
C:/ST/STM32CubeIDE_1.14.0/STM32CubeIDE/plugins/com.st.stm32cube.ide.mcu.externaltools.gnu-tools-for-stm32.11.3.rel1.win32_1.1.100.202309141235/tools/bin/../lib/gcc/arm-none-eabi/11.3.1/../../../../arm-none-eabi/lib/thumb/v7-m/nofp\libc_nano.a(libc_a-findfp.o)
                              C:/ST/STM32CubeIDE_1.14.0/STM32CubeIDE/plugins/com.st.stm32cube.ide.mcu.externaltools.gnu-tools-for-stm32.11.3.rel1.win32_1.1.100.202309141235/tools/bin/../lib/gcc/arm-none-eabi/11.3.1/../../../../arm-none-eabi/lib/thumb/v7-m/nofp\libc_nano.a(libc_a-exit.o) (__stdio_exit_handler)
C:/ST/STM32CubeIDE_1.14.0/STM32CubeIDE/plugins/com.st.stm32cube.ide.mcu.externaltools.gnu-tools-for-stm32.11.3.rel1.win32_1.1.100.202309141235/tools/bin/../lib/gcc/arm-none-eabi/11.3.1/../../../../arm-none-eabi/lib/thumb/v7-m/nofp\libc_nano.a(libc_a-fwalk.o)
                              C:/ST/STM32CubeIDE_1.14.0/STM32CubeIDE/plugins/com.st.stm32cube.ide.mcu.externaltools.gnu-tools-for-stm32.11.3.rel1.win32_1.1.100.202309141235/tools/bin/../lib/gcc/arm-none-eabi/11.3.1/../../../../arm-none-eabi/lib/thumb/v7-m/nofp\libc_nano.a(libc_a-findfp.o) (_fwalk_sglue)
C:/ST/STM32CubeIDE_1.14.0/STM32CubeIDE/plugins/com.st.stm32cube.ide.mcu.externaltools.gnu-tools-for-stm32.11.3.rel1.win32_1.1.100.202309141235/tools/bin/../lib/gcc/arm-none-eabi/11.3.1/../../../../arm-none-eabi/lib/thumb/v7-m/nofp\libc_nano.a(libc_a-printf.o)
                              ./Core/Src/spi_handler.o (printf)
C:/ST/STM32CubeIDE_1.14.0/STM32CubeIDE/plugins/com.st.stm32cube.ide.mcu.externaltools.gnu-tools-for-stm32.11.3.rel1.win32_1.1.100.202309141235/tools/bin/../lib/gcc/arm-none-eabi/11.3.1/../../../../arm-none-eabi/lib/thumb/v7-m/nofp\libc_nano.a(libc_a-stdio.o)
                              C:/ST/STM32CubeIDE_1.14.0/STM32CubeIDE/plugins/com.st.stm32cube.ide.mcu.externaltools.gnu-tools-for-stm32.11.3.rel1.win32_1.1.100.202309141235/tools/bin/../lib/gcc/arm-none-eabi/11.3.1/../../../../arm-none-eabi/lib/thumb/v7-m/nofp\libc_nano.a(libc_a-findfp.o) (__sread)
C:/ST/STM32CubeIDE_1.14.0/STM32CubeIDE/plugins/com.st.stm32cube.ide.mcu.externaltools.gnu-tools-for-stm32.11.3.rel1.win32_1.1.100.202309141235/tools/bin/../lib/gcc/arm-none-eabi/11.3.1/../../../../arm-none-eabi/lib/thumb/v7-m/nofp\libc_nano.a(libc_a-memset.o)
                              C:/ST/STM32CubeIDE_1.14.0/STM32CubeIDE/plugins/com.st.stm32cube.ide.mcu.externaltools.gnu-tools-for-stm32.11.3.rel1.win32_1.1.100.202309141235/tools/bin/../lib/gcc/arm-none-eabi/11.3.1/../../../../arm-none-eabi/lib/thumb/v7-m/nofp/crt0.o (memset)
C:/ST/STM32CubeIDE_1.14.0/STM32CubeIDE/plugins/com.st.stm32cube.ide.mcu.externaltools.gnu-tools-for-stm32.11.3.rel1.win32_1.1.100.202309141235/tools/bin/../lib/gcc/arm-none-eabi/11.3.1/../../../../arm-none-eabi/lib/thumb/v7-m/nofp\libc_nano.a(libc_a-closer.o)
[...]
Memory Configuration

Name             Origin             Length             Attributes
RAM              0x0000000020000000 0x0000000000010000 xrw
FLASH            0x0000000008000000 0x0000000000080000 xr
*default*        0x0000000000000000 0xffffffffffffffff

Linker script and memory map

LOAD C:/ST/STM32CubeIDE_1.14.0/STM32CubeIDE/plugins/com.st.stm32cube.ide.mcu.externaltools.gnu-tools-for-stm32.11.3.rel1.win32_1.1.100.202309141235/tools/bin/../lib/gcc/arm-none-eabi/11.3.1/thumb/v7-m/nofp/crti.o
LOAD C:/ST/STM32CubeIDE_1.14.0/STM32CubeIDE/plugins/com.st.stm32cube.ide.mcu.externaltools.gnu-tools-for-stm32.11.3.rel1.win32_1.1.100.202309141235/tools/bin/../lib/gcc/arm-none-eabi/11.3.1/thumb/v7-m/nofp/crtbegin.o
LOAD C:/ST/STM32CubeIDE_1.14.0/STM32CubeIDE/plugins/com.st.stm32cube.ide.mcu.externaltools.gnu-tools-for-stm32.11.3.rel1.win32_1.1.100.202309141235/tools/bin/../lib/gcc/arm-none-eabi/11.3.1/../../../../arm-none-eabi/lib/thumb/v7-m/nofp/crt0.o
LOAD ./Core/Src/dma.o
LOAD ./Core/Src/gpio.o
LOAD ./Core/Src/i2c.o
LOAD ./Core/Src/main.o
LOAD ./Core/Src/sensors.o
LOAD ./Core/Src/spi.o
LOAD ./Core/Src/spi_handler.o
LOAD ./Core/Src/stm32f1xx_hal_msp.o
LOAD ./Core/Src/stm32f1xx_it.o
LOAD ./Core/Src/syscalls.o
LOAD ./Core/Src/sysmem.o
LOAD ./Core/Src/system_stm32f1xx.o
LOAD ./Core/Src/uart_bridge.o
LOAD ./Core/Src/usart.o
LOAD ./Core/Startup/startup_stm32f103retx.o
LOAD ./Drivers/STM32F1xx_HAL_Driver/Src/stm32f1xx_hal.o
LOAD ./Drivers/STM32F1xx_HAL_Driver/Src/stm32f1xx_hal_cortex.o
LOAD ./Drivers/STM32F1xx_HAL_Driver/Src/stm32f1xx_hal_dma.o
LOAD ./Drivers/STM32F1xx_HAL_Driver/Src/stm32f1xx_hal_exti.o
LOAD ./Drivers/STM32F1xx_HAL_Driver/Src/stm32f1xx_hal_flash.o
LOAD ./Drivers/STM32F1xx_HAL_Driver/Src/stm32f1xx_hal_flash_ex.o
LOAD ./Drivers/STM32F1xx_HAL_Driver/Src/stm32f1xx_hal_gpio.o
LOAD ./Drivers/STM32F1xx_HAL_Driver/Src/stm32f1xx_hal_gpio_ex.o
LOAD ./Drivers/STM32F1xx_HAL_Driver/Src/stm32f1xx_hal_i2c.o
LOAD ./Drivers/STM32F1xx_HAL_Driver/Src/stm32f1xx_hal_pwr.o
LOAD ./Drivers/STM32F1xx_HAL_Driver/Src/stm32f1xx_hal_rcc.o
LOAD ./Drivers/STM32F1xx_HAL_Driver/Src/stm32f1xx_hal_rcc_ex.o
LOAD ./Drivers/STM32F1xx_HAL_Driver/Src/stm32f1xx_hal_spi.o
LOAD ./Drivers/STM32F1xx_HAL_Driver/Src/stm32f1xx_hal_tim.o
LOAD ./Drivers/STM32F1xx_HAL_Driver/Src/stm32f1xx_hal_tim_ex.o
LOAD ./Drivers/STM32F1xx_HAL_Driver/Src/stm32f1xx_hal_uart.o
START GROUP
LOAD C:/ST/STM32CubeIDE_1.14.0/STM32CubeIDE/plugins/com.st.stm32cube.ide.mcu.externaltools.gnu-tools-for-stm32.11.3.rel1.win32_1.1.100.202309141235/tools/bin/../lib/gcc/arm-none-eabi/11.3.1/../../../../arm-none-eabi/lib/thumb/v7-m/nofp\libc_nano.a
LOAD C:/ST/STM32CubeIDE_1.14.0/STM32CubeIDE/plugins/com.st.stm32cube.ide.mcu.externaltools.gnu-tools-for-stm32.11.3.rel1.win32_1.1.100.202309141235/tools/bin/../lib/gcc/arm-none-eabi/11.3.1/../../../../arm-none-eabi/lib/thumb/v7-m/nofp\libm.a
END GROUP
START GROUP
LOAD C:/ST/STM32CubeIDE_1.14.0/STM32CubeIDE/plugins/com.st.stm32cube.ide.mcu.externaltools.gnu-tools-for-stm32.11.3.rel1.win32_1.1.100.202309141235/tools/bin/../lib/gcc/arm-none-eabi/11.3.1/thumb/v7-m/nofp\libgcc.a
LOAD C:/ST/STM32CubeIDE_1.14.0/STM32CubeIDE/plugins/com.st.stm32cube.ide.mcu.externaltools.gnu-tools-for-stm32.11.3.rel1.win32_1.1.100.202309141235/tools/bin/../lib/gcc/arm-none-eabi/11.3.1/../../../../arm-none-eabi/lib/thumb/v7-m/nofp\libc_nano.a
END GROUP
START GROUP
LOAD C:/ST/STM32CubeIDE_1.14.0/STM32CubeIDE/plugins/com.st.stm32cube.ide.mcu.externaltools.gnu-tools-for-stm32.11.3.rel1.win32_1.1.100.202309141235/tools/bin/../lib/gcc/arm-none-eabi/11.3.1/thumb/v7-m/nofp\libgcc.a
LOAD C:/ST/STM32CubeIDE_1.14.0/STM32CubeIDE/plugins/com.st.stm32cube.ide.mcu.externaltools.gnu-tools-for-stm32.11.3.rel1.win32_1.1.100.202309141235/tools/bin/../lib/gcc/arm-none-eabi/11.3.1/../../../../arm-none-eabi/lib/thumb/v7-m/nofp\libc_nano.a
LOAD C:/ST/STM32CubeIDE_1.14.0/STM32CubeIDE/plugins/com.st.stm32cube.ide.mcu.externaltools.gnu-tools-for-stm32.11.3.rel1.win32_1.1.100.202309141235/tools/bin/../lib/gcc/arm-none-eabi/11.3.1/../../../../arm-none-eabi/lib/thumb/v7-m/nofp\libnosys.a
END GROUP
START GROUP
LOAD C:/ST/STM32CubeIDE_1.14.0/STM32CubeIDE/plugins/com.st.stm32cube.ide.mcu.externaltools.gnu-tools-for-stm32.11.3.rel1.win32_1.1.100.202309141235/tools/bin/../lib/gcc/arm-none-eabi/11.3.1/thumb/v7-m/nofp\libgcc.a
LOAD C:/ST/STM32CubeIDE_1.14.0/STM32CubeIDE/plugins/com.st.stm32cube.ide.mcu.externaltools.gnu-tools-for-stm32.11.3.rel1.win32_1.1.100.202309141235/tools/bin/../lib/gcc/arm-none-eabi/11.3.1/../../../../arm-none-eabi/lib/thumb/v7-m/nofp\libc_nano.a
LOAD C:/ST/STM32CubeIDE_1.14.0/STM32CubeIDE/plugins/com.st.stm32cube.ide.mcu.externaltools.gnu-tools-for-stm32.11.3.rel1.win32_1.1.100.202309141235/tools/bin/../lib/gcc/arm-none-eabi/11.3.1/../../../../arm-none-eabi/lib/thumb/v7-m/nofp\libnosys.a
END GROUP
LOAD C:/ST/STM32CubeIDE_1.14.0/STM32CubeIDE/plugins/com.st.stm32cube.ide.mcu.externaltools.gnu-tools-for-stm32.11.3.rel1.win32_1.1.100.202309141235/tools/bin/../lib/gcc/arm-none-eabi/11.3.1/thumb/v7-m/nofp/crtend.o
LOAD C:/ST/STM32CubeIDE_1.14.0/STM32CubeIDE/plugins/com.st.stm32cube.ide.mcu.externaltools.gnu-tools-for-stm32.11.3.rel1.win32_1.1.100.202309141235/tools/bin/../lib/gcc/arm-none-eabi/11.3.1/thumb/v7-m/nofp/crtn.o
                0x0000000020010000                _estack = (ORIGIN (RAM) + LENGTH (RAM))
                0x0000000000000200                _Min_Heap_Size = 0x200
                0x0000000000000400                _Min_Stack_Size = 0x400

.isr_vector     0x0000000008000000      0x1e4
                0x0000000008000000                . = ALIGN (0x4)
 *(.isr_vector)
 .isr_vector    0x0000000008000000      0x1e4 ./Core/Startup/startup_stm32f103retx.o
                0x0000000008000000                g_pfnVectors
                0x00000000080001e4                . = ALIGN (0x4)

.text           0x00000000080001e4     0x37c4
                0x00000000080001e4                . = ALIGN (0x4)
 *(.text)
 .text          0x00000000080001e4       0x40 C:/ST/STM32CubeIDE_1.14.0/STM32CubeIDE/plugins/com.st.stm32cube.ide.mcu.externaltools.gnu-tools-for-stm32.11.3.rel1.win32_1.1.100.202309141235/tools/bin/../lib/gcc/arm-none-eabi/11.3.1/thumb/v7-m/nofp/crtbegin.o
 *(.text*)
 .text.MX_DMA_Init
                0x0000000008000224       0x3c ./Core/Src/dma.o
                0x0000000008000224                MX_DMA_Init
 .text.MX_GPIO_Init
                0x0000000008000260      0x130 ./Core/Src/gpio.o
                0x0000000008000260                MX_GPIO_Init
 .text.MX_I2C1_Init
                0x0000000008000390       0x5c ./Core/Src/i2c.o
                0x0000000008000390                MX_I2C1_Init
 .text.HAL_I2C_MspInit
                0x00000000080003ec       0x7c ./Core/Src/i2c.o
                0x00000000080003ec                HAL_I2C_MspInit
 .text.main     0x0000000008000468      0x230 ./Core/Src/main.o
                0x0000000008000468                main
 .text.SystemClock_Config
                0x0000000008000698       0x8c ./Core/Src/main.o
                0x0000000008000698                SystemClock_Config
 .text.Error_Handler
                0x0000000008000724        0xa ./Core/Src/main.o
                0x0000000008000724                Error_Handler
 .text.writeToRegister
                0x000000000800072e       0x32 ./Core/Src/sensors.o
                0x000000000800072e                writeToRegister
 .text.sensor_init
                0x0000000008000760      0x110 ./Core/Src/sensors.o
                0x0000000008000760                sensor_init
 .text.sensor_power_on
                0x0000000008000870       0x18 ./Core/Src/sensors.o
                0x0000000008000870                sensor_power_on
 .text.deactivateSCLR
                0x0000000008000888       0x28 ./Core/Src/sensors.o
                0x0000000008000888                deactivateSCLR
 .text.calc_crc
                0x00000000080008b0       0xa8 ./Core/Src/sensors.o
                0x00000000080008b0                calc_crc
 .text.registers_adr_config
                0x0000000008000958       0x7e ./Core/Src/sensors.o
                0x0000000008000958                registers_adr_config
 .text.read_register
                0x00000000080009d6       0xfc ./Core/Src/sensors.o
                0x00000000080009d6                read_register
 .text.registersAreSet
                0x0000000008000ad2       0x46 ./Core/Src/sensors.o
                0x0000000008000ad2                registersAreSet
 .text.device_config
                0x0000000008000b18       0x44 ./Core/Src/sensors.o
                0x0000000008000b18                device_config
 .text.sensor_config
                0x0000000008000b5c       0x6c ./Core/Src/sensors.o
                0x0000000008000b5c                sensor_config
 .text.system_config
                0x0000000008000bc8       0x44 ./Core/Src/sensors.o
                0x0000000008000bc8                system_config
 .text.select_sensor
                0x0000000008000c0c       0x44 ./Core/Src/sensors.o
                0x0000000008000c0c                select_sensor
 .text.deselect_sensor
                0x0000000008000c50       0x30 ./Core/Src/sensors.o
                0x0000000008000c50                deselect_sensor
 .text.set_sh_reg_OE
                0x0000000008000c80       0x24 ./Core/Src/sensors.o
                0x0000000008000c80                set_sh_reg_OE
 .text.measuringLED
                0x0000000008000ca4       0x14 ./Core/Src/sensors.o
                0x0000000008000ca4                measuringLED
 .text.errorLED
                0x0000000008000cb8       0x1c ./Core/Src/sensors.o
                0x0000000008000cb8                errorLED
 .text.MX_SPI1_Init
                0x0000000008000cd4       0x6c ./Core/Src/spi.o
                0x0000000008000cd4                MX_SPI1_Init
 .text.MX_SPI2_Init
                0x0000000008000d40       0x6c ./Core/Src/spi.o
                0x0000000008000d40                MX_SPI2_Init
 .text.HAL_SPI_MspInit
                0x0000000008000dac      0x10c ./Core/Src/spi.o
                0x0000000008000dac                HAL_SPI_MspInit
 .text.spi_read_reg
                0x0000000008000eb8       0x68 ./Core/Src/spi_handler.o
                0x0000000008000eb8                spi_read_reg
 .text.spi_write_reg
                0x0000000008000f20       0x50 ./Core/Src/spi_handler.o
                0x0000000008000f20                spi_write_reg
 .text.HAL_MspInit
                0x0000000008000f70       0x64 ./Core/Src/stm32f1xx_hal_msp.o
                0x0000000008000f70                HAL_MspInit
 .text.NMI_Handler
                0x0000000008000fd4        0x6 ./Core/Src/stm32f1xx_it.o
                0x0000000008000fd4                NMI_Handler
 .text.HardFault_Handler
                0x0000000008000fda        0x6 ./Core/Src/stm32f1xx_it.o
                0x0000000008000fda                HardFault_Handler
 .text.MemManage_Handler
                0x0000000008000fe0        0x6 ./Core/Src/stm32f1xx_it.o
                0x0000000008000fe0                MemManage_Handler
 .text.BusFault_Handler
                0x0000000008000fe6        0x6 ./Core/Src/stm32f1xx_it.o
                0x0000000008000fe6                BusFault_Handler
 .text.UsageFault_Handler
                0x0000000008000fec        0x6 ./Core/Src/stm32f1xx_it.o
                0x0000000008000fec                UsageFault_Handler
 .text.SVC_Handler
                0x0000000008000ff2        0xc ./Core/Src/stm32f1xx_it.o
                0x0000000008000ff2                SVC_Handler
 .text.DebugMon_Handler
                0x0000000008000ffe        0xc ./Core/Src/stm32f1xx_it.o
                0x0000000008000ffe                DebugMon_Handler
 .text.PendSV_Handler
                0x000000000800100a        0xc ./Core/Src/stm32f1xx_it.o
                0x000000000800100a                PendSV_Handler
 .text.SysTick_Handler
                0x0000000008001016        0xc ./Core/Src/stm32f1xx_it.o
                0x0000000008001016                SysTick_Handler
 *fill*         0x0000000008001022        0x2 
 .text.DMA2_Channel4_5_IRQHandler
                0x0000000008001024       0x14 ./Core/Src/stm32f1xx_it.o
                0x0000000008001024                DMA2_Channel4_5_IRQHandler
 .text._sbrk    0x0000000008001038       0x6c ./Core/Src/sysmem.o
                0x0000000008001038                _sbrk
 .text.SystemInit
                0x00000000080010a4        0xc ./Core/Src/system_stm32f1xx.o
                0x00000000080010a4                SystemInit
 .text.MX_UART4_Init
                0x00000000080010b0       0x54 ./Core/Src/usart.o
                0x00000000080010b0                MX_UART4_Init
 .text.MX_UART5_Init
                0x0000000008001104       0x54 ./Core/Src/usart.o
                0x0000000008001104                MX_UART5_Init
 .text.HAL_UART_MspInit
                0x0000000008001158      0x17c ./Core/Src/usart.o
                0x0000000008001158                HAL_UART_MspInit
 .text.Reset_Handler
                0x00000000080012d4       0x48 ./Core/Startup/startup_stm32f103retx.o
                0x00000000080012d4                Reset_Handler
 .text.Default_Handler
                0x000000000800131c        0x2 ./Core/Startup/startup_stm32f103retx.o
                0x000000000800131c                RTC_Alarm_IRQHandler
                0x000000000800131c                EXTI2_IRQHandler
                0x000000000800131c                TIM8_TRG_COM_IRQHandler
                0x000000000800131c                TIM8_CC_IRQHandler
                0x000000000800131c                TIM1_CC_IRQHandler
                0x000000000800131c                TIM6_IRQHandler
                0x000000000800131c                PVD_IRQHandler
                0x000000000800131c                SDIO_IRQHandler
                0x000000000800131c                EXTI3_IRQHandler
                0x000000000800131c                EXTI0_IRQHandler
                0x000000000800131c                I2C2_EV_IRQHandler
                0x000000000800131c                ADC1_2_IRQHandler
                0x000000000800131c                SPI1_IRQHandler
                0x000000000800131c                TAMPER_IRQHandler
                0x000000000800131c                TIM8_UP_IRQHandler
                0x000000000800131c                DMA2_Channel2_IRQHandler
                0x000000000800131c                DMA1_Channel4_IRQHandler
                0x000000000800131c                USART3_IRQHandler
                0x000000000800131c                RTC_IRQHandler
                0x000000000800131c                DMA1_Channel7_IRQHandler
                0x000000000800131c                CAN1_RX1_IRQHandler
                0x000000000800131c                UART5_IRQHandler
                0x000000000800131c                ADC3_IRQHandler
                0x000000000800131c                TIM4_IRQHandler
                0x000000000800131c                DMA2_Channel1_IRQHandler
                0x000000000800131c                I2C1_EV_IRQHandler
                0x000000000800131c                DMA1_Channel6_IRQHandler
                0x000000000800131c                UART4_IRQHandler
                0x000000000800131c                TIM3_IRQHandler
                0x000000000800131c                RCC_IRQHandler
                0x000000000800131c                TIM1_TRG_COM_IRQHandler
                0x000000000800131c                DMA1_Channel1_IRQHandler
                0x000000000800131c                Default_Handler
                0x000000000800131c                EXTI15_10_IRQHandler
                0x000000000800131c                TIM7_IRQHandler
                0x000000000800131c                TIM5_IRQHandler
                0x000000000800131c                EXTI9_5_IRQHandler
                0x000000000800131c                SPI2_IRQHandler
                0x000000000800131c                DMA1_Channel5_IRQHandler
                0x000000000800131c                EXTI4_IRQHandler
                0x000000000800131c                USB_LP_CAN1_RX0_IRQHandler
                0x000000000800131c                USB_HP_CAN1_TX_IRQHandler
                0x000000000800131c                DMA1_Channel3_IRQHandler
                0x000000000800131c                FSMC_IRQHandler
                0x000000000800131c                TIM1_UP_IRQHandler
                0x000000000800131c                WWDG_IRQHandler
                0x000000000800131c                TIM2_IRQHandler
                0x000000000800131c                TIM1_BRK_IRQHandler
                0x000000000800131c                EXTI1_IRQHandler
                0x000000000800131c                USART2_IRQHandler
                0x000000000800131c                I2C2_ER_IRQHandler
                0x000000000800131c                DMA1_Channel2_IRQHandler
                0x000000000800131c                TIM8_BRK_IRQHandler
                0x000000000800131c                CAN1_SCE_IRQHandler
                0x000000000800131c                FLASH_IRQHandler
                0x000000000800131c                USART1_IRQHandler
                0x000000000800131c                SPI3_IRQHandler
                0x000000000800131c                I2C1_ER_IRQHandler
                0x000000000800131c                USBWakeUp_IRQHandler
                0x000000000800131c                DMA2_Channel3_IRQHandler
 *fill*         0x000000000800131e        0x2 
 .text.HAL_Init
                0x0000000008001320       0x2c ./Drivers/STM32F1xx_HAL_Driver/Src/stm32f1xx_hal.o
                0x0000000008001320                HAL_Init
 .text.HAL_InitTick
                0x000000000800134c       0x60 ./Drivers/STM32F1xx_HAL_Driver/Src/stm32f1xx_hal.o
                0x000000000800134c                HAL_InitTick
 .text.HAL_IncTick
                0x00000000080013ac       0x24 ./Drivers/STM32F1xx_HAL_Driver/Src/stm32f1xx_hal.o
                0x00000000080013ac                HAL_IncTick
 .text.HAL_GetTick
                0x00000000080013d0       0x14 ./Drivers/STM32F1xx_HAL_Driver/Src/stm32f1xx_hal.o
                0x00000000080013d0                HAL_GetTick
 .text.HAL_Delay
                0x00000000080013e4       0x48 ./Drivers/STM32F1xx_HAL_Driver/Src/stm32f1xx_hal.o
                0x00000000080013e4                HAL_Delay
 .text.__NVIC_SetPriorityGrouping
                0x000000000800142c       0x48 ./Drivers/STM32F1xx_HAL_Driver/Src/stm32f1xx_hal_cortex.o
 .text.__NVIC_GetPriorityGrouping
                0x0000000008001474       0x1c ./Drivers/STM32F1xx_HAL_Driver/Src/stm32f1xx_hal_cortex.o
 .text.__NVIC_EnableIRQ
                0x0000000008001490       0x38 ./Drivers/STM32F1xx_HAL_Driver/Src/stm32f1xx_hal_cortex.o
 .text.__NVIC_SetPriority
                0x00000000080014c8       0x54 ./Drivers/STM32F1xx_HAL_Driver/Src/stm32f1xx_hal_cortex.o
 .text.NVIC_EncodePriority
                0x000000000800151c       0x64 ./Drivers/STM32F1xx_HAL_Driver/Src/stm32f1xx_hal_cortex.o
 .text.SysTick_Config
                0x0000000008001580       0x44 ./Drivers/STM32F1xx_HAL_Driver/Src/stm32f1xx_hal_cortex.o
 .text.HAL_NVIC_SetPriorityGrouping
                0x00000000080015c4       0x16 ./Drivers/STM32F1xx_HAL_Driver/Src/stm32f1xx_hal_cortex.o
                0x00000000080015c4                HAL_NVIC_SetPriorityGrouping
 .text.HAL_NVIC_SetPriority
                0x00000000080015da       0x38 ./Drivers/STM32F1xx_HAL_Driver/Src/stm32f1xx_hal_cortex.o
                0x00000000080015da                HAL_NVIC_SetPriority
 .text.HAL_NVIC_EnableIRQ
                0x0000000008001612       0x1c ./Drivers/STM32F1xx_HAL_Driver/Src/stm32f1xx_hal_cortex.o
                0x0000000008001612                HAL_NVIC_EnableIRQ
 .text.HAL_SYSTICK_Config
                0x000000000800162e       0x18 ./Drivers/STM32F1xx_HAL_Driver/Src/stm32f1xx_hal_cortex.o
                0x000000000800162e                HAL_SYSTICK_Config
 *fill*         0x0000000008001646        0x2 
 .text.HAL_DMA_Init
                0x0000000008001648       0xec ./Drivers/STM32F1xx_HAL_Driver/Src/stm32f1xx_hal_dma.o
                0x0000000008001648                HAL_DMA_Init
 .text.HAL_DMA_IRQHandler
                0x0000000008001734      0x478 ./Drivers/STM32F1xx_HAL_Driver/Src/stm32f1xx_hal_dma.o
                0x0000000008001734                HAL_DMA_IRQHandler
 .text.HAL_GPIO_Init
                0x0000000008001bac      0x328 ./Drivers/STM32F1xx_HAL_Driver/Src/stm32f1xx_hal_gpio.o
                0x0000000008001bac                HAL_GPIO_Init
 .text.HAL_GPIO_WritePin
                0x0000000008001ed4       0x30 ./Drivers/STM32F1xx_HAL_Driver/Src/stm32f1xx_hal_gpio.o
                0x0000000008001ed4                HAL_GPIO_WritePin
 .text.HAL_GPIO_TogglePin
                0x0000000008001f04       0x32 ./Drivers/STM32F1xx_HAL_Driver/Src/stm32f1xx_hal_gpio.o
                0x0000000008001f04                HAL_GPIO_TogglePin
 *fill*         0x0000000008001f36        0x2 
 .text.HAL_I2C_Init
                0x0000000008001f38      0x288 ./Drivers/STM32F1xx_HAL_Driver/Src/stm32f1xx_hal_i2c.o
                0x0000000008001f38                HAL_I2C_Init
 .text.HAL_RCC_OscConfig
                0x00000000080021c0      0x504 ./Drivers/STM32F1xx_HAL_Driver/Src/stm32f1xx_hal_rcc.o
                0x00000000080021c0                HAL_RCC_OscConfig
 .text.HAL_RCC_ClockConfig
                0x00000000080026c4      0x1d4 ./Drivers/STM32F1xx_HAL_Driver/Src/stm32f1xx_hal_rcc.o
                0x00000000080026c4                HAL_RCC_ClockConfig
 .text.HAL_RCC_GetSysClockFreq
                0x0000000008002898       0xac ./Drivers/STM32F1xx_HAL_Driver/Src/stm32f1xx_hal_rcc.o
                0x0000000008002898                HAL_RCC_GetSysClockFreq
 .text.HAL_RCC_GetHCLKFreq
                0x0000000008002944       0x14 ./Drivers/STM32F1xx_HAL_Driver/Src/stm32f1xx_hal_rcc.o
                0x0000000008002944                HAL_RCC_GetHCLKFreq
 .text.HAL_RCC_GetPCLK1Freq
                0x0000000008002958       0x28 ./Drivers/STM32F1xx_HAL_Driver/Src/stm32f1xx_hal_rcc.o
                0x0000000008002958                HAL_RCC_GetPCLK1Freq
 .text.HAL_RCC_GetPCLK2Freq
                0x0000000008002980       0x28 ./Drivers/STM32F1xx_HAL_Driver/Src/stm32f1xx_hal_rcc.o
                0x0000000008002980                HAL_RCC_GetPCLK2Freq
 .text.RCC_Delay
                0x00000000080029a8       0x3c ./Drivers/STM32F1xx_HAL_Driver/Src/stm32f1xx_hal_rcc.o
 .text.HAL_SPI_Init
                0x00000000080029e4      0x108 ./Drivers/STM32F1xx_HAL_Driver/Src/stm32f1xx_hal_spi.o
                0x00000000080029e4                HAL_SPI_Init
 .text.HAL_SPI_Transmit
                0x0000000008002aec      0x286 ./Drivers/STM32F1xx_HAL_Driver/Src/stm32f1xx_hal_spi.o
                0x0000000008002aec                HAL_SPI_Transmit
 .text.HAL_SPI_TransmitReceive
                0x0000000008002d72      0x360 ./Drivers/STM32F1xx_HAL_Driver/Src/stm32f1xx_hal_spi.o
                0x0000000008002d72                HAL_SPI_TransmitReceive
 *fill*         0x00000000080030d2        0x2 
 .text.SPI_WaitFlagStateUntilTimeout
                0x00000000080030d4      0x110 ./Drivers/STM32F1xx_HAL_Driver/Src/stm32f1xx_hal_spi.o
 .text.SPI_EndRxTxTransaction
                0x00000000080031e4       0x3c ./Drivers/STM32F1xx_HAL_Driver/Src/stm32f1xx_hal_spi.o
 .text.HAL_UART_Init
                0x0000000008003220       0xa0 ./Drivers/STM32F1xx_HAL_Driver/Src/stm32f1xx_hal_uart.o
                0x0000000008003220                HAL_UART_Init
 .text.HAL_UART_Transmit
                0x00000000080032c0      0x106 ./Drivers/STM32F1xx_HAL_Driver/Src/stm32f1xx_hal_uart.o
                0x00000000080032c0                HAL_UART_Transmit
 .text.HAL_UART_Receive
                0x00000000080033c6      0x124 ./Drivers/STM32F1xx_HAL_Driver/Src/stm32f1xx_hal_uart.o
                0x00000000080033c6                HAL_UART_Receive
 .text.UART_WaitOnFlagUntilTimeout
                0x00000000080034ea       0xdc ./Drivers/STM32F1xx_HAL_Driver/Src/stm32f1xx_hal_uart.o
 *fill*         0x00000000080035c6        0x2 
 .text.UART_SetConfig
                0x00000000080035c8      0x11c ./Drivers/STM32F1xx_HAL_Driver/Src/stm32f1xx_hal_uart.o
 .text.malloc   0x00000000080036e4       0x10 C:/ST/STM32CubeIDE_1.14.0/STM32CubeIDE/plugins/com.st.stm32cube.ide.mcu.externaltools.gnu-tools-for-stm32.11.3.rel1.win32_1.1.100.202309141235/tools/bin/../lib/gcc/arm-none-eabi/11.3.1/../../../../arm-none-eabi/lib/thumb/v7-m/nofp\libc_nano.a(libc_a-malloc.o)
                0x00000000080036e4                malloc
 .text.free     0x00000000080036f4       0x10 C:/ST/STM32CubeIDE_1.14.0/STM32CubeIDE/plugins/com.st.stm32cube.ide.mcu.externaltools.gnu-tools-for-stm32.11.3.rel1.win32_1.1.100.202309141235/tools/bin/../lib/gcc/arm-none-eabi/11.3.1/../../../../arm-none-eabi/lib/thumb/v7-m/nofp\libc_nano.a(libc_a-malloc.o)
                0x00000000080036f4                free
 .text.sbrk_aligned
                0x0000000008003704       0x40 C:/ST/STM32CubeIDE_1.14.0/STM32CubeIDE/plugins/com.st.stm32cube.ide.mcu.externaltools.gnu-tools-for-stm32.11.3.rel1.win32_1.1.100.202309141235/tools/bin/../lib/gcc/arm-none-eabi/11.3.1/../../../../arm-none-eabi/lib/thumb/v7-m/nofp\libc_nano.a(libc_a-mallocr.o)
 .text._malloc_r
                0x0000000008003744      0x100 C:/ST/STM32CubeIDE_1.14.0/STM32CubeIDE/plugins/com.st.stm32cube.ide.mcu.externaltools.gnu-tools-for-stm32.11.3.rel1.win32_1.1.100.202309141235/tools/bin/../lib/gcc/arm-none-eabi/11.3.1/../../../../arm-none-eabi/lib/thumb/v7-m/nofp\libc_nano.a(libc_a-mallocr.o)
                0x0000000008003744                _malloc_r
 .text.__malloc_lock
                0x0000000008003844        0xc C:/ST/STM32CubeIDE_1.14.0/STM32CubeIDE/plugins/com.st.stm32cube.ide.mcu.externaltools.gnu-tools-for-stm32.11.3.rel1.win32_1.1.100.202309141235/tools/bin/../lib/gcc/arm-none-eabi/11.3.1/../../../../arm-none-eabi/lib/thumb/v7-m/nofp\libc_nano.a(libc_a-mlock.o)
                0x0000000008003844                __malloc_lock
 .text.__malloc_unlock
                0x0000000008003850        0xc C:/ST/STM32CubeIDE_1.14.0/STM32CubeIDE/plugins/com.st.stm32cube.ide.mcu.externaltools.gnu-tools-for-stm32.11.3.rel1.win32_1.1.100.202309141235/tools/bin/../lib/gcc/arm-none-eabi/11.3.1/../../../../arm-none-eabi/lib/thumb/v7-m/nofp\libc_nano.a(libc_a-mlock.o)
                0x0000000008003850                __malloc_unlock
 .text.memset   0x000000000800385c       0x10 C:/ST/STM32CubeIDE_1.14.0/STM32CubeIDE/plugins/com.st.stm32cube.ide.mcu.externaltools.gnu-tools-for-stm32.11.3.rel1.win32_1.1.100.202309141235/tools/bin/../lib/gcc/arm-none-eabi/11.3.1/../../../../arm-none-eabi/lib/thumb/v7-m/nofp\libc_nano.a(libc_a-memset.o)
                0x000000000800385c                memset
 .text._sbrk_r  0x000000000800386c       0x20 C:/ST/STM32CubeIDE_1.14.0/STM32CubeIDE/plugins/com.st.stm32cube.ide.mcu.externaltools.gnu-tools-for-stm32.11.3.rel1.win32_1.1.100.202309141235/tools/bin/../lib/gcc/arm-none-eabi/11.3.1/../../../../arm-none-eabi/lib/thumb/v7-m/nofp\libc_nano.a(libc_a-sbrkr.o)
                0x000000000800386c                _sbrk_r
 .text.__errno  0x000000000800388c        0xc C:/ST/STM32CubeIDE_1.14.0/STM32CubeIDE/plugins/com.st.stm32cube.ide.mcu.externaltools.gnu-tools-for-stm32.11.3.rel1.win32_1.1.100.202309141235/tools/bin/../lib/gcc/arm-none-eabi/11.3.1/../../../../arm-none-eabi/lib/thumb/v7-m/nofp\libc_nano.a(libc_a-errno.o)
                0x000000000800388c                __errno
 .text.__libc_init_array
                0x0000000008003898       0x48 C:/ST/STM32CubeIDE_1.14.0/STM32CubeIDE/plugins/com.st.stm32cube.ide.mcu.externaltools.gnu-tools-for-stm32.11.3.rel1.win32_1.1.100.202309141235/tools/bin/../lib/gcc/arm-none-eabi/11.3.1/../../../../arm-none-eabi/lib/thumb/v7-m/nofp\libc_nano.a(libc_a-init.o)
                0x0000000008003898                __libc_init_array
 .text.__retarget_lock_acquire_recursive
                0x00000000080038e0        0x2 C:/ST/STM32CubeIDE_1.14.0/STM32CubeIDE/plugins/com.st.stm32cube.ide.mcu.externaltools.gnu-tools-for-stm32.11.3.rel1.win32_1.1.100.202309141235/tools/bin/../lib/gcc/arm-none-eabi/11.3.1/../../../../arm-none-eabi/lib/thumb/v7-m/nofp\libc_nano.a(libc_a-lock.o)
                0x00000000080038e0                __retarget_lock_acquire_recursive
 .text.__retarget_lock_release_recursive
                0x00000000080038e2        0x2 C:/ST/STM32CubeIDE_1.14.0/STM32CubeIDE/plugins/com.st.stm32cube.ide.mcu.externaltools.gnu-tools-for-stm32.11.3.rel1.win32_1.1.100.202309141235/tools/bin/../lib/gcc/arm-none-eabi/11.3.1/../../../../arm-none-eabi/lib/thumb/v7-m/nofp\libc_nano.a(libc_a-lock.o)
                0x00000000080038e2                __retarget_lock_release_recursive
 .text.memcpy   0x00000000080038e4       0x1c C:/ST/STM32CubeIDE_1.14.0/STM32CubeIDE/plugins/com.st.stm32cube.ide.mcu.externaltools.gnu-tools-for-stm32.11.3.rel1.win32_1.1.100.202309141235/tools/bin/../lib/gcc/arm-none-eabi/11.3.1/../../../../arm-none-eabi/lib/thumb/v7-m/nofp\libc_nano.a(libc_a-memcpy-stub.o)
                0x00000000080038e4                memcpy
 .text._free_r  0x0000000008003900       0x90 C:/ST/STM32CubeIDE_1.14.0/STM32CubeIDE/plugins/com.st.stm32cube.ide.mcu.externaltools.gnu-tools-for-stm32.11.3.rel1.win32_1.1.100.202309141235/tools/bin/../lib/gcc/arm-none-eabi/11.3.1/../../../../arm-none-eabi/lib/thumb/v7-m/nofp\libc_nano.a(libc_a-freer.o)
                0x0000000008003900                _free_r
 *(.glue_7)
 .glue_7        0x0000000008003990        0x0 linker stubs
 *(.glue_7t)
 .glue_7t       0x0000000008003990        0x0 linker stubs
 *(.eh_frame)
 .eh_frame      0x0000000008003990        0x0 C:/ST/STM32CubeIDE_1.14.0/STM32CubeIDE/plugins/com.st.stm32cube.ide.mcu.externaltools.gnu-tools-for-stm32.11.3.rel1.win32_1.1.100.202309141235/tools/bin/../lib/gcc/arm-none-eabi/11.3.1/thumb/v7-m/nofp/crtbegin.o
 *(.init)
 .init          0x0000000008003990        0x4 C:/ST/STM32CubeIDE_1.14.0/STM32CubeIDE/plugins/com.st.stm32cube.ide.mcu.externaltools.gnu-tools-for-stm32.11.3.rel1.win32_1.1.100.202309141235/tools/bin/../lib/gcc/arm-none-eabi/11.3.1/thumb/v7-m/nofp/crti.o
                0x0000000008003990                _init
 .init          0x0000000008003994        0x8 C:/ST/STM32CubeIDE_1.14.0/STM32CubeIDE/plugins/com.st.stm32cube.ide.mcu.externaltools.gnu-tools-for-stm32.11.3.rel1.win32_1.1.100.202309141235/tools/bin/../lib/gcc/arm-none-eabi/11.3.1/thumb/v7-m/nofp/crtn.o
 *(.fini)
 .fini          0x000000000800399c        0x4 C:/ST/STM32CubeIDE_1.14.0/STM32CubeIDE/plugins/com.st.stm32cube.ide.mcu.externaltools.gnu-tools-for-stm32.11.3.rel1.win32_1.1.100.202309141235/tools/bin/../lib/gcc/arm-none-eabi/11.3.1/thumb/v7-m/nofp/crti.o
                0x000000000800399c                _fini
 .fini          0x00000000080039a0        0x8 C:/ST/STM32CubeIDE_1.14.0/STM32CubeIDE/plugins/com.st.stm32cube.ide.mcu.externaltools.gnu-tools-for-stm32.11.3.rel1.win32_1.1.100.202309141235/tools/bin/../lib/gcc/arm-none-eabi/11.3.1/thumb/v7-m/nofp/crtn.o
                0x00000000080039a8                . = ALIGN (0x4)
                0x00000000080039a8                _etext = .

.vfp11_veneer   0x00000000080039a8        0x0
 .vfp11_veneer  0x00000000080039a8        0x0 linker stubs

.v4_bx          0x00000000080039a8        0x0
 .v4_bx         0x00000000080039a8        0x0 linker stubs

.iplt           0x00000000080039a8        0x0
 .iplt          0x00000000080039a8        0x0 C:/ST/STM32CubeIDE_1.14.0/STM32CubeIDE/plugins/com.st.stm32cube.ide.mcu.externaltools.gnu-tools-for-stm32.11.3.rel1.win32_1.1.100.202309141235/tools/bin/../lib/gcc/arm-none-eabi/11.3.1/thumb/v7-m/nofp/crtbegin.o

.rodata         0x00000000080039a8       0x2c
                0x00000000080039a8                . = ALIGN (0x4)
 *(.rodata)
 *(.rodata*)
 .rodata.AHBPrescTable
                0x00000000080039a8       0x10 ./Core/Src/system_stm32f1xx.o
                0x00000000080039a8                AHBPrescTable
 .rodata.APBPrescTable
                0x00000000080039b8        0x8 ./Core/Src/system_stm32f1xx.o
                0x00000000080039b8                APBPrescTable
 .rodata.aPLLMULFactorTable.1
                0x00000000080039c0       0x10 ./Drivers/STM32F1xx_HAL_Driver/Src/stm32f1xx_hal_rcc.o
 .rodata.aPredivFactorTable.0
                0x00000000080039d0        0x2 ./Drivers/STM32F1xx_HAL_Driver/Src/stm32f1xx_hal_rcc.o
                0x00000000080039d4                . = ALIGN (0x4)
 *fill*         0x00000000080039d2        0x2 

.rel.dyn        0x00000000080039d4        0x0
 .rel.iplt      0x00000000080039d4        0x0 C:/ST/STM32CubeIDE_1.14.0/STM32CubeIDE/plugins/com.st.stm32cube.ide.mcu.externaltools.gnu-tools-for-stm32.11.3.rel1.win32_1.1.100.202309141235/tools/bin/../lib/gcc/arm-none-eabi/11.3.1/thumb/v7-m/nofp/crtbegin.o

.ARM.extab      0x00000000080039d4        0x0
                0x00000000080039d4                . = ALIGN (0x4)
 *(.ARM.extab* .gnu.linkonce.armextab.*)
                0x00000000080039d4                . = ALIGN (0x4)

.ARM            0x00000000080039d4        0x0
                0x00000000080039d4                . = ALIGN (0x4)
                0x00000000080039d4                __exidx_start = .
 *(.ARM.exidx*)
                0x00000000080039d4                __exidx_end = .
                0x00000000080039d4                . = ALIGN (0x4)

.preinit_array  0x00000000080039d4        0x0
                0x00000000080039d4                . = ALIGN (0x4)
                0x00000000080039d4                PROVIDE (__preinit_array_start = .)
 *(.preinit_array*)
                0x00000000080039d4                PROVIDE (__preinit_array_end = .)
                0x00000000080039d4                . = ALIGN (0x4)

.init_array     0x00000000080039d4        0x4
                0x00000000080039d4                . = ALIGN (0x4)
                0x00000000080039d4                PROVIDE (__init_array_start = .)
 *(SORT_BY_NAME(.init_array.*))
 *(.init_array*)
 .init_array    0x00000000080039d4        0x4 C:/ST/STM32CubeIDE_1.14.0/STM32CubeIDE/plugins/com.st.stm32cube.ide.mcu.externaltools.gnu-tools-for-stm32.11.3.rel1.win32_1.1.100.202309141235/tools/bin/../lib/gcc/arm-none-eabi/11.3.1/thumb/v7-m/nofp/crtbegin.o
                0x00000000080039d8                PROVIDE (__init_array_end = .)
                0x00000000080039d8                . = ALIGN (0x4)

.fini_array     0x00000000080039d8        0x4
                0x00000000080039d8                . = ALIGN (0x4)
                [!provide]                        PROVIDE (__fini_array_start = .)
 *(SORT_BY_NAME(.fini_array.*))
 *(.fini_array*)
 .fini_array    0x00000000080039d8        0x4 C:/ST/STM32CubeIDE_1.14.0/STM32CubeIDE/plugins/com.st.stm32cube.ide.mcu.externaltools.gnu-tools-for-stm32.11.3.rel1.win32_1.1.100.202309141235/tools/bin/../lib/gcc/arm-none-eabi/11.3.1/thumb/v7-m/nofp/crtbegin.o
                [!provide]                        PROVIDE (__fini_array_end = .)
                0x00000000080039dc                . = ALIGN (0x4)
                0x00000000080039dc                _sidata = LOADADDR (.data)

.data           0x0000000020000000       0x5c load address 0x00000000080039dc
                0x0000000020000000                . = ALIGN (0x4)
                0x0000000020000000                _sdata = .
 *(.data)
 *(.data*)
 .data.SystemCoreClock
                0x0000000020000000        0x4 ./Core/Src/system_stm32f1xx.o
                0x0000000020000000                SystemCoreClock
 .data.uwTickPrio
                0x0000000020000004        0x4 ./Drivers/STM32F1xx_HAL_Driver/Src/stm32f1xx_hal.o
                0x0000000020000004                uwTickPrio
 .data.uwTickFreq
                0x0000000020000008        0x1 ./Drivers/STM32F1xx_HAL_Driver/Src/stm32f1xx_hal.o
                0x0000000020000008                uwTickFreq
 *fill*         0x0000000020000009        0x3 
 .data._impure_data
                0x000000002000000c       0x4c C:/ST/STM32CubeIDE_1.14.0/STM32CubeIDE/plugins/com.st.stm32cube.ide.mcu.externaltools.gnu-tools-for-stm32.11.3.rel1.win32_1.1.100.202309141235/tools/bin/../lib/gcc/arm-none-eabi/11.3.1/../../../../arm-none-eabi/lib/thumb/v7-m/nofp\libc_nano.a(libc_a-impure.o)
                0x000000002000000c                _impure_data
 .data._impure_ptr
                0x0000000020000058        0x4 C:/ST/STM32CubeIDE_1.14.0/STM32CubeIDE/plugins/com.st.stm32cube.ide.mcu.externaltools.gnu-tools-for-stm32.11.3.rel1.win32_1.1.100.202309141235/tools/bin/../lib/gcc/arm-none-eabi/11.3.1/../../../../arm-none-eabi/lib/thumb/v7-m/nofp\libc_nano.a(libc_a-impure.o)
                0x0000000020000058                _impure_ptr
 *(.RamFunc)
 *(.RamFunc*)
                0x000000002000005c                . = ALIGN (0x4)
                0x000000002000005c                _edata = .

.igot.plt       0x000000002000005c        0x0 load address 0x0000000008003a38
 .igot.plt      0x000000002000005c        0x0 C:/ST/STM32CubeIDE_1.14.0/STM32CubeIDE/plugins/com.st.stm32cube.ide.mcu.externaltools.gnu-tools-for-stm32.11.3.rel1.win32_1.1.100.202309141235/tools/bin/../lib/gcc/arm-none-eabi/11.3.1/thumb/v7-m/nofp/crtbegin.o
                0x000000002000005c                . = ALIGN (0x4)

.bss            0x000000002000005c      0x344 load address 0x0000000008003a38
                0x000000002000005c                _sbss = .
                0x000000002000005c                __bss_start__ = _sbss
 *(.bss)
 .bss           0x000000002000005c       0x1c C:/ST/STM32CubeIDE_1.14.0/STM32CubeIDE/plugins/com.st.stm32cube.ide.mcu.externaltools.gnu-tools-for-stm32.11.3.rel1.win32_1.1.100.202309141235/tools/bin/../lib/gcc/arm-none-eabi/11.3.1/thumb/v7-m/nofp/crtbegin.o
 *(.bss*)
 .bss.hi2c1     0x0000000020000078       0x54 ./Core/Src/i2c.o
                0x0000000020000078                hi2c1
 .bss.hspi1     0x00000000200000cc       0x58 ./Core/Src/spi.o
                0x00000000200000cc                hspi1
 .bss.hspi2     0x0000000020000124       0x58 ./Core/Src/spi.o
                0x0000000020000124                hspi2
 .bss.__sbrk_heap_end
                0x000000002000017c        0x4 ./Core/Src/sysmem.o
 .bss.huart4    0x0000000020000180       0x48 ./Core/Src/usart.o
                0x0000000020000180                huart4
 .bss.huart5    0x00000000200001c8       0x48 ./Core/Src/usart.o
                0x00000000200001c8                huart5
 .bss.hdma_uart4_tx
                0x0000000020000210       0x44 ./Core/Src/usart.o
                0x0000000020000210                hdma_uart4_tx
 .bss.uwTick    0x0000000020000254        0x4 ./Drivers/STM32F1xx_HAL_Driver/Src/stm32f1xx_hal.o
                0x0000000020000254                uwTick
 .bss.__malloc_free_list
                0x0000000020000258        0x4 C:/ST/STM32CubeIDE_1.14.0/STM32CubeIDE/plugins/com.st.stm32cube.ide.mcu.externaltools.gnu-tools-for-stm32.11.3.rel1.win32_1.1.100.202309141235/tools/bin/../lib/gcc/arm-none-eabi/11.3.1/../../../../arm-none-eabi/lib/thumb/v7-m/nofp\libc_nano.a(libc_a-mallocr.o)
                0x0000000020000258                __malloc_free_list
 .bss.__malloc_sbrk_start
                0x000000002000025c        0x4 C:/ST/STM32CubeIDE_1.14.0/STM32CubeIDE/plugins/com.st.stm32cube.ide.mcu.externaltools.gnu-tools-for-stm32.11.3.rel1.win32_1.1.100.202309141235/tools/bin/../lib/gcc/arm-none-eabi/11.3.1/../../../../arm-none-eabi/lib/thumb/v7-m/nofp\libc_nano.a(libc_a-mallocr.o)
                0x000000002000025c                __malloc_sbrk_start
 .bss.__sf      0x0000000020000260      0x138 C:/ST/STM32CubeIDE_1.14.0/STM32CubeIDE/plugins/com.st.stm32cube.ide.mcu.externaltools.gnu-tools-for-stm32.11.3.rel1.win32_1.1.100.202309141235/tools/bin/../lib/gcc/arm-none-eabi/11.3.1/../../../../arm-none-eabi/lib/thumb/v7-m/nofp\libc_nano.a(libc_a-findfp.o)
                0x0000000020000260                __sf
 .bss.errno     0x0000000020000398        0x4 C:/ST/STM32CubeIDE_1.14.0/STM32CubeIDE/plugins/com.st.stm32cube.ide.mcu.externaltools.gnu-tools-for-stm32.11.3.rel1.win32_1.1.100.202309141235/tools/bin/../lib/gcc/arm-none-eabi/11.3.1/../../../../arm-none-eabi/lib/thumb/v7-m/nofp\libc_nano.a(libc_a-reent.o)
                0x0000000020000398                errno
 .bss.__lock___malloc_recursive_mutex
                0x000000002000039c        0x1 C:/ST/STM32CubeIDE_1.14.0/STM32CubeIDE/plugins/com.st.stm32cube.ide.mcu.externaltools.gnu-tools-for-stm32.11.3.rel1.win32_1.1.100.202309141235/tools/bin/../lib/gcc/arm-none-eabi/11.3.1/../../../../arm-none-eabi/lib/thumb/v7-m/nofp\libc_nano.a(libc_a-lock.o)
                0x000000002000039c                __lock___malloc_recursive_mutex
 *(COMMON)
                0x00000000200003a0                . = ALIGN (0x4)
 *fill*         0x000000002000039d        0x3 
                0x00000000200003a0                _ebss = .
                0x00000000200003a0                __bss_end__ = _ebss

._user_heap_stack
                0x00000000200003a0      0x600 load address 0x0000000008003a38
                0x00000000200003a0                . = ALIGN (0x8)
                [!provide]                        PROVIDE (end = .)
                0x00000000200003a0                PROVIDE (_end = .)
                0x00000000200005a0                . = (. + _Min_Heap_Size)
 *fill*         0x00000000200003a0      0x200 
                0x00000000200009a0                . = (. + _Min_Stack_Size)
 *fill*         0x00000000200005a0      0x400 
                0x00000000200009a0                . = ALIGN (0x8)

/DISCARD/
 libc.a(*)
 libm.a(*)
 libgcc.a(*)

.ARM.attributes
                0x0000000000000000       0x29
 *(.ARM.attributes)
 .ARM.attributes
                0x0000000000000000       0x1d C:/ST/STM32CubeIDE_1.14.0/STM32CubeIDE/plugins/com.st.stm32cube.ide.mcu.externaltools.gnu-tools-for-stm32.11.3.rel1.win32_1.1.100.202309141235/tools/bin/../lib/gcc/arm-none-eabi/11.3.1/thumb/v7-m/nofp/crti.o
 .ARM.attributes
                0x000000000000001d       0x2d C:/ST/STM32CubeIDE_1.14.0/STM32CubeIDE/plugins/com.st.stm32cube.ide.mcu.externaltools.gnu-tools-for-stm32.11.3.rel1.win32_1.1.100.202309141235/tools/bin/../lib/gcc/arm-none-eabi/11.3.1/thumb/v7-m/nofp/crtbegin.o
 .ARM.attributes
                0x000000000000004a       0x2d ./Core/Src/dma.o
 .ARM.attributes
                0x0000000000000077       0x2d ./Core/Src/gpio.o
 .ARM.attributes
                0x00000000000000a4       0x2d ./Core/Src/i2c.o
 .ARM.attributes
                0x00000000000000d1       0x2d ./Core/Src/main.o
 .ARM.attributes
                0x00000000000000fe       0x2d ./Core/Src/sensors.o
 .ARM.attributes
                0x000000000000012b       0x2d ./Core/Src/spi.o
 .ARM.attributes
                0x0000000000000158       0x2d ./Core/Src/spi_handler.o
 .ARM.attributes
                0x0000000000000185       0x2d ./Core/Src/stm32f1xx_hal_msp.o
 .ARM.attributes
                0x00000000000001b2       0x2d ./Core/Src/stm32f1xx_it.o
 .ARM.attributes
                0x00000000000001df       0x2d ./Core/Src/sysmem.o
 .ARM.attributes
                0x000000000000020c       0x2d ./Core/Src/system_stm32f1xx.o
 .ARM.attributes
                0x0000000000000239       0x2d ./Core/Src/usart.o
 .ARM.attributes
                0x0000000000000266       0x21 ./Core/Startup/startup_stm32f103retx.o
 .ARM.attributes
                0x0000000000000287       0x2d ./Drivers/STM32F1xx_HAL_Driver/Src/stm32f1xx_hal.o
 .ARM.attributes
                0x00000000000002b4       0x2d ./Drivers/STM32F1xx_HAL_Driver/Src/stm32f1xx_hal_cortex.o
 .ARM.attributes
                0x00000000000002e1       0x2d ./Drivers/STM32F1xx_HAL_Driver/Src/stm32f1xx_hal_dma.o
 .ARM.attributes
                0x000000000000030e       0x2d ./Drivers/STM32F1xx_HAL_Driver/Src/stm32f1xx_hal_gpio.o
 .ARM.attributes
                0x000000000000033b       0x2d ./Drivers/STM32F1xx_HAL_Driver/Src/stm32f1xx_hal_i2c.o
 .ARM.attributes
                0x0000000000000368       0x2d ./Drivers/STM32F1xx_HAL_Driver/Src/stm32f1xx_hal_rcc.o
 .ARM.attributes
                0x0000000000000395       0x2d ./Drivers/STM32F1xx_HAL_Driver/Src/stm32f1xx_hal_spi.o
 .ARM.attributes
                0x00000000000003c2       0x2d ./Drivers/STM32F1xx_HAL_Driver/Src/stm32f1xx_hal_uart.o
 .ARM.attributes
                0x00000000000003ef       0x2d C:/ST/STM32CubeIDE_1.14.0/STM32CubeIDE/plugins/com.st.stm32cube.ide.mcu.externaltools.gnu-tools-for-stm32.11.3.rel1.win32_1.1.100.202309141235/tools/bin/../lib/gcc/arm-none-eabi/11.3.1/../../../../arm-none-eabi/lib/thumb/v7-m/nofp\libc_nano.a(libc_a-malloc.o)
 .ARM.attributes
                0x000000000000041c       0x2d C:/ST/STM32CubeIDE_1.14.0/STM32CubeIDE/plugins/com.st.stm32cube.ide.mcu.externaltools.gnu-tools-for-stm32.11.3.rel1.win32_1.1.100.202309141235/tools/bin/../lib/gcc/arm-none-eabi/11.3.1/../../../../arm-none-eabi/lib/thumb/v7-m/nofp\libc_nano.a(libc_a-mallocr.o)
 .ARM.attributes
                0x0000000000000449       0x2d C:/ST/STM32CubeIDE_1.14.0/STM32CubeIDE/plugins/com.st.stm32cube.ide.mcu.externaltools.gnu-tools-for-stm32.11.3.rel1.win32_1.1.100.202309141235/tools/bin/../lib/gcc/arm-none-eabi/11.3.1/../../../../arm-none-eabi/lib/thumb/v7-m/nofp\libc_nano.a(libc_a-mlock.o)
 .ARM.attributes
                0x0000000000000476       0x2d C:/ST/STM32CubeIDE_1.14.0/STM32CubeIDE/plugins/com.st.stm32cube.ide.mcu.externaltools.gnu-tools-for-stm32.11.3.rel1.win32_1.1.100.202309141235/tools/bin/../lib/gcc/arm-none-eabi/11.3.1/../../../../arm-none-eabi/lib/thumb/v7-m/nofp\libc_nano.a(libc_a-findfp.o)
 .ARM.attributes
                0x00000000000004a3       0x2d C:/ST/STM32CubeIDE_1.14.0/STM32CubeIDE/plugins/com.st.stm32cube.ide.mcu.externaltools.gnu-tools-for-stm32.11.3.rel1.win32_1.1.100.202309141235/tools/bin/../lib/gcc/arm-none-eabi/11.3.1/../../../../arm-none-eabi/lib/thumb/v7-m/nofp\libc_nano.a(libc_a-memset.o)
 .ARM.attributes
                0x00000000000004d0       0x2d C:/ST/STM32CubeIDE_1.14.0/STM32CubeIDE/plugins/com.st.stm32cube.ide.mcu.externaltools.gnu-tools-for-stm32.11.3.rel1.win32_1.1.100.202309141235/tools/bin/../lib/gcc/arm-none-eabi/11.3.1/../../../../arm-none-eabi/lib/thumb/v7-m/nofp\libc_nano.a(libc_a-reent.o)
 .ARM.attributes
                0x00000000000004fd       0x2d C:/ST/STM32CubeIDE_1.14.0/STM32CubeIDE/plugins/com.st.stm32cube.ide.mcu.externaltools.gnu-tools-for-stm32.11.3.rel1.win32_1.1.100.202309141235/tools/bin/../lib/gcc/arm-none-eabi/11.3.1/../../../../arm-none-eabi/lib/thumb/v7-m/nofp\libc_nano.a(libc_a-impure.o)
 .ARM.attributes
                0x000000000000052a       0x2d C:/ST/STM32CubeIDE_1.14.0/STM32CubeIDE/plugins/com.st.stm32cube.ide.mcu.externaltools.gnu-tools-for-stm32.11.3.rel1.win32_1.1.100.202309141235/tools/bin/../lib/gcc/arm-none-eabi/11.3.1/../../../../arm-none-eabi/lib/thumb/v7-m/nofp\libc_nano.a(libc_a-sbrkr.o)
 .ARM.attributes
                0x0000000000000557       0x2d C:/ST/STM32CubeIDE_1.14.0/STM32CubeIDE/plugins/com.st.stm32cube.ide.mcu.externaltools.gnu-tools-for-stm32.11.3.rel1.win32_1.1.100.202309141235/tools/bin/../lib/gcc/arm-none-eabi/11.3.1/../../../../arm-none-eabi/lib/thumb/v7-m/nofp\libc_nano.a(libc_a-errno.o)
 .ARM.attributes
                0x0000000000000584       0x2d C:/ST/STM32CubeIDE_1.14.0/STM32CubeIDE/plugins/com.st.stm32cube.ide.mcu.externaltools.gnu-tools-for-stm32.11.3.rel1.win32_1.1.100.202309141235/tools/bin/../lib/gcc/arm-none-eabi/11.3.1/../../../../arm-none-eabi/lib/thumb/v7-m/nofp\libc_nano.a(libc_a-init.o)
 .ARM.attributes
                0x00000000000005b1       0x2d C:/ST/STM32CubeIDE_1.14.0/STM32CubeIDE/plugins/com.st.stm32cube.ide.mcu.externaltools.gnu-tools-for-stm32.11.3.rel1.win32_1.1.100.202309141235/tools/bin/../lib/gcc/arm-none-eabi/11.3.1/../../../../arm-none-eabi/lib/thumb/v7-m/nofp\libc_nano.a(libc_a-lock.o)
 .ARM.attributes
                0x00000000000005de       0x2d C:/ST/STM32CubeIDE_1.14.0/STM32CubeIDE/plugins/com.st.stm32cube.ide.mcu.externaltools.gnu-tools-for-stm32.11.3.rel1.win32_1.1.100.202309141235/tools/bin/../lib/gcc/arm-none-eabi/11.3.1/../../../../arm-none-eabi/lib/thumb/v7-m/nofp\libc_nano.a(libc_a-memcpy-stub.o)
 .ARM.attributes
                0x000000000000060b       0x2d C:/ST/STM32CubeIDE_1.14.0/STM32CubeIDE/plugins/com.st.stm32cube.ide.mcu.externaltools.gnu-tools-for-stm32.11.3.rel1.win32_1.1.100.202309141235/tools/bin/../lib/gcc/arm-none-eabi/11.3.1/../../../../arm-none-eabi/lib/thumb/v7-m/nofp\libc_nano.a(libc_a-freer.o)
 .ARM.attributes
                0x0000000000000638       0x1d C:/ST/STM32CubeIDE_1.14.0/STM32CubeIDE/plugins/com.st.stm32cube.ide.mcu.externaltools.gnu-tools-for-stm32.11.3.rel1.win32_1.1.100.202309141235/tools/bin/../lib/gcc/arm-none-eabi/11.3.1/thumb/v7-m/nofp/crtn.o
OUTPUT(FW.elf elf32-littlearm)
LOAD linker stubs
LOAD C:/ST/STM32CubeIDE_1.14.0/STM32CubeIDE/plugins/com.st.stm32cube.ide.mcu.externaltools.gnu-tools-for-stm32.11.3.rel1.win32_1.1.100.202309141235/tools/bin/../lib/gcc/arm-none-eabi/11.3.1/../../../../arm-none-eabi/lib/thumb/v7-m/nofp\libc.a
LOAD C:/ST/STM32CubeIDE_1.14.0/STM32CubeIDE/plugins/com.st.stm32cube.ide.mcu.externaltools.gnu-tools-for-stm32.11.3.rel1.win32_1.1.100.202309141235/tools/bin/../lib/gcc/arm-none-eabi/11.3.1/../../../../arm-none-eabi/lib/thumb/v7-m/nofp\libm.a
LOAD C:/ST/STM32CubeIDE_1.14.0/STM32CubeIDE/plugins/com.st.stm32cube.ide.mcu.externaltools.gnu-tools-for-stm32.11.3.rel1.win32_1.1.100.202309141235/tools/bin/../lib/gcc/arm-none-eabi/11.3.1/thumb/v7-m/nofp\libgcc.a

.comment        0x0000000000000000       0x43
 .comment       0x0000000000000000       0x43 C:/ST/STM32CubeIDE_1.14.0/STM32CubeIDE/plugins/com.st.stm32cube.ide.mcu.externaltools.gnu-tools-for-stm32.11.3.rel1.win32_1.1.100.202309141235/tools/bin/../lib/gcc/arm-none-eabi/11.3.1/thumb/v7-m/nofp/crtbegin.o
                                         0x44 (size before relaxing)
 .comment       0x0000000000000043       0x44 ./Core/Src/dma.o
 .comment       0x0000000000000043       0x44 ./Core/Src/gpio.o
 .comment       0x0000000000000043       0x44 ./Core/Src/i2c.o
 .comment       0x0000000000000043       0x44 ./Core/Src/main.o
 .comment       0x0000000000000043       0x44 ./Core/Src/sensors.o
 .comment       0x0000000000000043       0x44 ./Core/Src/spi.o
 .comment       0x0000000000000043       0x44 ./Core/Src/spi_handler.o
 .comment       0x0000000000000043       0x44 ./Core/Src/stm32f1xx_hal_msp.o
 .comment       0x0000000000000043       0x44 ./Core/Src/stm32f1xx_it.o
 .comment       0x0000000000000043       0x44 ./Core/Src/sysmem.o
 .comment       0x0000000000000043       0x44 ./Core/Src/system_stm32f1xx.o
 .comment       0x0000000000000043       0x44 ./Core/Src/usart.o
 .comment       0x0000000000000043       0x44 ./Drivers/STM32F1xx_HAL_Driver/Src/stm32f1xx_hal.o
 .comment       0x0000000000000043       0x44 ./Drivers/STM32F1xx_HAL_Driver/Src/stm32f1xx_hal_cortex.o
 .comment       0x0000000000000043       0x44 ./Drivers/STM32F1xx_HAL_Driver/Src/stm32f1xx_hal_dma.o
 .comment       0x0000000000000043       0x44 ./Drivers/STM32F1xx_HAL_Driver/Src/stm32f1xx_hal_gpio.o
 .comment       0x0000000000000043       0x44 ./Drivers/STM32F1xx_HAL_Driver/Src/stm32f1xx_hal_i2c.o
 .comment       0x0000000000000043       0x44 ./Drivers/STM32F1xx_HAL_Driver/Src/stm32f1xx_hal_rcc.o
 .comment       0x0000000000000043       0x44 ./Drivers/STM32F1xx_HAL_Driver/Src/stm32f1xx_hal_spi.o
 .comment       0x0000000000000043       0x44 ./Drivers/STM32F1xx_HAL_Driver/Src/stm32f1xx_hal_uart.o

.debug_info     0x0000000000000000     0xd996
 .debug_info    0x0000000000000000      0x335 ./Core/Src/dma.o
 .debug_info    0x0000000000000335      0x2d3 ./Core/Src/gpio.o
 .debug_info    0x0000000000000608      0x7e3 ./Core/Src/i2c.o
 .debug_info    0x0000000000000deb      0xc68 ./Core/Src/main.o
 .debug_info    0x0000000000001a53      0xded ./Core/Src/sensors.o
 .debug_info    0x0000000000002840      0x816 ./Core/Src/spi.o
 .debug_info    0x0000000000003056      0x786 ./Core/Src/spi_handler.o
 .debug_info    0x00000000000037dc      0x1f1 ./Core/Src/stm32f1xx_hal_msp.o
 .debug_info    0x00000000000039cd      0x35e ./Core/Src/stm32f1xx_it.o
 .debug_info    0x0000000000003d2b      0x168 ./Core/Src/sysmem.o
 .debug_info    0x0000000000003e93      0x222 ./Core/Src/system_stm32f1xx.o
 .debug_info    0x00000000000040b5      0x849 ./Core/Src/usart.o
 .debug_info    0x00000000000048fe       0x23 ./Core/Startup/startup_stm32f103retx.o
 .debug_info    0x0000000000004921      0x76a ./Drivers/STM32F1xx_HAL_Driver/Src/stm32f1xx_hal.o
 .debug_info    0x000000000000508b      0xaed ./Drivers/STM32F1xx_HAL_Driver/Src/stm32f1xx_hal_cortex.o
 .debug_info    0x0000000000005b78      0x6d2 ./Drivers/STM32F1xx_HAL_Driver/Src/stm32f1xx_hal_dma.o
 .debug_info    0x000000000000624a      0x5ab ./Drivers/STM32F1xx_HAL_Driver/Src/stm32f1xx_hal_gpio.o
 .debug_info    0x00000000000067f5     0x2515 ./Drivers/STM32F1xx_HAL_Driver/Src/stm32f1xx_hal_i2c.o
 .debug_info    0x0000000000008d0a      0x7d5 ./Drivers/STM32F1xx_HAL_Driver/Src/stm32f1xx_hal_rcc.o
 .debug_info    0x00000000000094df     0x150f ./Drivers/STM32F1xx_HAL_Driver/Src/stm32f1xx_hal_spi.o
 .debug_info    0x000000000000a9ee     0x2fa8 ./Drivers/STM32F1xx_HAL_Driver/Src/stm32f1xx_hal_uart.o

.debug_abbrev   0x0000000000000000     0x2746
 .debug_abbrev  0x0000000000000000       0xfc ./Core/Src/dma.o
 .debug_abbrev  0x00000000000000fc      0x13f ./Core/Src/gpio.o
 .debug_abbrev  0x000000000000023b      0x1de ./Core/Src/i2c.o
 .debug_abbrev  0x0000000000000419      0x287 ./Core/Src/main.o
 .debug_abbrev  0x00000000000006a0      0x2ee ./Core/Src/sensors.o
 .debug_abbrev  0x000000000000098e      0x1e6 ./Core/Src/spi.o
 .debug_abbrev  0x0000000000000b74      0x1dc ./Core/Src/spi_handler.o
 .debug_abbrev  0x0000000000000d50       0xdb ./Core/Src/stm32f1xx_hal_msp.o
 .debug_abbrev  0x0000000000000e2b      0x16e ./Core/Src/stm32f1xx_it.o
 .debug_abbrev  0x0000000000000f99       0xbc ./Core/Src/sysmem.o
 .debug_abbrev  0x0000000000001055      0x13f ./Core/Src/system_stm32f1xx.o
 .debug_abbrev  0x0000000000001194      0x200 ./Core/Src/usart.o
 .debug_abbrev  0x0000000000001394       0x12 ./Core/Startup/startup_stm32f103retx.o
 .debug_abbrev  0x00000000000013a6      0x201 ./Drivers/STM32F1xx_HAL_Driver/Src/stm32f1xx_hal.o
 .debug_abbrev  0x00000000000015a7      0x2f8 ./Drivers/STM32F1xx_HAL_Driver/Src/stm32f1xx_hal_cortex.o
 .debug_abbrev  0x000000000000189f      0x20b ./Drivers/STM32F1xx_HAL_Driver/Src/stm32f1xx_hal_dma.o
 .debug_abbrev  0x0000000000001aaa      0x1ca ./Drivers/STM32F1xx_HAL_Driver/Src/stm32f1xx_hal_gpio.o
 .debug_abbrev  0x0000000000001c74      0x2a3 ./Drivers/STM32F1xx_HAL_Driver/Src/stm32f1xx_hal_i2c.o
 .debug_abbrev  0x0000000000001f17      0x2b3 ./Drivers/STM32F1xx_HAL_Driver/Src/stm32f1xx_hal_rcc.o
 .debug_abbrev  0x00000000000021ca      0x284 ./Drivers/STM32F1xx_HAL_Driver/Src/stm32f1xx_hal_spi.o
 .debug_abbrev  0x000000000000244e      0x2f8 ./Drivers/STM32F1xx_HAL_Driver/Src/stm32f1xx_hal_uart.o

.debug_aranges  0x0000000000000000      0xcb0
 .debug_aranges
                0x0000000000000000       0x20 ./Core/Src/dma.o
 .debug_aranges
                0x0000000000000020       0x20 ./Core/Src/gpio.o
 .debug_aranges
                0x0000000000000040       0x30 ./Core/Src/i2c.o
 .debug_aranges
                0x0000000000000070       0x30 ./Core/Src/main.o
 .debug_aranges
                0x00000000000000a0       0xb0 ./Core/Src/sensors.o
 .debug_aranges
                0x0000000000000150       0x38 ./Core/Src/spi.o
 .debug_aranges
                0x0000000000000188       0x30 ./Core/Src/spi_handler.o
 .debug_aranges
                0x00000000000001b8       0x20 ./Core/Src/stm32f1xx_hal_msp.o
 .debug_aranges
                0x00000000000001d8       0x68 ./Core/Src/stm32f1xx_it.o
 .debug_aranges
                0x0000000000000240       0x20 ./Core/Src/sysmem.o
 .debug_aranges
                0x0000000000000260       0x28 ./Core/Src/system_stm32f1xx.o
 .debug_aranges
                0x0000000000000288       0x38 ./Core/Src/usart.o
 .debug_aranges
                0x00000000000002c0       0x28 ./Core/Startup/startup_stm32f103retx.o
 .debug_aranges
                0x00000000000002e8       0xe0 ./Drivers/STM32F1xx_HAL_Driver/Src/stm32f1xx_hal.o
 .debug_aranges
                0x00000000000003c8      0x100 ./Drivers/STM32F1xx_HAL_Driver/Src/stm32f1xx_hal_cortex.o
 .debug_aranges
                0x00000000000004c8       0x80 ./Drivers/STM32F1xx_HAL_Driver/Src/stm32f1xx_hal_dma.o
 .debug_aranges
                0x0000000000000548       0x58 ./Drivers/STM32F1xx_HAL_Driver/Src/stm32f1xx_hal_gpio.o
 .debug_aranges
                0x00000000000005a0      0x2a8 ./Drivers/STM32F1xx_HAL_Driver/Src/stm32f1xx_hal_i2c.o
 .debug_aranges
                0x0000000000000848       0x90 ./Drivers/STM32F1xx_HAL_Driver/Src/stm32f1xx_hal_rcc.o
 .debug_aranges
                0x00000000000008d8      0x1d0 ./Drivers/STM32F1xx_HAL_Driver/Src/stm32f1xx_hal_spi.o
 .debug_aranges
                0x0000000000000aa8      0x208 ./Drivers/STM32F1xx_HAL_Driver/Src/stm32f1xx_hal_uart.o

.debug_rnglists
                0x0000000000000000      0x9c9
 .debug_rnglists
                0x0000000000000000       0x13 ./Core/Src/dma.o
 .debug_rnglists
                0x0000000000000013       0x14 ./Core/Src/gpio.o
 .debug_rnglists
                0x0000000000000027       0x1f ./Core/Src/i2c.o
 .debug_rnglists
                0x0000000000000046       0x21 ./Core/Src/main.o
 .debug_rnglists
                0x0000000000000067       0x82 ./Core/Src/sensors.o
 .debug_rnglists
                0x00000000000000e9       0x26 ./Core/Src/spi.o
 .debug_rnglists
                0x000000000000010f       0x1f ./Core/Src/spi_handler.o
 .debug_rnglists
                0x000000000000012e       0x13 ./Core/Src/stm32f1xx_hal_msp.o
 .debug_rnglists
                0x0000000000000141       0x49 ./Core/Src/stm32f1xx_it.o
 .debug_rnglists
                0x000000000000018a       0x13 ./Core/Src/sysmem.o
 .debug_rnglists
                0x000000000000019d       0x1a ./Core/Src/system_stm32f1xx.o
 .debug_rnglists
                0x00000000000001b7       0x26 ./Core/Src/usart.o
 .debug_rnglists
                0x00000000000001dd       0x19 ./Core/Startup/startup_stm32f103retx.o
 .debug_rnglists
                0x00000000000001f6       0xa3 ./Drivers/STM32F1xx_HAL_Driver/Src/stm32f1xx_hal.o
 .debug_rnglists
                0x0000000000000299       0xbb ./Drivers/STM32F1xx_HAL_Driver/Src/stm32f1xx_hal_cortex.o
 .debug_rnglists
                0x0000000000000354       0x64 ./Drivers/STM32F1xx_HAL_Driver/Src/stm32f1xx_hal_dma.o
 .debug_rnglists
                0x00000000000003b8       0x3f ./Drivers/STM32F1xx_HAL_Driver/Src/stm32f1xx_hal_gpio.o
 .debug_rnglists
                0x00000000000003f7      0x23c ./Drivers/STM32F1xx_HAL_Driver/Src/stm32f1xx_hal_i2c.o
 .debug_rnglists
                0x0000000000000633       0x6c ./Drivers/STM32F1xx_HAL_Driver/Src/stm32f1xx_hal_rcc.o
 .debug_rnglists
                0x000000000000069f      0x16e ./Drivers/STM32F1xx_HAL_Driver/Src/stm32f1xx_hal_spi.o
 .debug_rnglists
                0x000000000000080d      0x1bc ./Drivers/STM32F1xx_HAL_Driver/Src/stm32f1xx_hal_uart.o

.debug_macro    0x0000000000000000    0x1a6e5
 .debug_macro   0x0000000000000000      0x1bb ./Core/Src/dma.o
 .debug_macro   0x00000000000001bb      0xa9c ./Core/Src/dma.o
 .debug_macro   0x0000000000000c57      0x227 ./Core/Src/dma.o
 .debug_macro   0x0000000000000e7e       0x2e ./Core/Src/dma.o
 .debug_macro   0x0000000000000eac       0x22 ./Core/Src/dma.o
 .debug_macro   0x0000000000000ece       0x22 ./Core/Src/dma.o
 .debug_macro   0x0000000000000ef0       0x8e ./Core/Src/dma.o
 .debug_macro   0x0000000000000f7e       0x51 ./Core/Src/dma.o
 .debug_macro   0x0000000000000fcf      0x103 ./Core/Src/dma.o
 .debug_macro   0x00000000000010d2       0x6a ./Core/Src/dma.o
 .debug_macro   0x000000000000113c      0x1df ./Core/Src/dma.o
 .debug_macro   0x000000000000131b       0x1c ./Core/Src/dma.o
 .debug_macro   0x0000000000001337       0x22 ./Core/Src/dma.o
 .debug_macro   0x0000000000001359       0xbd ./Core/Src/dma.o
 .debug_macro   0x0000000000001416      0xd23 ./Core/Src/dma.o
 .debug_macro   0x0000000000002139     0xfd8c ./Core/Src/dma.o
 .debug_macro   0x0000000000011ec5       0x6d ./Core/Src/dma.o
 .debug_macro   0x0000000000011f32     0x348d ./Core/Src/dma.o
 .debug_macro   0x00000000000153bf      0x174 ./Core/Src/dma.o
 .debug_macro   0x0000000000015533       0x5c ./Core/Src/dma.o
 .debug_macro   0x000000000001558f      0x5bc ./Core/Src/dma.o
 .debug_macro   0x0000000000015b4b      0x4d5 ./Core/Src/dma.o
 .debug_macro   0x0000000000016020      0x1cb ./Core/Src/dma.o
 .debug_macro   0x00000000000161eb      0x114 ./Core/Src/dma.o
 .debug_macro   0x00000000000162ff      0x1ea ./Core/Src/dma.o
 .debug_macro   0x00000000000164e9       0x27 ./Core/Src/dma.o
 .debug_macro   0x0000000000016510      0x144 ./Core/Src/dma.o
 .debug_macro   0x0000000000016654      0x1bc ./Core/Src/dma.o
 .debug_macro   0x0000000000016810       0x30 ./Core/Src/dma.o
 .debug_macro   0x0000000000016840       0x3c ./Core/Src/dma.o
 .debug_macro   0x000000000001687c       0x57 ./Core/Src/dma.o
 .debug_macro   0x00000000000168d3       0x87 ./Core/Src/dma.o
 .debug_macro   0x000000000001695a      0x24f ./Core/Src/dma.o
 .debug_macro   0x0000000000016ba9      0x287 ./Core/Src/dma.o
 .debug_macro   0x0000000000016e30      0x140 ./Core/Src/dma.o
 .debug_macro   0x0000000000016f70      0x217 ./Core/Src/dma.o
 .debug_macro   0x0000000000017187      0x28e ./Core/Src/dma.o
 .debug_macro   0x0000000000017415       0xb5 ./Core/Src/dma.o
 .debug_macro   0x00000000000174ca       0xac ./Core/Src/dma.o
 .debug_macro   0x0000000000017576      0x1bb ./Core/Src/gpio.o
 .debug_macro   0x0000000000017731      0x1bb ./Core/Src/i2c.o
 .debug_macro   0x00000000000178ec      0x35e ./Core/Src/main.o
 .debug_macro   0x0000000000017c4a       0x61 ./Core/Src/main.o
 .debug_macro   0x0000000000017cab       0x24 ./Core/Src/main.o
 .debug_macro   0x0000000000017ccf       0x43 ./Core/Src/main.o
 .debug_macro   0x0000000000017d12       0x34 ./Core/Src/main.o
 .debug_macro   0x0000000000017d46       0x16 ./Core/Src/main.o
 .debug_macro   0x0000000000017d5c       0x35 ./Core/Src/main.o
 .debug_macro   0x0000000000017d91      0x369 ./Core/Src/main.o
 .debug_macro   0x00000000000180fa       0x10 ./Core/Src/main.o
 .debug_macro   0x000000000001810a       0x16 ./Core/Src/main.o
 .debug_macro   0x0000000000018120       0x43 ./Core/Src/main.o
 .debug_macro   0x0000000000018163       0x34 ./Core/Src/main.o
 .debug_macro   0x0000000000018197       0x10 ./Core/Src/main.o
 .debug_macro   0x00000000000181a7       0x58 ./Core/Src/main.o
 .debug_macro   0x00000000000181ff       0x8e ./Core/Src/main.o
 .debug_macro   0x000000000001828d       0x1c ./Core/Src/main.o
 .debug_macro   0x00000000000182a9      0x177 ./Core/Src/main.o
 .debug_macro   0x0000000000018420       0x16 ./Core/Src/main.o
 .debug_macro   0x0000000000018436       0x16 ./Core/Src/main.o
 .debug_macro   0x000000000001844c      0x147 ./Core/Src/main.o
 .debug_macro   0x0000000000018593       0x16 ./Core/Src/main.o
 .debug_macro   0x00000000000185a9       0x20 ./Core/Src/main.o
 .debug_macro   0x00000000000185c9       0x16 ./Core/Src/main.o
 .debug_macro   0x00000000000185df       0x16 ./Core/Src/main.o
 .debug_macro   0x00000000000185f5       0x29 ./Core/Src/main.o
 .debug_macro   0x000000000001861e       0x22 ./Core/Src/main.o
 .debug_macro   0x0000000000018640      0x31a ./Core/Src/sensors.o
 .debug_macro   0x000000000001895a       0x10 ./Core/Src/sensors.o
 .debug_macro   0x000000000001896a       0x1c ./Core/Src/sensors.o
 .debug_macro   0x0000000000018986       0x1c ./Core/Src/sensors.o
 .debug_macro   0x00000000000189a2       0x56 ./Core/Src/sensors.o
 .debug_macro   0x00000000000189f8      0x1bb ./Core/Src/spi.o
 .debug_macro   0x0000000000018bb3      0x326 ./Core/Src/spi_handler.o
 .debug_macro   0x0000000000018ed9      0x1b1 ./Core/Src/stm32f1xx_hal_msp.o
 .debug_macro   0x000000000001908a      0x1bb ./Core/Src/stm32f1xx_it.o
 .debug_macro   0x0000000000019245       0xff ./Core/Src/sysmem.o
 .debug_macro   0x0000000000019344      0x23c ./Core/Src/sysmem.o
 .debug_macro   0x0000000000019580      0x1a2 ./Core/Src/system_stm32f1xx.o
 .debug_macro   0x0000000000019722      0x1bb ./Core/Src/usart.o
 .debug_macro   0x00000000000198dd      0x1c6 ./Drivers/STM32F1xx_HAL_Driver/Src/stm32f1xx_hal.o
 .debug_macro   0x0000000000019aa3      0x1a2 ./Drivers/STM32F1xx_HAL_Driver/Src/stm32f1xx_hal_cortex.o
 .debug_macro   0x0000000000019c45      0x1a2 ./Drivers/STM32F1xx_HAL_Driver/Src/stm32f1xx_hal_dma.o
 .debug_macro   0x0000000000019de7      0x20d ./Drivers/STM32F1xx_HAL_Driver/Src/stm32f1xx_hal_gpio.o
 .debug_macro   0x0000000000019ff4      0x1f0 ./Drivers/STM32F1xx_HAL_Driver/Src/stm32f1xx_hal_i2c.o
 .debug_macro   0x000000000001a1e4      0x1b4 ./Drivers/STM32F1xx_HAL_Driver/Src/stm32f1xx_hal_rcc.o
 .debug_macro   0x000000000001a398      0x1aa ./Drivers/STM32F1xx_HAL_Driver/Src/stm32f1xx_hal_spi.o
 .debug_macro   0x000000000001a542      0x1a3 ./Drivers/STM32F1xx_HAL_Driver/Src/stm32f1xx_hal_uart.o

.debug_line     0x0000000000000000    0x12260
 .debug_line    0x0000000000000000      0x6fd ./Core/Src/dma.o
 .debug_line    0x00000000000006fd      0x738 ./Core/Src/gpio.o
 .debug_line    0x0000000000000e35      0x767 ./Core/Src/i2c.o
 .debug_line    0x000000000000159c      0xa82 ./Core/Src/main.o
 .debug_line    0x000000000000201e      0xc45 ./Core/Src/sensors.o
 .debug_line    0x0000000000002c63      0x7f5 ./Core/Src/spi.o
 .debug_line    0x0000000000003458      0x935 ./Core/Src/spi_handler.o
 .debug_line    0x0000000000003d8d      0x703 ./Core/Src/stm32f1xx_hal_msp.o
 .debug_line    0x0000000000004490      0x7dc ./Core/Src/stm32f1xx_it.o
 .debug_line    0x0000000000004c6c      0x583 ./Core/Src/sysmem.o
 .debug_line    0x00000000000051ef      0x780 ./Core/Src/system_stm32f1xx.o
 .debug_line    0x000000000000596f      0x806 ./Core/Src/usart.o
 .debug_line    0x0000000000006175       0x79 ./Core/Startup/startup_stm32f103retx.o
 .debug_line    0x00000000000061ee      0x9ad ./Drivers/STM32F1xx_HAL_Driver/Src/stm32f1xx_hal.o
 .debug_line    0x0000000000006b9b      0xb95 ./Drivers/STM32F1xx_HAL_Driver/Src/stm32f1xx_hal_cortex.o
 .debug_line    0x0000000000007730     0x12d8 ./Drivers/STM32F1xx_HAL_Driver/Src/stm32f1xx_hal_dma.o
 .debug_line    0x0000000000008a08      0xa6e ./Drivers/STM32F1xx_HAL_Driver/Src/stm32f1xx_hal_gpio.o
 .debug_line    0x0000000000009476     0x3b24 ./Drivers/STM32F1xx_HAL_Driver/Src/stm32f1xx_hal_i2c.o
 .debug_line    0x000000000000cf9a      0xdb6 ./Drivers/STM32F1xx_HAL_Driver/Src/stm32f1xx_hal_rcc.o
 .debug_line    0x000000000000dd50     0x1c35 ./Drivers/STM32F1xx_HAL_Driver/Src/stm32f1xx_hal_spi.o
 .debug_line    0x000000000000f985     0x28db ./Drivers/STM32F1xx_HAL_Driver/Src/stm32f1xx_hal_uart.o

.debug_str      0x0000000000000000    0x94e77
 .debug_str     0x0000000000000000    0x8dab4 ./Core/Src/dma.o
                                      0x8df65 (size before relaxing)
 .debug_str     0x000000000008dab4       0xbe ./Core/Src/gpio.o
                                      0x8dc23 (size before relaxing)
 .debug_str     0x000000000008db72      0x49a ./Core/Src/i2c.o
                                      0x8e0dd (size before relaxing)
 .debug_str     0x000000000008e00c     0x3f0c ./Core/Src/main.o
                                      0x91d36 (size before relaxing)
 .debug_str     0x0000000000091f18      0x3f3 ./Core/Src/sensors.o
                                      0x91cfc (size before relaxing)
 .debug_str     0x000000000009230b       0x4b ./Core/Src/spi.o
                                      0x8e04d (size before relaxing)
 .debug_str     0x0000000000092356       0x59 ./Core/Src/spi_handler.o
                                      0x91a2c (size before relaxing)
 .debug_str     0x00000000000923af       0x5a ./Core/Src/stm32f1xx_hal_msp.o
                                      0x8dbab (size before relaxing)
 .debug_str     0x0000000000092409       0xea ./Core/Src/stm32f1xx_it.o
                                      0x8dde7 (size before relaxing)
 .debug_str     0x00000000000924f3      0x4dc ./Core/Src/sysmem.o
                                       0x6005 (size before relaxing)
 .debug_str     0x00000000000929cf       0x7e ./Core/Src/system_stm32f1xx.o
                                      0x8d92c (size before relaxing)
 .debug_str     0x0000000000092a4d       0x74 ./Core/Src/usart.o
                                      0x8e0a4 (size before relaxing)
 .debug_str     0x0000000000092ac1       0x34 ./Core/Startup/startup_stm32f103retx.o
                                         0x6f (size before relaxing)
 .debug_str     0x0000000000092af5      0x37a ./Drivers/STM32F1xx_HAL_Driver/Src/stm32f1xx_hal.o
                                      0x8e143 (size before relaxing)
 .debug_str     0x0000000000092e6f      0x29e ./Drivers/STM32F1xx_HAL_Driver/Src/stm32f1xx_hal_cortex.o
                                      0x8e08f (size before relaxing)
 .debug_str     0x000000000009310d      0x20b ./Drivers/STM32F1xx_HAL_Driver/Src/stm32f1xx_hal_dma.o
                                      0x8dcd5 (size before relaxing)
 .debug_str     0x0000000000093318      0x2ce ./Drivers/STM32F1xx_HAL_Driver/Src/stm32f1xx_hal_gpio.o
                                      0x8dcb2 (size before relaxing)
 .debug_str     0x00000000000935e6      0xba1 ./Drivers/STM32F1xx_HAL_Driver/Src/stm32f1xx_hal_i2c.o
                                      0x8e9f3 (size before relaxing)
 .debug_str     0x0000000000094187      0x209 ./Drivers/STM32F1xx_HAL_Driver/Src/stm32f1xx_hal_rcc.o
                                      0x8dd5b (size before relaxing)
 .debug_str     0x0000000000094390      0x4fd ./Drivers/STM32F1xx_HAL_Driver/Src/stm32f1xx_hal_spi.o
                                      0x8e25e (size before relaxing)
 .debug_str     0x000000000009488d      0x5ea ./Drivers/STM32F1xx_HAL_Driver/Src/stm32f1xx_hal_uart.o
                                      0x8e3cc (size before relaxing)

.debug_frame    0x0000000000000000     0x35f4
 .debug_frame   0x0000000000000000       0x34 ./Core/Src/dma.o
 .debug_frame   0x0000000000000034       0x34 ./Core/Src/gpio.o
 .debug_frame   0x0000000000000068       0x74 ./Core/Src/i2c.o
 .debug_frame   0x00000000000000dc       0x6c ./Core/Src/main.o
 .debug_frame   0x0000000000000148      0x2a0 ./Core/Src/sensors.o
 .debug_frame   0x00000000000003e8       0x90 ./Core/Src/spi.o
 .debug_frame   0x0000000000000478       0x7c ./Core/Src/spi_handler.o
 .debug_frame   0x00000000000004f4       0x38 ./Core/Src/stm32f1xx_hal_msp.o
 .debug_frame   0x000000000000052c      0x120 ./Core/Src/stm32f1xx_it.o
 .debug_frame   0x000000000000064c       0x34 ./Core/Src/sysmem.o
 .debug_frame   0x0000000000000680       0x58 ./Core/Src/system_stm32f1xx.o
 .debug_frame   0x00000000000006d8       0x90 ./Core/Src/usart.o
 .debug_frame   0x0000000000000768      0x334 ./Drivers/STM32F1xx_HAL_Driver/Src/stm32f1xx_hal.o
 .debug_frame   0x0000000000000a9c      0x428 ./Drivers/STM32F1xx_HAL_Driver/Src/stm32f1xx_hal_cortex.o
 .debug_frame   0x0000000000000ec4      0x20c ./Drivers/STM32F1xx_HAL_Driver/Src/stm32f1xx_hal_dma.o
 .debug_frame   0x00000000000010d0      0x14c ./Drivers/STM32F1xx_HAL_Driver/Src/stm32f1xx_hal_gpio.o
 .debug_frame   0x000000000000121c      0xc84 ./Drivers/STM32F1xx_HAL_Driver/Src/stm32f1xx_hal_i2c.o
 .debug_frame   0x0000000000001ea0      0x218 ./Drivers/STM32F1xx_HAL_Driver/Src/stm32f1xx_hal_rcc.o
 .debug_frame   0x00000000000020b8      0x824 ./Drivers/STM32F1xx_HAL_Driver/Src/stm32f1xx_hal_spi.o
 .debug_frame   0x00000000000028dc      0x944 ./Drivers/STM32F1xx_HAL_Driver/Src/stm32f1xx_hal_uart.o
 .debug_frame   0x0000000000003220       0x30 C:/ST/STM32CubeIDE_1.14.0/STM32CubeIDE/plugins/com.st.stm32cube.ide.mcu.externaltools.gnu-tools-for-stm32.11.3.rel1.win32_1.1.100.202309141235/tools/bin/../lib/gcc/arm-none-eabi/11.3.1/../../../../arm-none-eabi/lib/thumb/v7-m/nofp\libc_nano.a(libc_a-malloc.o)
 .debug_frame   0x0000000000003250       0x50 C:/ST/STM32CubeIDE_1.14.0/STM32CubeIDE/plugins/com.st.stm32cube.ide.mcu.externaltools.gnu-tools-for-stm32.11.3.rel1.win32_1.1.100.202309141235/tools/bin/../lib/gcc/arm-none-eabi/11.3.1/../../../../arm-none-eabi/lib/thumb/v7-m/nofp\libc_nano.a(libc_a-mallocr.o)
 .debug_frame   0x00000000000032a0       0x30 C:/ST/STM32CubeIDE_1.14.0/STM32CubeIDE/plugins/com.st.stm32cube.ide.mcu.externaltools.gnu-tools-for-stm32.11.3.rel1.win32_1.1.100.202309141235/tools/bin/../lib/gcc/arm-none-eabi/11.3.1/../../../../arm-none-eabi/lib/thumb/v7-m/nofp\libc_nano.a(libc_a-mlock.o)
 .debug_frame   0x00000000000032d0      0x144 C:/ST/STM32CubeIDE_1.14.0/STM32CubeIDE/plugins/com.st.stm32cube.ide.mcu.externaltools.gnu-tools-for-stm32.11.3.rel1.win32_1.1.100.202309141235/tools/bin/../lib/gcc/arm-none-eabi/11.3.1/../../../../arm-none-eabi/lib/thumb/v7-m/nofp\libc_nano.a(libc_a-findfp.o)
 .debug_frame   0x0000000000003414       0x20 C:/ST/STM32CubeIDE_1.14.0/STM32CubeIDE/plugins/com.st.stm32cube.ide.mcu.externaltools.gnu-tools-for-stm32.11.3.rel1.win32_1.1.100.202309141235/tools/bin/../lib/gcc/arm-none-eabi/11.3.1/../../../../arm-none-eabi/lib/thumb/v7-m/nofp\libc_nano.a(libc_a-memset.o)
 .debug_frame   0x0000000000003434       0x38 C:/ST/STM32CubeIDE_1.14.0/STM32CubeIDE/plugins/com.st.stm32cube.ide.mcu.externaltools.gnu-tools-for-stm32.11.3.rel1.win32_1.1.100.202309141235/tools/bin/../lib/gcc/arm-none-eabi/11.3.1/../../../../arm-none-eabi/lib/thumb/v7-m/nofp\libc_nano.a(libc_a-reent.o)
 .debug_frame   0x000000000000346c       0x2c C:/ST/STM32CubeIDE_1.14.0/STM32CubeIDE/plugins/com.st.stm32cube.ide.mcu.externaltools.gnu-tools-for-stm32.11.3.rel1.win32_1.1.100.202309141235/tools/bin/../lib/gcc/arm-none-eabi/11.3.1/../../../../arm-none-eabi/lib/thumb/v7-m/nofp\libc_nano.a(libc_a-sbrkr.o)
 .debug_frame   0x0000000000003498       0x20 C:/ST/STM32CubeIDE_1.14.0/STM32CubeIDE/plugins/com.st.stm32cube.ide.mcu.externaltools.gnu-tools-for-stm32.11.3.rel1.win32_1.1.100.202309141235/tools/bin/../lib/gcc/arm-none-eabi/11.3.1/../../../../arm-none-eabi/lib/thumb/v7-m/nofp\libc_nano.a(libc_a-errno.o)
 .debug_frame   0x00000000000034b8       0x2c C:/ST/STM32CubeIDE_1.14.0/STM32CubeIDE/plugins/com.st.stm32cube.ide.mcu.externaltools.gnu-tools-for-stm32.11.3.rel1.win32_1.1.100.202309141235/tools/bin/../lib/gcc/arm-none-eabi/11.3.1/../../../../arm-none-eabi/lib/thumb/v7-m/nofp\libc_nano.a(libc_a-init.o)
 .debug_frame   0x00000000000034e4       0xb0 C:/ST/STM32CubeIDE_1.14.0/STM32CubeIDE/plugins/com.st.stm32cube.ide.mcu.externaltools.gnu-tools-for-stm32.11.3.rel1.win32_1.1.100.202309141235/tools/bin/../lib/gcc/arm-none-eabi/11.3.1/../../../../arm-none-eabi/lib/thumb/v7-m/nofp\libc_nano.a(libc_a-lock.o)
 .debug_frame   0x0000000000003594       0x28 C:/ST/STM32CubeIDE_1.14.0/STM32CubeIDE/plugins/com.st.stm32cube.ide.mcu.externaltools.gnu-tools-for-stm32.11.3.rel1.win32_1.1.100.202309141235/tools/bin/../lib/gcc/arm-none-eabi/11.3.1/../../../../arm-none-eabi/lib/thumb/v7-m/nofp\libc_nano.a(libc_a-memcpy-stub.o)
 .debug_frame   0x00000000000035bc       0x38 C:/ST/STM32CubeIDE_1.14.0/STM32CubeIDE/plugins/com.st.stm32cube.ide.mcu.externaltools.gnu-tools-for-stm32.11.3.rel1.win32_1.1.100.202309141235/tools/bin/../lib/gcc/arm-none-eabi/11.3.1/../../../../arm-none-eabi/lib/thumb/v7-m/nofp\libc_nano.a(libc_a-freer.o)

.debug_line_str
                0x0000000000000000       0x63
 .debug_line_str
                0x0000000000000000       0x63 ./Core/Startup/startup_stm32f103retx.o
                                         0x7b (size before relaxing)
